Archive member included to satisfy reference by file (symbol)

/usr/local/Cellar/arm-none-eabi-gcc/10.3-2021.07/gcc/bin/../lib/gcc/arm-none-eabi/10.3.1/../../../../arm-none-eabi/lib/thumb/v7e-m+fp/hard/libc_nano.a(lib_a-exit.o)
                              /usr/local/Cellar/arm-none-eabi-gcc/10.3-2021.07/gcc/bin/../lib/gcc/arm-none-eabi/10.3.1/../../../../arm-none-eabi/lib/thumb/v7e-m+fp/hard/crt0.o (exit)
/usr/local/Cellar/arm-none-eabi-gcc/10.3-2021.07/gcc/bin/../lib/gcc/arm-none-eabi/10.3.1/../../../../arm-none-eabi/lib/thumb/v7e-m+fp/hard/libc_nano.a(lib_a-impure.o)
                              /usr/local/Cellar/arm-none-eabi-gcc/10.3-2021.07/gcc/bin/../lib/gcc/arm-none-eabi/10.3.1/../../../../arm-none-eabi/lib/thumb/v7e-m+fp/hard/libc_nano.a(lib_a-exit.o) (_global_impure_ptr)
/usr/local/Cellar/arm-none-eabi-gcc/10.3-2021.07/gcc/bin/../lib/gcc/arm-none-eabi/10.3.1/../../../../arm-none-eabi/lib/thumb/v7e-m+fp/hard/libc_nano.a(lib_a-init.o)
                              /usr/local/Cellar/arm-none-eabi-gcc/10.3-2021.07/gcc/bin/../lib/gcc/arm-none-eabi/10.3.1/../../../../arm-none-eabi/lib/thumb/v7e-m+fp/hard/crt0.o (__libc_init_array)
/usr/local/Cellar/arm-none-eabi-gcc/10.3-2021.07/gcc/bin/../lib/gcc/arm-none-eabi/10.3.1/../../../../arm-none-eabi/lib/thumb/v7e-m+fp/hard/libc_nano.a(lib_a-memset.o)
                              /usr/local/Cellar/arm-none-eabi-gcc/10.3-2021.07/gcc/bin/../lib/gcc/arm-none-eabi/10.3.1/../../../../arm-none-eabi/lib/thumb/v7e-m+fp/hard/crt0.o (memset)
/usr/local/Cellar/arm-none-eabi-gcc/10.3-2021.07/gcc/bin/../lib/gcc/arm-none-eabi/10.3.1/../../../../arm-none-eabi/lib/thumb/v7e-m+fp/hard/libnosys.a(_exit.o)
                              /usr/local/Cellar/arm-none-eabi-gcc/10.3-2021.07/gcc/bin/../lib/gcc/arm-none-eabi/10.3.1/../../../../arm-none-eabi/lib/thumb/v7e-m+fp/hard/libc_nano.a(lib_a-exit.o) (_exit)
/usr/local/Cellar/arm-none-eabi-gcc/10.3-2021.07/gcc/bin/../lib/gcc/arm-none-eabi/10.3.1/../../../../arm-none-eabi/lib/thumb/v7e-m+fp/hard/libc_nano.a(lib_a-memcpy-stub.o)
                              /var/folders/vb/jgxdfp997zncd3gd8bnywpm00000gn/T//cdc_msc.elf.3g6tUN.ltrans0.ltrans.o (memcpy)
/usr/local/Cellar/arm-none-eabi-gcc/10.3-2021.07/gcc/bin/../lib/gcc/arm-none-eabi/10.3.1/../../../../arm-none-eabi/lib/thumb/v7e-m+fp/hard/libc_nano.a(lib_a-memmove.o)
                              /var/folders/vb/jgxdfp997zncd3gd8bnywpm00000gn/T//cdc_msc.elf.3g6tUN.ltrans0.ltrans.o (memmove)
/usr/local/Cellar/arm-none-eabi-gcc/10.3-2021.07/gcc/bin/../lib/gcc/arm-none-eabi/10.3.1/../../../../arm-none-eabi/lib/thumb/v7e-m+fp/hard/libc_nano.a(lib_a-strlen.o)
                              /var/folders/vb/jgxdfp997zncd3gd8bnywpm00000gn/T//cdc_msc.elf.3g6tUN.ltrans0.ltrans.o (strlen)

Discarded input sections

 .text          0x0000000000000000        0x0 /usr/local/Cellar/arm-none-eabi-gcc/10.3-2021.07/gcc/bin/../lib/gcc/arm-none-eabi/10.3.1/thumb/v7e-m+fp/hard/crti.o
 .data          0x0000000000000000        0x0 /usr/local/Cellar/arm-none-eabi-gcc/10.3-2021.07/gcc/bin/../lib/gcc/arm-none-eabi/10.3.1/thumb/v7e-m+fp/hard/crti.o
 .bss           0x0000000000000000        0x0 /usr/local/Cellar/arm-none-eabi-gcc/10.3-2021.07/gcc/bin/../lib/gcc/arm-none-eabi/10.3.1/thumb/v7e-m+fp/hard/crti.o
 .text          0x0000000000000000       0x40 /usr/local/Cellar/arm-none-eabi-gcc/10.3-2021.07/gcc/bin/../lib/gcc/arm-none-eabi/10.3.1/thumb/v7e-m+fp/hard/crtbegin.o
 .data          0x0000000000000000        0x4 /usr/local/Cellar/arm-none-eabi-gcc/10.3-2021.07/gcc/bin/../lib/gcc/arm-none-eabi/10.3.1/thumb/v7e-m+fp/hard/crtbegin.o
 .bss           0x0000000000000000       0x1c /usr/local/Cellar/arm-none-eabi-gcc/10.3-2021.07/gcc/bin/../lib/gcc/arm-none-eabi/10.3.1/thumb/v7e-m+fp/hard/crtbegin.o
 .rodata        0x0000000000000000       0x24 /usr/local/Cellar/arm-none-eabi-gcc/10.3-2021.07/gcc/bin/../lib/gcc/arm-none-eabi/10.3.1/thumb/v7e-m+fp/hard/crtbegin.o
 .init_array    0x0000000000000000        0x4 /usr/local/Cellar/arm-none-eabi-gcc/10.3-2021.07/gcc/bin/../lib/gcc/arm-none-eabi/10.3.1/thumb/v7e-m+fp/hard/crtbegin.o
 .fini_array    0x0000000000000000        0x4 /usr/local/Cellar/arm-none-eabi-gcc/10.3-2021.07/gcc/bin/../lib/gcc/arm-none-eabi/10.3.1/thumb/v7e-m+fp/hard/crtbegin.o
 .eh_frame      0x0000000000000000        0x0 /usr/local/Cellar/arm-none-eabi-gcc/10.3-2021.07/gcc/bin/../lib/gcc/arm-none-eabi/10.3.1/thumb/v7e-m+fp/hard/crtbegin.o
 .ARM.attributes
                0x0000000000000000       0x34 /usr/local/Cellar/arm-none-eabi-gcc/10.3-2021.07/gcc/bin/../lib/gcc/arm-none-eabi/10.3.1/thumb/v7e-m+fp/hard/crtbegin.o
 .text          0x0000000000000000       0x7c /usr/local/Cellar/arm-none-eabi-gcc/10.3-2021.07/gcc/bin/../lib/gcc/arm-none-eabi/10.3.1/../../../../arm-none-eabi/lib/thumb/v7e-m+fp/hard/crt0.o
 .data          0x0000000000000000        0x0 /usr/local/Cellar/arm-none-eabi-gcc/10.3-2021.07/gcc/bin/../lib/gcc/arm-none-eabi/10.3.1/../../../../arm-none-eabi/lib/thumb/v7e-m+fp/hard/crt0.o
[...]
Memory Configuration

Name             Origin             Length             Attributes
FLASH            0x0000000000000000 0x0000000000040000 xr
SRAM             0x0000000020000000 0x0000000000008000 xrw
*default*        0x0000000000000000 0xffffffffffffffff

Linker script and memory map

LOAD /usr/local/Cellar/arm-none-eabi-gcc/10.3-2021.07/gcc/bin/../lib/gcc/arm-none-eabi/10.3.1/thumb/v7e-m+fp/hard/crti.o
LOAD /usr/local/Cellar/arm-none-eabi-gcc/10.3-2021.07/gcc/bin/../lib/gcc/arm-none-eabi/10.3.1/thumb/v7e-m+fp/hard/crtbegin.o
LOAD /usr/local/Cellar/arm-none-eabi-gcc/10.3-2021.07/gcc/bin/../lib/gcc/arm-none-eabi/10.3.1/../../../../arm-none-eabi/lib/thumb/v7e-m+fp/hard/crt0.o
                0x0000000020008000                _estack = 0x20008000
                0x0000000000000000                _Min_Heap_Size = 0x0
                0x0000000000001000                _Min_Stack_Size = 0x1000

.text           0x0000000000000000     0x2c0c
                0x0000000000000000                . = ALIGN (0x4)
 *(.vectors)
 .vectors       0x0000000000000000      0x26c /var/folders/vb/jgxdfp997zncd3gd8bnywpm00000gn/T//cdc_msc.elf.3g6tUN.ltrans0.ltrans.o
                0x0000000000000000                vectors
 *(.text)
 .text          0x000000000000026c       0x10 /usr/local/Cellar/arm-none-eabi-gcc/10.3-2021.07/gcc/bin/../lib/gcc/arm-none-eabi/10.3.1/../../../../arm-none-eabi/lib/thumb/v7e-m+fp/hard/libc_nano.a(lib_a-strlen.o)
                0x000000000000026c                strlen
 *(.text.*)
 .text.update_free_block_list
                0x000000000000027c       0x70 /var/folders/vb/jgxdfp997zncd3gd8bnywpm00000gn/T//cdc_msc.elf.3g6tUN.ltrans0.ltrans.o
 .text.pipe_write_packet
                0x00000000000002ec       0x3a /var/folders/vb/jgxdfp997zncd3gd8bnywpm00000gn/T//cdc_msc.elf.3g6tUN.ltrans0.ltrans.o
 .text.pipe_read_packet
                0x0000000000000326       0x3e /var/folders/vb/jgxdfp997zncd3gd8bnywpm00000gn/T//cdc_msc.elf.3g6tUN.ltrans0.ltrans.o
 .text.pipe_read_write_packet_ff
                0x0000000000000364       0x6c /var/folders/vb/jgxdfp997zncd3gd8bnywpm00000gn/T//cdc_msc.elf.3g6tUN.ltrans0.ltrans.o
 .text.handle_xfer_in
                0x00000000000003d0       0x9c /var/folders/vb/jgxdfp997zncd3gd8bnywpm00000gn/T//cdc_msc.elf.3g6tUN.ltrans0.ltrans.o
 .text.getOscClk
                0x000000000000046c       0x30 /var/folders/vb/jgxdfp997zncd3gd8bnywpm00000gn/T//cdc_msc.elf.3g6tUN.ltrans0.ltrans.o
 .text.Default_Handler
                0x000000000000049c        0x2 /var/folders/vb/jgxdfp997zncd3gd8bnywpm00000gn/T//cdc_msc.elf.3g6tUN.ltrans0.ltrans.o
 *fill*         0x000000000000049e        0x2 
 .text.SysTick_Handler
                0x00000000000004a0       0x10 /var/folders/vb/jgxdfp997zncd3gd8bnywpm00000gn/T//cdc_msc.elf.3g6tUN.ltrans0.ltrans.o
 .text.advance_index
                0x00000000000004b0       0x18 /var/folders/vb/jgxdfp997zncd3gd8bnywpm00000gn/T//cdc_msc.elf.3g6tUN.ltrans0.ltrans.o
 .text.tu_fifo_count
                0x00000000000004c8       0x20 /var/folders/vb/jgxdfp997zncd3gd8bnywpm00000gn/T//cdc_msc.elf.3g6tUN.ltrans0.ltrans.o
 .text.tu_fifo_remaining
                0x00000000000004e8       0x24 /var/folders/vb/jgxdfp997zncd3gd8bnywpm00000gn/T//cdc_msc.elf.3g6tUN.ltrans0.ltrans.o
 .text.tu_fifo_advance_write_pointer
                0x000000000000050c       0x14 /var/folders/vb/jgxdfp997zncd3gd8bnywpm00000gn/T//cdc_msc.elf.3g6tUN.ltrans0.ltrans.o
 .text.tu_fifo_advance_read_pointer
                0x0000000000000520       0x14 /var/folders/vb/jgxdfp997zncd3gd8bnywpm00000gn/T//cdc_msc.elf.3g6tUN.ltrans0.ltrans.o
 .text.tu_fifo_get_read_info
                0x0000000000000534       0x6c /var/folders/vb/jgxdfp997zncd3gd8bnywpm00000gn/T//cdc_msc.elf.3g6tUN.ltrans0.ltrans.o
 .text.tu_fifo_get_write_info
                0x00000000000005a0       0x60 /var/folders/vb/jgxdfp997zncd3gd8bnywpm00000gn/T//cdc_msc.elf.3g6tUN.ltrans0.ltrans.o
 .text.get_driver
                0x0000000000000600       0x40 /var/folders/vb/jgxdfp997zncd3gd8bnywpm00000gn/T//cdc_msc.elf.3g6tUN.ltrans0.ltrans.o
 .text.invoke_class_control
                0x0000000000000640       0x10 /var/folders/vb/jgxdfp997zncd3gd8bnywpm00000gn/T//cdc_msc.elf.3g6tUN.ltrans0.ltrans.o
 .text.usbd_int_set
                0x0000000000000650       0x20 /var/folders/vb/jgxdfp997zncd3gd8bnywpm00000gn/T//cdc_msc.elf.3g6tUN.ltrans0.ltrans.o
 .text.usbd_edpt_claim.constprop.0
                0x0000000000000670       0x48 /var/folders/vb/jgxdfp997zncd3gd8bnywpm00000gn/T//cdc_msc.elf.3g6tUN.ltrans0.ltrans.o
 .text.dcd_edpt_stall.constprop.0
                0x00000000000006b8       0x80 /var/folders/vb/jgxdfp997zncd3gd8bnywpm00000gn/T//cdc_msc.elf.3g6tUN.ltrans0.ltrans.o
 .text.usbd_edpt_stall.constprop.0
                0x0000000000000738       0x34 /var/folders/vb/jgxdfp997zncd3gd8bnywpm00000gn/T//cdc_msc.elf.3g6tUN.ltrans0.ltrans.o
 .text.usbd_edpt_release.constprop.0.isra.0
                0x000000000000076c       0x2c /var/folders/vb/jgxdfp997zncd3gd8bnywpm00000gn/T//cdc_msc.elf.3g6tUN.ltrans0.ltrans.o
 .text.fail_scsi_op.constprop.0.isra.0
                0x0000000000000798       0x4c /var/folders/vb/jgxdfp997zncd3gd8bnywpm00000gn/T//cdc_msc.elf.3g6tUN.ltrans0.ltrans.o
 .text.tu_fifo_write
                0x00000000000007e4       0x58 /var/folders/vb/jgxdfp997zncd3gd8bnywpm00000gn/T//cdc_msc.elf.3g6tUN.ltrans0.ltrans.o
 .text.dcd_event_handler
                0x000000000000083c       0xec /var/folders/vb/jgxdfp997zncd3gd8bnywpm00000gn/T//cdc_msc.elf.3g6tUN.ltrans0.ltrans.o
 .text.usbd_edpt_xfer.constprop.0
                0x0000000000000928      0x218 /var/folders/vb/jgxdfp997zncd3gd8bnywpm00000gn/T//cdc_msc.elf.3g6tUN.ltrans0.ltrans.o
 .text.proc_write10_cmd.constprop.0.isra.0
                0x0000000000000b40       0x3c /var/folders/vb/jgxdfp997zncd3gd8bnywpm00000gn/T//cdc_msc.elf.3g6tUN.ltrans0.ltrans.o
 .text._prep_out_transaction.isra.0
                0x0000000000000b7c       0x3e /var/folders/vb/jgxdfp997zncd3gd8bnywpm00000gn/T//cdc_msc.elf.3g6tUN.ltrans0.ltrans.o
 .text._status_stage_xact.isra.0
                0x0000000000000bba       0x14 /var/folders/vb/jgxdfp997zncd3gd8bnywpm00000gn/T//cdc_msc.elf.3g6tUN.ltrans0.ltrans.o
 *fill*         0x0000000000000bce        0x2 
 .text.tud_control_status.isra.0
                0x0000000000000bd0       0x24 /var/folders/vb/jgxdfp997zncd3gd8bnywpm00000gn/T//cdc_msc.elf.3g6tUN.ltrans0.ltrans.o
 .text.process_edpt_n.constprop.0
                0x0000000000000bf4      0x130 /var/folders/vb/jgxdfp997zncd3gd8bnywpm00000gn/T//cdc_msc.elf.3g6tUN.ltrans0.ltrans.o
 .text.USB0_Handler
                0x0000000000000d24      0x294 /var/folders/vb/jgxdfp997zncd3gd8bnywpm00000gn/T//cdc_msc.elf.3g6tUN.ltrans0.ltrans.o
 .text._data_stage_xact.isra.0
                0x0000000000000fb8       0x54 /var/folders/vb/jgxdfp997zncd3gd8bnywpm00000gn/T//cdc_msc.elf.3g6tUN.ltrans0.ltrans.o
 .text.tud_control_xfer.isra.0
                0x000000000000100c       0x64 /var/folders/vb/jgxdfp997zncd3gd8bnywpm00000gn/T//cdc_msc.elf.3g6tUN.ltrans0.ltrans.o
 .text.cdcd_control_xfer_cb
                0x0000000000001070       0xa8 /var/folders/vb/jgxdfp997zncd3gd8bnywpm00000gn/T//cdc_msc.elf.3g6tUN.ltrans0.ltrans.o
 .text.mscd_control_xfer_cb
                0x0000000000001118      0x114 /var/folders/vb/jgxdfp997zncd3gd8bnywpm00000gn/T//cdc_msc.elf.3g6tUN.ltrans0.ltrans.o
 .text.configuration_reset
                0x000000000000122c       0x64 /var/folders/vb/jgxdfp997zncd3gd8bnywpm00000gn/T//cdc_msc.elf.3g6tUN.ltrans0.ltrans.o
 .text.cdcd_init
                0x0000000000001290       0x50 /var/folders/vb/jgxdfp997zncd3gd8bnywpm00000gn/T//cdc_msc.elf.3g6tUN.ltrans0.ltrans.o
 .text.cdcd_reset
                0x00000000000012e0       0x24 /var/folders/vb/jgxdfp997zncd3gd8bnywpm00000gn/T//cdc_msc.elf.3g6tUN.ltrans0.ltrans.o
 .text.mscd_init
                0x0000000000001304       0x10 /var/folders/vb/jgxdfp997zncd3gd8bnywpm00000gn/T//cdc_msc.elf.3g6tUN.ltrans0.ltrans.o
 .text.mscd_reset
                0x0000000000001314       0x10 /var/folders/vb/jgxdfp997zncd3gd8bnywpm00000gn/T//cdc_msc.elf.3g6tUN.ltrans0.ltrans.o
 .text.proc_read10_cmd.constprop.0
                0x0000000000001324       0xb8 /var/folders/vb/jgxdfp997zncd3gd8bnywpm00000gn/T//cdc_msc.elf.3g6tUN.ltrans0.ltrans.o
 .text.mscd_xfer_cb
                0x00000000000013dc      0x480 /var/folders/vb/jgxdfp997zncd3gd8bnywpm00000gn/T//cdc_msc.elf.3g6tUN.ltrans0.ltrans.o
 .text.usbd_edpt_open.constprop.0
                0x000000000000185c      0x1fc /var/folders/vb/jgxdfp997zncd3gd8bnywpm00000gn/T//cdc_msc.elf.3g6tUN.ltrans0.ltrans.o
 .text.usbd_open_edpt_pair.constprop.0.isra.0
                0x0000000000001a58       0x5a /var/folders/vb/jgxdfp997zncd3gd8bnywpm00000gn/T//cdc_msc.elf.3g6tUN.ltrans0.ltrans.o
 *fill*         0x0000000000001ab2        0x2 
 .text.cdcd_open
                0x0000000000001ab4       0x94 /var/folders/vb/jgxdfp997zncd3gd8bnywpm00000gn/T//cdc_msc.elf.3g6tUN.ltrans0.ltrans.o
 .text.mscd_open
                0x0000000000001b48       0x84 /var/folders/vb/jgxdfp997zncd3gd8bnywpm00000gn/T//cdc_msc.elf.3g6tUN.ltrans0.ltrans.o
 .text._tu_fifo_read_n.constprop.0
                0x0000000000001bcc       0x9c /var/folders/vb/jgxdfp997zncd3gd8bnywpm00000gn/T//cdc_msc.elf.3g6tUN.ltrans0.ltrans.o
 .text.tud_cdc_n_write_flush.constprop.0
                0x0000000000001c68       0x6c /var/folders/vb/jgxdfp997zncd3gd8bnywpm00000gn/T//cdc_msc.elf.3g6tUN.ltrans0.ltrans.o
 .text._tu_fifo_write_n.part.0.constprop.0.isra.0
                0x0000000000001cd4       0xe8 /var/folders/vb/jgxdfp997zncd3gd8bnywpm00000gn/T//cdc_msc.elf.3g6tUN.ltrans0.ltrans.o
 .text.cdcd_xfer_cb
                0x0000000000001dbc       0xe0 /var/folders/vb/jgxdfp997zncd3gd8bnywpm00000gn/T//cdc_msc.elf.3g6tUN.ltrans0.ltrans.o
 .text.startup.main
                0x0000000000001e9c      0xad0 /var/folders/vb/jgxdfp997zncd3gd8bnywpm00000gn/T//cdc_msc.elf.3g6tUN.ltrans0.ltrans.o
                0x0000000000001e9c                main
 .text.Reset_Handler
                0x000000000000296c       0xb8 /var/folders/vb/jgxdfp997zncd3gd8bnywpm00000gn/T//cdc_msc.elf.3g6tUN.ltrans0.ltrans.o
                0x000000000000296c                Reset_Handler
 .text.memset   0x0000000000002a24       0x10 /usr/local/Cellar/arm-none-eabi-gcc/10.3-2021.07/gcc/bin/../lib/gcc/arm-none-eabi/10.3.1/../../../../arm-none-eabi/lib/thumb/v7e-m+fp/hard/libc_nano.a(lib_a-memset.o)
                0x0000000000002a24                memset
 .text.memcpy   0x0000000000002a34       0x1c /usr/local/Cellar/arm-none-eabi-gcc/10.3-2021.07/gcc/bin/../lib/gcc/arm-none-eabi/10.3.1/../../../../arm-none-eabi/lib/thumb/v7e-m+fp/hard/libc_nano.a(lib_a-memcpy-stub.o)
                0x0000000000002a34                memcpy
 .text.memmove  0x0000000000002a50       0x34 /usr/local/Cellar/arm-none-eabi-gcc/10.3-2021.07/gcc/bin/../lib/gcc/arm-none-eabi/10.3.1/../../../../arm-none-eabi/lib/thumb/v7e-m+fp/hard/libc_nano.a(lib_a-memmove.o)
                0x0000000000002a50                memmove
 *(.init)
 .init          0x0000000000002a84        0x4 /usr/local/Cellar/arm-none-eabi-gcc/10.3-2021.07/gcc/bin/../lib/gcc/arm-none-eabi/10.3.1/thumb/v7e-m+fp/hard/crti.o
                0x0000000000002a84                _init
 *(.fini)
 .fini          0x0000000000002a88        0x4 /usr/local/Cellar/arm-none-eabi-gcc/10.3-2021.07/gcc/bin/../lib/gcc/arm-none-eabi/10.3.1/thumb/v7e-m+fp/hard/crti.o
                0x0000000000002a88                _fini
 *(.rodata)
 *(.rodata.*)
 .rodata.mscd_xfer_cb.str1.1
                0x0000000000002a8c       0x15 /var/folders/vb/jgxdfp997zncd3gd8bnywpm00000gn/T//cdc_msc.elf.3g6tUN.ltrans0.ltrans.o
 .rodata.str1.1
                0x0000000000002aa1       0x34 /var/folders/vb/jgxdfp997zncd3gd8bnywpm00000gn/T//cdc_msc.elf.3g6tUN.ltrans0.ltrans.o
 *fill*         0x0000000000002ad5        0x3 
 .rodata.CSWTCH.6
                0x0000000000002ad8       0x5c /var/folders/vb/jgxdfp997zncd3gd8bnywpm00000gn/T//cdc_msc.elf.3g6tUN.ltrans0.ltrans.o
 .rodata.__compound_literal.0
                0x0000000000002b34        0x2 /var/folders/vb/jgxdfp997zncd3gd8bnywpm00000gn/T//cdc_msc.elf.3g6tUN.ltrans0.ltrans.o
 *fill*         0x0000000000002b36        0x2 
 .rodata._usbd_driver
                0x0000000000002b38       0x30 /var/folders/vb/jgxdfp997zncd3gd8bnywpm00000gn/T//cdc_msc.elf.3g6tUN.ltrans0.ltrans.o
 .rodata.desc_device
                0x0000000000002b68       0x12 /var/folders/vb/jgxdfp997zncd3gd8bnywpm00000gn/T//cdc_msc.elf.3g6tUN.ltrans0.ltrans.o
 .rodata.desc_fs_configuration
                0x0000000000002b7a       0x62 /var/folders/vb/jgxdfp997zncd3gd8bnywpm00000gn/T//cdc_msc.elf.3g6tUN.ltrans0.ltrans.o
 .rodata.ops.0  0x0000000000002bdc       0x18 /var/folders/vb/jgxdfp997zncd3gd8bnywpm00000gn/T//cdc_msc.elf.3g6tUN.ltrans0.ltrans.o
 .rodata.string_desc_arr
                0x0000000000002bf4       0x18 /var/folders/vb/jgxdfp997zncd3gd8bnywpm00000gn/T//cdc_msc.elf.3g6tUN.ltrans0.ltrans.o
                0x0000000000002c0c                . = ALIGN (0x4)
                0x0000000000002c0c                __end_text = .

.glue_7         0x0000000000002c0c        0x0
 .glue_7        0x0000000000002c0c        0x0 linker stubs

.glue_7t        0x0000000000002c0c        0x0
 .glue_7t       0x0000000000002c0c        0x0 linker stubs

.vfp11_veneer   0x0000000000002c0c        0x0
 .vfp11_veneer  0x0000000000002c0c        0x0 linker stubs

.v4_bx          0x0000000000002c0c        0x0
 .v4_bx         0x0000000000002c0c        0x0 linker stubs

.iplt           0x0000000000002c0c        0x0
 .iplt          0x0000000000002c0c        0x0 /var/folders/vb/jgxdfp997zncd3gd8bnywpm00000gn/T//cdc_msc.elf.3g6tUN.ltrans0.ltrans.o

.rel.dyn        0x0000000000002c0c        0x0
 .rel.iplt      0x0000000000002c0c        0x0 /var/folders/vb/jgxdfp997zncd3gd8bnywpm00000gn/T//cdc_msc.elf.3g6tUN.ltrans0.ltrans.o

.data           0x0000000020000000     0x201c load address 0x0000000000002c0c
                0x0000000020000000                . = ALIGN (0x4)
                0x0000000020000000                __start_data = .
                0x0000000000002c0c                __la_data = LOADADDR (.data)
 *(.data)
 *(.data.*)
 .data.SystemCoreClock
                0x0000000020000000        0x4 /var/folders/vb/jgxdfp997zncd3gd8bnywpm00000gn/T//cdc_msc.elf.3g6tUN.ltrans0.ltrans.o
 .data._usbd_qdef
                0x0000000020000004       0x10 /var/folders/vb/jgxdfp997zncd3gd8bnywpm00000gn/T//cdc_msc.elf.3g6tUN.ltrans0.ltrans.o
 .data._usbd_rhport
                0x0000000020000014        0x1 /var/folders/vb/jgxdfp997zncd3gd8bnywpm00000gn/T//cdc_msc.elf.3g6tUN.ltrans0.ltrans.o
 *fill*         0x0000000020000015        0x3 
 .data.blink_interval_ms
                0x0000000020000018        0x4 /var/folders/vb/jgxdfp997zncd3gd8bnywpm00000gn/T//cdc_msc.elf.3g6tUN.ltrans0.ltrans.o
 .data.msc_disk
                0x000000002000001c     0x2000 /var/folders/vb/jgxdfp997zncd3gd8bnywpm00000gn/T//cdc_msc.elf.3g6tUN.ltrans0.ltrans.o
                0x000000002000201c                . = ALIGN (0x4)
                0x000000002000201c                __end_data = .

.igot.plt       0x000000002000201c        0x0 load address 0x0000000000004c28
 .igot.plt      0x000000002000201c        0x0 /var/folders/vb/jgxdfp997zncd3gd8bnywpm00000gn/T//cdc_msc.elf.3g6tUN.ltrans0.ltrans.o

.bss            0x000000002000201c      0x590 load address 0x0000000000004c28
                0x000000002000201c                . = ALIGN (0x4)
                0x000000002000201c                __start_bss = .
                0x000000002000201c                __bss_start__ = __start_bss
 *(.bss)
 *(.bss.*)
 .bss._app_driver
                0x000000002000201c        0x4 /var/folders/vb/jgxdfp997zncd3gd8bnywpm00000gn/T//cdc_msc.elf.3g6tUN.ltrans0.ltrans.o
 .bss._app_driver_count
                0x0000000020002020        0x1 /var/folders/vb/jgxdfp997zncd3gd8bnywpm00000gn/T//cdc_msc.elf.3g6tUN.ltrans0.ltrans.o
 *fill*         0x0000000020002021        0x3 
 .bss._cdcd_itf
                0x0000000020002024      0x128 /var/folders/vb/jgxdfp997zncd3gd8bnywpm00000gn/T//cdc_msc.elf.3g6tUN.ltrans0.ltrans.o
 .bss._ctrl_xfer
                0x000000002000214c       0x14 /var/folders/vb/jgxdfp997zncd3gd8bnywpm00000gn/T//cdc_msc.elf.3g6tUN.ltrans0.ltrans.o
 .bss._dcd      0x0000000020002160       0x88 /var/folders/vb/jgxdfp997zncd3gd8bnywpm00000gn/T//cdc_msc.elf.3g6tUN.ltrans0.ltrans.o
 .bss._desc_str
                0x00000000200021e8       0x40 /var/folders/vb/jgxdfp997zncd3gd8bnywpm00000gn/T//cdc_msc.elf.3g6tUN.ltrans0.ltrans.o
 .bss._mscd_buf
                0x0000000020002228      0x200 /var/folders/vb/jgxdfp997zncd3gd8bnywpm00000gn/T//cdc_msc.elf.3g6tUN.ltrans0.ltrans.o
 .bss._mscd_itf
                0x0000000020002428       0x40 /var/folders/vb/jgxdfp997zncd3gd8bnywpm00000gn/T//cdc_msc.elf.3g6tUN.ltrans0.ltrans.o
 .bss._usbd_ctrl_buf
                0x0000000020002468       0x40 /var/folders/vb/jgxdfp997zncd3gd8bnywpm00000gn/T//cdc_msc.elf.3g6tUN.ltrans0.ltrans.o
 .bss._usbd_dev
                0x00000000200024a8       0x33 /var/folders/vb/jgxdfp997zncd3gd8bnywpm00000gn/T//cdc_msc.elf.3g6tUN.ltrans0.ltrans.o
 *fill*         0x00000000200024db        0x1 
 .bss._usbd_q   0x00000000200024dc        0x4 /var/folders/vb/jgxdfp997zncd3gd8bnywpm00000gn/T//cdc_msc.elf.3g6tUN.ltrans0.ltrans.o
 .bss._usbd_qdef_buf
                0x00000000200024e0       0xc0 /var/folders/vb/jgxdfp997zncd3gd8bnywpm00000gn/T//cdc_msc.elf.3g6tUN.ltrans0.ltrans.o
 .bss.ejected   0x00000000200025a0        0x1 /var/folders/vb/jgxdfp997zncd3gd8bnywpm00000gn/T//cdc_msc.elf.3g6tUN.ltrans0.ltrans.o
 .bss.led_state.0
                0x00000000200025a1        0x1 /var/folders/vb/jgxdfp997zncd3gd8bnywpm00000gn/T//cdc_msc.elf.3g6tUN.ltrans0.ltrans.o
 *fill*         0x00000000200025a2        0x2 
 .bss.start_ms.1
                0x00000000200025a4        0x4 /var/folders/vb/jgxdfp997zncd3gd8bnywpm00000gn/T//cdc_msc.elf.3g6tUN.ltrans0.ltrans.o
 .bss.system_ticks
                0x00000000200025a8        0x4 /var/folders/vb/jgxdfp997zncd3gd8bnywpm00000gn/T//cdc_msc.elf.3g6tUN.ltrans0.ltrans.o
 *(.COMMON)
                0x00000000200025ac                __end_bss = .
                0x00000000200025ac                . = ALIGN (0x4)

._user_heap_stack
                0x00000000200025ac     0x1004 load address 0x00000000000051b8
                0x00000000200025b0                . = ALIGN (0x8)
 *fill*         0x00000000200025ac        0x4 
                [!provide]                        PROVIDE (end = .)
                [!provide]                        PROVIDE (_end = .)
                0x00000000200025b0                . = (. + _Min_Heap_Size)
                0x00000000200035b0                . = (. + _Min_Stack_Size)
 *fill*         0x00000000200025b0     0x1000 
                0x00000000200035b0                . = ALIGN (0x8)
LOAD _build/ek-tm4c123gxl/obj/src/portable/mentor/musb/dcd_musb.o
LOAD /var/folders/vb/jgxdfp997zncd3gd8bnywpm00000gn/T//cdc_msc.elf.3g6tUN.ltrans0.ltrans.o
LOAD /var/folders/vb/jgxdfp997zncd3gd8bnywpm00000gn/T//ccAayD2i.debug.temp.o
LOAD /var/folders/vb/jgxdfp997zncd3gd8bnywpm00000gn/T//ccCGTt3b.debug.temp.o
LOAD /var/folders/vb/jgxdfp997zncd3gd8bnywpm00000gn/T//ccLuWO7a.debug.temp.o
LOAD /var/folders/vb/jgxdfp997zncd3gd8bnywpm00000gn/T//ccHsspNc.debug.temp.o
LOAD /var/folders/vb/jgxdfp997zncd3gd8bnywpm00000gn/T//ccQMWDHm.debug.temp.o
LOAD /var/folders/vb/jgxdfp997zncd3gd8bnywpm00000gn/T//ccXA3LXG.debug.temp.o
LOAD /var/folders/vb/jgxdfp997zncd3gd8bnywpm00000gn/T//ccq6iLxT.debug.temp.o
LOAD /var/folders/vb/jgxdfp997zncd3gd8bnywpm00000gn/T//cciyPg6Y.debug.temp.o
LOAD /var/folders/vb/jgxdfp997zncd3gd8bnywpm00000gn/T//cc29OOBw.debug.temp.o
LOAD /var/folders/vb/jgxdfp997zncd3gd8bnywpm00000gn/T//cc4nD0Im.debug.temp.o
LOAD /var/folders/vb/jgxdfp997zncd3gd8bnywpm00000gn/T//ccv3EGmj.debug.temp.o
LOAD /var/folders/vb/jgxdfp997zncd3gd8bnywpm00000gn/T//ccqXhEpI.debug.temp.o
LOAD /var/folders/vb/jgxdfp997zncd3gd8bnywpm00000gn/T//ccoMQZzR.debug.temp.o
LOAD /var/folders/vb/jgxdfp997zncd3gd8bnywpm00000gn/T//ccUFlSwZ.debug.temp.o
LOAD /var/folders/vb/jgxdfp997zncd3gd8bnywpm00000gn/T//ccDvNxYV.debug.temp.o
LOAD /var/folders/vb/jgxdfp997zncd3gd8bnywpm00000gn/T//ccwOZ5Uz.debug.temp.o
LOAD /var/folders/vb/jgxdfp997zncd3gd8bnywpm00000gn/T//cc8HblLN.debug.temp.o
LOAD /var/folders/vb/jgxdfp997zncd3gd8bnywpm00000gn/T//ccVec2cP.debug.temp.o
LOAD /var/folders/vb/jgxdfp997zncd3gd8bnywpm00000gn/T//cc85oqXu.debug.temp.o
LOAD /var/folders/vb/jgxdfp997zncd3gd8bnywpm00000gn/T//cccFj1Fk.debug.temp.o
LOAD /var/folders/vb/jgxdfp997zncd3gd8bnywpm00000gn/T//cc5w2GJ4.debug.temp.o
LOAD /var/folders/vb/jgxdfp997zncd3gd8bnywpm00000gn/T//ccUiYWGn.debug.temp.o
LOAD /var/folders/vb/jgxdfp997zncd3gd8bnywpm00000gn/T//ccGoZdI0.debug.temp.o
LOAD /var/folders/vb/jgxdfp997zncd3gd8bnywpm00000gn/T//ccAKL6QU.debug.temp.o
LOAD /var/folders/vb/jgxdfp997zncd3gd8bnywpm00000gn/T//ccNoV6IJ.debug.temp.o
LOAD _build/ek-tm4c123gxl/obj/src/portable/mentor/musb/hcd_musb.o
LOAD _build/ek-tm4c123gxl/obj/hw/mcu/ti/tm4c123xx//Source/system_TM4C123.o
LOAD _build/ek-tm4c123gxl/obj/hw/mcu/ti/tm4c123xx//Source/GCC/tm4c123_startup.o
LOAD _build/ek-tm4c123gxl/obj/hw/bsp/tm4c123/family.o
LOAD _build/ek-tm4c123gxl/obj/hw/bsp/board.o
LOAD _build/ek-tm4c123gxl/obj/examples/device/cdc_msc/src/main.o
LOAD _build/ek-tm4c123gxl/obj/examples/device/cdc_msc/src/msc_disk.o
LOAD _build/ek-tm4c123gxl/obj/examples/device/cdc_msc/src/usb_descriptors.o
LOAD _build/ek-tm4c123gxl/obj/src/tusb.o
LOAD _build/ek-tm4c123gxl/obj/src/common/tusb_fifo.o
LOAD _build/ek-tm4c123gxl/obj/src/device/usbd.o
LOAD _build/ek-tm4c123gxl/obj/src/device/usbd_control.o
LOAD _build/ek-tm4c123gxl/obj/src/class/audio/audio_device.o
LOAD _build/ek-tm4c123gxl/obj/src/class/cdc/cdc_device.o
LOAD _build/ek-tm4c123gxl/obj/src/class/dfu/dfu_device.o
LOAD _build/ek-tm4c123gxl/obj/src/class/dfu/dfu_rt_device.o
LOAD _build/ek-tm4c123gxl/obj/src/class/hid/hid_device.o
LOAD _build/ek-tm4c123gxl/obj/src/class/midi/midi_device.o
LOAD _build/ek-tm4c123gxl/obj/src/class/msc/msc_device.o
LOAD _build/ek-tm4c123gxl/obj/src/class/net/ecm_rndis_device.o
LOAD _build/ek-tm4c123gxl/obj/src/class/net/ncm_device.o
LOAD _build/ek-tm4c123gxl/obj/src/class/usbtmc/usbtmc_device.o
LOAD _build/ek-tm4c123gxl/obj/src/class/video/video_device.o
LOAD _build/ek-tm4c123gxl/obj/src/class/vendor/vendor_device.o
START GROUP
LOAD /usr/local/Cellar/arm-none-eabi-gcc/10.3-2021.07/gcc/bin/../lib/gcc/arm-none-eabi/10.3.1/thumb/v7e-m+fp/hard/libgcc.a
LOAD /usr/local/Cellar/arm-none-eabi-gcc/10.3-2021.07/gcc/bin/../lib/gcc/arm-none-eabi/10.3.1/../../../../arm-none-eabi/lib/thumb/v7e-m+fp/hard/libm.a
LOAD /usr/local/Cellar/arm-none-eabi-gcc/10.3-2021.07/gcc/bin/../lib/gcc/arm-none-eabi/10.3.1/../../../../arm-none-eabi/lib/thumb/v7e-m+fp/hard/libnosys.a
LOAD /usr/local/Cellar/arm-none-eabi-gcc/10.3-2021.07/gcc/bin/../lib/gcc/arm-none-eabi/10.3.1/../../../../arm-none-eabi/lib/thumb/v7e-m+fp/hard/libc_nano.a
END GROUP
START GROUP
LOAD /usr/local/Cellar/arm-none-eabi-gcc/10.3-2021.07/gcc/bin/../lib/gcc/arm-none-eabi/10.3.1/thumb/v7e-m+fp/hard/libgcc.a
LOAD /usr/local/Cellar/arm-none-eabi-gcc/10.3-2021.07/gcc/bin/../lib/gcc/arm-none-eabi/10.3.1/../../../../arm-none-eabi/lib/thumb/v7e-m+fp/hard/libg_nano.a
LOAD /usr/local/Cellar/arm-none-eabi-gcc/10.3-2021.07/gcc/bin/../lib/gcc/arm-none-eabi/10.3.1/../../../../arm-none-eabi/lib/thumb/v7e-m+fp/hard/libc_nano.a
END GROUP
START GROUP
LOAD /usr/local/Cellar/arm-none-eabi-gcc/10.3-2021.07/gcc/bin/../lib/gcc/arm-none-eabi/10.3.1/thumb/v7e-m+fp/hard/libgcc.a
LOAD /usr/local/Cellar/arm-none-eabi-gcc/10.3-2021.07/gcc/bin/../lib/gcc/arm-none-eabi/10.3.1/../../../../arm-none-eabi/lib/thumb/v7e-m+fp/hard/libc_nano.a
LOAD /usr/local/Cellar/arm-none-eabi-gcc/10.3-2021.07/gcc/bin/../lib/gcc/arm-none-eabi/10.3.1/../../../../arm-none-eabi/lib/thumb/v7e-m+fp/hard/libnosys.a
END GROUP
START GROUP
LOAD /usr/local/Cellar/arm-none-eabi-gcc/10.3-2021.07/gcc/bin/../lib/gcc/arm-none-eabi/10.3.1/thumb/v7e-m+fp/hard/libgcc.a
LOAD /usr/local/Cellar/arm-none-eabi-gcc/10.3-2021.07/gcc/bin/../lib/gcc/arm-none-eabi/10.3.1/../../../../arm-none-eabi/lib/thumb/v7e-m+fp/hard/libc_nano.a
LOAD /usr/local/Cellar/arm-none-eabi-gcc/10.3-2021.07/gcc/bin/../lib/gcc/arm-none-eabi/10.3.1/../../../../arm-none-eabi/lib/thumb/v7e-m+fp/hard/libnosys.a
END GROUP
LOAD /usr/local/Cellar/arm-none-eabi-gcc/10.3-2021.07/gcc/bin/../lib/gcc/arm-none-eabi/10.3.1/thumb/v7e-m+fp/hard/crtend.o
LOAD /usr/local/Cellar/arm-none-eabi-gcc/10.3-2021.07/gcc/bin/../lib/gcc/arm-none-eabi/10.3.1/thumb/v7e-m+fp/hard/crtn.o
OUTPUT(_build/ek-tm4c123gxl/cdc_msc.elf elf32-littlearm)
LOAD linker stubs

.ARM.attributes
                0x0000000000000000       0x30
 .ARM.attributes
                0x0000000000000000       0x1e /usr/local/Cellar/arm-none-eabi-gcc/10.3-2021.07/gcc/bin/../lib/gcc/arm-none-eabi/10.3.1/thumb/v7e-m+fp/hard/crti.o
 .ARM.attributes
                0x000000000000001e       0x32 /var/folders/vb/jgxdfp997zncd3gd8bnywpm00000gn/T//cdc_msc.elf.3g6tUN.ltrans0.ltrans.o
 .ARM.attributes
                0x0000000000000050       0x34 /usr/local/Cellar/arm-none-eabi-gcc/10.3-2021.07/gcc/bin/../lib/gcc/arm-none-eabi/10.3.1/../../../../arm-none-eabi/lib/thumb/v7e-m+fp/hard/libc_nano.a(lib_a-memset.o)
 .ARM.attributes
                0x0000000000000084       0x34 /usr/local/Cellar/arm-none-eabi-gcc/10.3-2021.07/gcc/bin/../lib/gcc/arm-none-eabi/10.3.1/../../../../arm-none-eabi/lib/thumb/v7e-m+fp/hard/libc_nano.a(lib_a-memcpy-stub.o)
 .ARM.attributes
                0x00000000000000b8       0x34 /usr/local/Cellar/arm-none-eabi-gcc/10.3-2021.07/gcc/bin/../lib/gcc/arm-none-eabi/10.3.1/../../../../arm-none-eabi/lib/thumb/v7e-m+fp/hard/libc_nano.a(lib_a-memmove.o)
 .ARM.attributes
                0x00000000000000ec       0x17 /usr/local/Cellar/arm-none-eabi-gcc/10.3-2021.07/gcc/bin/../lib/gcc/arm-none-eabi/10.3.1/../../../../arm-none-eabi/lib/thumb/v7e-m+fp/hard/libc_nano.a(lib_a-strlen.o)

.comment        0x0000000000000000       0x49
 .comment       0x0000000000000000       0x49 /var/folders/vb/jgxdfp997zncd3gd8bnywpm00000gn/T//cdc_msc.elf.3g6tUN.ltrans0.ltrans.o
                                         0x4a (size before relaxing)

.debug_info     0x0000000000000000    0x120e5
 .debug_info    0x0000000000000000     0x66c4 /var/folders/vb/jgxdfp997zncd3gd8bnywpm00000gn/T//cdc_msc.elf.3g6tUN.ltrans0.ltrans.o
 .debug_info    0x00000000000066c4     0x2b00 /var/folders/vb/jgxdfp997zncd3gd8bnywpm00000gn/T//ccAayD2i.debug.temp.o
                0x00000000000066c4                dcd_musb.c.3f522c01
 .debug_info    0x00000000000091c4      0xedb /var/folders/vb/jgxdfp997zncd3gd8bnywpm00000gn/T//ccLuWO7a.debug.temp.o
                0x00000000000091c4                system_TM4C123.c.37d604c7
 .debug_info    0x000000000000a09f      0x2e8 /var/folders/vb/jgxdfp997zncd3gd8bnywpm00000gn/T//ccHsspNc.debug.temp.o
                0x000000000000a09f                tm4c123_startup.c.92a84e19
 .debug_info    0x000000000000a387     0x1791 /var/folders/vb/jgxdfp997zncd3gd8bnywpm00000gn/T//ccQMWDHm.debug.temp.o
                0x000000000000a387                family.c.9c5a0a3e
 .debug_info    0x000000000000bb18      0x13a /var/folders/vb/jgxdfp997zncd3gd8bnywpm00000gn/T//ccXA3LXG.debug.temp.o
                0x000000000000bb18                board.c.06ed8d0c
 .debug_info    0x000000000000bc52      0x236 /var/folders/vb/jgxdfp997zncd3gd8bnywpm00000gn/T//ccq6iLxT.debug.temp.o
                0x000000000000bc52                main.c.99ac6986
 .debug_info    0x000000000000be88      0x41b /var/folders/vb/jgxdfp997zncd3gd8bnywpm00000gn/T//cciyPg6Y.debug.temp.o
                0x000000000000be88                msc_disk.c.b805b980
 .debug_info    0x000000000000c2a3      0x5c4 /var/folders/vb/jgxdfp997zncd3gd8bnywpm00000gn/T//cc29OOBw.debug.temp.o
                0x000000000000c2a3                usb_descriptors.c.7fd1aee8
 .debug_info    0x000000000000c867      0xb0b /var/folders/vb/jgxdfp997zncd3gd8bnywpm00000gn/T//cc4nD0Im.debug.temp.o
                0x000000000000c867                tusb.c.4f62cec3
 .debug_info    0x000000000000d372      0xc32 /var/folders/vb/jgxdfp997zncd3gd8bnywpm00000gn/T//ccv3EGmj.debug.temp.o
                0x000000000000d372                tusb_fifo.c.c8514849
 .debug_info    0x000000000000dfa4     0x1969 /var/folders/vb/jgxdfp997zncd3gd8bnywpm00000gn/T//ccqXhEpI.debug.temp.o
                0x000000000000dfa4                usbd.c.a530872b
 .debug_info    0x000000000000f90d      0x54a /var/folders/vb/jgxdfp997zncd3gd8bnywpm00000gn/T//ccoMQZzR.debug.temp.o
                0x000000000000f90d                usbd_control.c.481c8827
 .debug_info    0x000000000000fe57      0xcfd /var/folders/vb/jgxdfp997zncd3gd8bnywpm00000gn/T//ccDvNxYV.debug.temp.o
                0x000000000000fe57                cdc_device.c.77fc7cfd
 .debug_info    0x0000000000010b54     0x1591 /var/folders/vb/jgxdfp997zncd3gd8bnywpm00000gn/T//cccFj1Fk.debug.temp.o
                0x0000000000010b54                msc_device.c.b7df4065

.debug_abbrev   0x0000000000000000     0x1d81
 .debug_abbrev  0x0000000000000000      0x361 /var/folders/vb/jgxdfp997zncd3gd8bnywpm00000gn/T//cdc_msc.elf.3g6tUN.ltrans0.ltrans.o
 .debug_abbrev  0x0000000000000361      0x31e /var/folders/vb/jgxdfp997zncd3gd8bnywpm00000gn/T//ccAayD2i.debug.temp.o
 .debug_abbrev  0x000000000000067f      0x137 /var/folders/vb/jgxdfp997zncd3gd8bnywpm00000gn/T//ccLuWO7a.debug.temp.o
 .debug_abbrev  0x00000000000007b6      0x109 /var/folders/vb/jgxdfp997zncd3gd8bnywpm00000gn/T//ccHsspNc.debug.temp.o
 .debug_abbrev  0x00000000000008bf      0x28f /var/folders/vb/jgxdfp997zncd3gd8bnywpm00000gn/T//ccQMWDHm.debug.temp.o
 .debug_abbrev  0x0000000000000b4e       0x85 /var/folders/vb/jgxdfp997zncd3gd8bnywpm00000gn/T//ccXA3LXG.debug.temp.o
 .debug_abbrev  0x0000000000000bd3      0x12c /var/folders/vb/jgxdfp997zncd3gd8bnywpm00000gn/T//ccq6iLxT.debug.temp.o
 .debug_abbrev  0x0000000000000cff      0x106 /var/folders/vb/jgxdfp997zncd3gd8bnywpm00000gn/T//cciyPg6Y.debug.temp.o
 .debug_abbrev  0x0000000000000e05      0x11c /var/folders/vb/jgxdfp997zncd3gd8bnywpm00000gn/T//cc29OOBw.debug.temp.o
 .debug_abbrev  0x0000000000000f21      0x246 /var/folders/vb/jgxdfp997zncd3gd8bnywpm00000gn/T//cc4nD0Im.debug.temp.o
 .debug_abbrev  0x0000000000001167      0x1bb /var/folders/vb/jgxdfp997zncd3gd8bnywpm00000gn/T//ccv3EGmj.debug.temp.o
 .debug_abbrev  0x0000000000001322      0x2cc /var/folders/vb/jgxdfp997zncd3gd8bnywpm00000gn/T//ccqXhEpI.debug.temp.o
 .debug_abbrev  0x00000000000015ee      0x1ef /var/folders/vb/jgxdfp997zncd3gd8bnywpm00000gn/T//ccoMQZzR.debug.temp.o
 .debug_abbrev  0x00000000000017dd      0x27b /var/folders/vb/jgxdfp997zncd3gd8bnywpm00000gn/T//ccDvNxYV.debug.temp.o
 .debug_abbrev  0x0000000000001a58      0x329 /var/folders/vb/jgxdfp997zncd3gd8bnywpm00000gn/T//cccFj1Fk.debug.temp.o

.debug_loc      0x0000000000000000     0x81e7
 .debug_loc     0x0000000000000000     0x81e7 /var/folders/vb/jgxdfp997zncd3gd8bnywpm00000gn/T//cdc_msc.elf.3g6tUN.ltrans0.ltrans.o

.debug_aranges  0x0000000000000000      0x1e8
 .debug_aranges
                0x0000000000000000      0x1e8 /var/folders/vb/jgxdfp997zncd3gd8bnywpm00000gn/T//cdc_msc.elf.3g6tUN.ltrans0.ltrans.o

.debug_ranges   0x0000000000000000     0x1320
 .debug_ranges  0x0000000000000000     0x1320 /var/folders/vb/jgxdfp997zncd3gd8bnywpm00000gn/T//cdc_msc.elf.3g6tUN.ltrans0.ltrans.o

.debug_line     0x0000000000000000     0x615e
 .debug_line    0x0000000000000000     0x3ed9 /var/folders/vb/jgxdfp997zncd3gd8bnywpm00000gn/T//cdc_msc.elf.3g6tUN.ltrans0.ltrans.o
 .debug_line    0x0000000000003ed9      0x405 /var/folders/vb/jgxdfp997zncd3gd8bnywpm00000gn/T//ccAayD2i.debug.temp.o
 .debug_line    0x00000000000042de      0x2b0 /var/folders/vb/jgxdfp997zncd3gd8bnywpm00000gn/T//ccLuWO7a.debug.temp.o
 .debug_line    0x000000000000458e      0x20d /var/folders/vb/jgxdfp997zncd3gd8bnywpm00000gn/T//ccHsspNc.debug.temp.o
 .debug_line    0x000000000000479b      0x29b /var/folders/vb/jgxdfp997zncd3gd8bnywpm00000gn/T//ccQMWDHm.debug.temp.o
 .debug_line    0x0000000000004a36      0x1b6 /var/folders/vb/jgxdfp997zncd3gd8bnywpm00000gn/T//ccXA3LXG.debug.temp.o
 .debug_line    0x0000000000004bec      0x251 /var/folders/vb/jgxdfp997zncd3gd8bnywpm00000gn/T//ccq6iLxT.debug.temp.o
 .debug_line    0x0000000000004e3d      0x242 /var/folders/vb/jgxdfp997zncd3gd8bnywpm00000gn/T//cciyPg6Y.debug.temp.o
 .debug_line    0x000000000000507f      0x2cf /var/folders/vb/jgxdfp997zncd3gd8bnywpm00000gn/T//cc29OOBw.debug.temp.o
 .debug_line    0x000000000000534e      0x26b /var/folders/vb/jgxdfp997zncd3gd8bnywpm00000gn/T//cc4nD0Im.debug.temp.o
 .debug_line    0x00000000000055b9      0x178 /var/folders/vb/jgxdfp997zncd3gd8bnywpm00000gn/T//ccv3EGmj.debug.temp.o
 .debug_line    0x0000000000005731      0x293 /var/folders/vb/jgxdfp997zncd3gd8bnywpm00000gn/T//ccqXhEpI.debug.temp.o
 .debug_line    0x00000000000059c4      0x258 /var/folders/vb/jgxdfp997zncd3gd8bnywpm00000gn/T//ccoMQZzR.debug.temp.o
 .debug_line    0x0000000000005c1c      0x26f /var/folders/vb/jgxdfp997zncd3gd8bnywpm00000gn/T//ccDvNxYV.debug.temp.o
 .debug_line    0x0000000000005e8b      0x2d3 /var/folders/vb/jgxdfp997zncd3gd8bnywpm00000gn/T//cccFj1Fk.debug.temp.o

.debug_str      0x0000000000000000     0x58ed
 .debug_str     0x0000000000000000      0x39a /var/folders/vb/jgxdfp997zncd3gd8bnywpm00000gn/T//cdc_msc.elf.3g6tUN.ltrans0.ltrans.o
                                        0x3bd (size before relaxing)
 .debug_str     0x000000000000039a     0x18cd /var/folders/vb/jgxdfp997zncd3gd8bnywpm00000gn/T//ccAayD2i.debug.temp.o
                                       0x1b30 (size before relaxing)
 .debug_str     0x0000000000001c67      0x4ef /var/folders/vb/jgxdfp997zncd3gd8bnywpm00000gn/T//ccLuWO7a.debug.temp.o
                                        0x8f1 (size before relaxing)
 .debug_str     0x0000000000002156       0xeb /var/folders/vb/jgxdfp997zncd3gd8bnywpm00000gn/T//ccHsspNc.debug.temp.o
                                        0x349 (size before relaxing)
 .debug_str     0x0000000000002241      0x236 /var/folders/vb/jgxdfp997zncd3gd8bnywpm00000gn/T//ccQMWDHm.debug.temp.o
                                        0xf28 (size before relaxing)
 .debug_str     0x0000000000002477       0x86 /var/folders/vb/jgxdfp997zncd3gd8bnywpm00000gn/T//ccXA3LXG.debug.temp.o
                                        0x29c (size before relaxing)
 .debug_str     0x00000000000024fd      0x1a7 /var/folders/vb/jgxdfp997zncd3gd8bnywpm00000gn/T//ccq6iLxT.debug.temp.o
                                        0x3d8 (size before relaxing)
 .debug_str     0x00000000000026a4      0x305 /var/folders/vb/jgxdfp997zncd3gd8bnywpm00000gn/T//cciyPg6Y.debug.temp.o
                                        0x568 (size before relaxing)
 .debug_str     0x00000000000029a9      0xd72 /var/folders/vb/jgxdfp997zncd3gd8bnywpm00000gn/T//cc29OOBw.debug.temp.o
                                        0xff2 (size before relaxing)
 .debug_str     0x000000000000371b      0x3e0 /var/folders/vb/jgxdfp997zncd3gd8bnywpm00000gn/T//cc4nD0Im.debug.temp.o
                                        0xa2d (size before relaxing)
 .debug_str     0x0000000000003afb      0x406 /var/folders/vb/jgxdfp997zncd3gd8bnywpm00000gn/T//ccv3EGmj.debug.temp.o
                                        0x718 (size before relaxing)
 .debug_str     0x0000000000003f01      0x942 /var/folders/vb/jgxdfp997zncd3gd8bnywpm00000gn/T//ccqXhEpI.debug.temp.o
                                       0x12c9 (size before relaxing)
 .debug_str     0x0000000000004843      0x1c1 /var/folders/vb/jgxdfp997zncd3gd8bnywpm00000gn/T//ccoMQZzR.debug.temp.o
                                        0x5c0 (size before relaxing)
 .debug_str     0x0000000000004a04      0x726 /var/folders/vb/jgxdfp997zncd3gd8bnywpm00000gn/T//ccDvNxYV.debug.temp.o
                                       0x1343 (size before relaxing)
 .debug_str     0x000000000000512a      0x7c3 /var/folders/vb/jgxdfp997zncd3gd8bnywpm00000gn/T//cccFj1Fk.debug.temp.o
                                       0x155d (size before relaxing)

.debug_frame    0x0000000000000000      0x6c0
 .debug_frame   0x0000000000000000      0x650 /var/folders/vb/jgxdfp997zncd3gd8bnywpm00000gn/T//cdc_msc.elf.3g6tUN.ltrans0.ltrans.o
 .debug_frame   0x0000000000000650       0x20 /usr/local/Cellar/arm-none-eabi-gcc/10.3-2021.07/gcc/bin/../lib/gcc/arm-none-eabi/10.3.1/../../../../arm-none-eabi/lib/thumb/v7e-m+fp/hard/libc_nano.a(lib_a-memset.o)
 .debug_frame   0x0000000000000670       0x28 /usr/local/Cellar/arm-none-eabi-gcc/10.3-2021.07/gcc/bin/../lib/gcc/arm-none-eabi/10.3.1/../../../../arm-none-eabi/lib/thumb/v7e-m+fp/hard/libc_nano.a(lib_a-memcpy-stub.o)
 .debug_frame   0x0000000000000698       0x28 /usr/local/Cellar/arm-none-eabi-gcc/10.3-2021.07/gcc/bin/../lib/gcc/arm-none-eabi/10.3.1/../../../../arm-none-eabi/lib/thumb/v7e-m+fp/hard/libc_nano.a(lib_a-memmove.o)

Cross Reference Table

Symbol                                            File
ADC0SS0_Handler                                   _build/ek-tm4c123gxl/obj/hw/mcu/ti/tm4c123xx//Source/GCC/tm4c123_startup.o (symbol from plugin)
ADC0SS1_Handler                                   _build/ek-tm4c123gxl/obj/hw/mcu/ti/tm4c123xx//Source/GCC/tm4c123_startup.o (symbol from plugin)
ADC0SS2_Handler                                   _build/ek-tm4c123gxl/obj/hw/mcu/ti/tm4c123xx//Source/GCC/tm4c123_startup.o (symbol from plugin)
ADC0SS3_Handler                                   _build/ek-tm4c123gxl/obj/hw/mcu/ti/tm4c123xx//Source/GCC/tm4c123_startup.o (symbol from plugin)
ADC1SS0_Handler                                   _build/ek-tm4c123gxl/obj/hw/mcu/ti/tm4c123xx//Source/GCC/tm4c123_startup.o (symbol from plugin)
ADC1SS1_Handler                                   _build/ek-tm4c123gxl/obj/hw/mcu/ti/tm4c123xx//Source/GCC/tm4c123_startup.o (symbol from plugin)
ADC1SS2_Handler                                   _build/ek-tm4c123gxl/obj/hw/mcu/ti/tm4c123xx//Source/GCC/tm4c123_startup.o (symbol from plugin)
ADC1SS3_Handler                                   _build/ek-tm4c123gxl/obj/hw/mcu/ti/tm4c123xx//Source/GCC/tm4c123_startup.o (symbol from plugin)
BusFault_Handler                                  _build/ek-tm4c123gxl/obj/hw/mcu/ti/tm4c123xx//Source/GCC/tm4c123_startup.o (symbol from plugin)
CAN0_Handler                                      _build/ek-tm4c123gxl/obj/hw/mcu/ti/tm4c123xx//Source/GCC/tm4c123_startup.o (symbol from plugin)
CAN1_Handler                                      _build/ek-tm4c123gxl/obj/hw/mcu/ti/tm4c123xx//Source/GCC/tm4c123_startup.o (symbol from plugin)
CAN2_Handler                                      _build/ek-tm4c123gxl/obj/hw/mcu/ti/tm4c123xx//Source/GCC/tm4c123_startup.o (symbol from plugin)
COMP0_Handler                                     _build/ek-tm4c123gxl/obj/hw/mcu/ti/tm4c123xx//Source/GCC/tm4c123_startup.o (symbol from plugin)
COMP1_Handler                                     _build/ek-tm4c123gxl/obj/hw/mcu/ti/tm4c123xx//Source/GCC/tm4c123_startup.o (symbol from plugin)
COMP2_Handler                                     _build/ek-tm4c123gxl/obj/hw/mcu/ti/tm4c123xx//Source/GCC/tm4c123_startup.o (symbol from plugin)
DebugMon_Handler                                  _build/ek-tm4c123gxl/obj/hw/mcu/ti/tm4c123xx//Source/GCC/tm4c123_startup.o (symbol from plugin)
Default_Handler                                   _build/ek-tm4c123gxl/obj/hw/mcu/ti/tm4c123xx//Source/GCC/tm4c123_startup.o (symbol from plugin)
FLASH_Handler                                     _build/ek-tm4c123gxl/obj/hw/mcu/ti/tm4c123xx//Source/GCC/tm4c123_startup.o (symbol from plugin)
FPU_Handler                                       _build/ek-tm4c123gxl/obj/hw/mcu/ti/tm4c123xx//Source/GCC/tm4c123_startup.o (symbol from plugin)
GPIOA_Handler                                     _build/ek-tm4c123gxl/obj/hw/mcu/ti/tm4c123xx//Source/GCC/tm4c123_startup.o (symbol from plugin)
GPIOB_Handler                                     _build/ek-tm4c123gxl/obj/hw/mcu/ti/tm4c123xx//Source/GCC/tm4c123_startup.o (symbol from plugin)
GPIOC_Handler                                     _build/ek-tm4c123gxl/obj/hw/mcu/ti/tm4c123xx//Source/GCC/tm4c123_startup.o (symbol from plugin)
GPIOD_Handler                                     _build/ek-tm4c123gxl/obj/hw/mcu/ti/tm4c123xx//Source/GCC/tm4c123_startup.o (symbol from plugin)
GPIOE_Handler                                     _build/ek-tm4c123gxl/obj/hw/mcu/ti/tm4c123xx//Source/GCC/tm4c123_startup.o (symbol from plugin)
GPIOF_Handler                                     _build/ek-tm4c123gxl/obj/hw/mcu/ti/tm4c123xx//Source/GCC/tm4c123_startup.o (symbol from plugin)
GPIOG_Handler                                     _build/ek-tm4c123gxl/obj/hw/mcu/ti/tm4c123xx//Source/GCC/tm4c123_startup.o (symbol from plugin)
GPIOH_Handler                                     _build/ek-tm4c123gxl/obj/hw/mcu/ti/tm4c123xx//Source/GCC/tm4c123_startup.o (symbol from plugin)
GPIOJ_Handler                                     _build/ek-tm4c123gxl/obj/hw/mcu/ti/tm4c123xx//Source/GCC/tm4c123_startup.o (symbol from plugin)
GPIOK_Handler                                     _build/ek-tm4c123gxl/obj/hw/mcu/ti/tm4c123xx//Source/GCC/tm4c123_startup.o (symbol from plugin)
GPIOL_Handler                                     _build/ek-tm4c123gxl/obj/hw/mcu/ti/tm4c123xx//Source/GCC/tm4c123_startup.o (symbol from plugin)
GPIOM_Handler                                     _build/ek-tm4c123gxl/obj/hw/mcu/ti/tm4c123xx//Source/GCC/tm4c123_startup.o (symbol from plugin)
GPION_Handler                                     _build/ek-tm4c123gxl/obj/hw/mcu/ti/tm4c123xx//Source/GCC/tm4c123_startup.o (symbol from plugin)
GPIOP0_Handler                                    _build/ek-tm4c123gxl/obj/hw/mcu/ti/tm4c123xx//Source/GCC/tm4c123_startup.o (symbol from plugin)
GPIOP1_Handler                                    _build/ek-tm4c123gxl/obj/hw/mcu/ti/tm4c123xx//Source/GCC/tm4c123_startup.o (symbol from plugin)
GPIOP2_Handler                                    _build/ek-tm4c123gxl/obj/hw/mcu/ti/tm4c123xx//Source/GCC/tm4c123_startup.o (symbol from plugin)
GPIOP3_Handler                                    _build/ek-tm4c123gxl/obj/hw/mcu/ti/tm4c123xx//Source/GCC/tm4c123_startup.o (symbol from plugin)
GPIOP4_Handler                                    _build/ek-tm4c123gxl/obj/hw/mcu/ti/tm4c123xx//Source/GCC/tm4c123_startup.o (symbol from plugin)
GPIOP5_Handler                                    _build/ek-tm4c123gxl/obj/hw/mcu/ti/tm4c123xx//Source/GCC/tm4c123_startup.o (symbol from plugin)
GPIOP6_Handler                                    _build/ek-tm4c123gxl/obj/hw/mcu/ti/tm4c123xx//Source/GCC/tm4c123_startup.o (symbol from plugin)
GPIOP7_Handler                                    _build/ek-tm4c123gxl/obj/hw/mcu/ti/tm4c123xx//Source/GCC/tm4c123_startup.o (symbol from plugin)
GPIOQ0_Handler                                    _build/ek-tm4c123gxl/obj/hw/mcu/ti/tm4c123xx//Source/GCC/tm4c123_startup.o (symbol from plugin)
GPIOQ1_Handler                                    _build/ek-tm4c123gxl/obj/hw/mcu/ti/tm4c123xx//Source/GCC/tm4c123_startup.o (symbol from plugin)
GPIOQ2_Handler                                    _build/ek-tm4c123gxl/obj/hw/mcu/ti/tm4c123xx//Source/GCC/tm4c123_startup.o (symbol from plugin)
GPIOQ3_Handler                                    _build/ek-tm4c123gxl/obj/hw/mcu/ti/tm4c123xx//Source/GCC/tm4c123_startup.o (symbol from plugin)
GPIOQ4_Handler                                    _build/ek-tm4c123gxl/obj/hw/mcu/ti/tm4c123xx//Source/GCC/tm4c123_startup.o (symbol from plugin)
GPIOQ5_Handler                                    _build/ek-tm4c123gxl/obj/hw/mcu/ti/tm4c123xx//Source/GCC/tm4c123_startup.o (symbol from plugin)
GPIOQ6_Handler                                    _build/ek-tm4c123gxl/obj/hw/mcu/ti/tm4c123xx//Source/GCC/tm4c123_startup.o (symbol from plugin)
GPIOQ7_Handler                                    _build/ek-tm4c123gxl/obj/hw/mcu/ti/tm4c123xx//Source/GCC/tm4c123_startup.o (symbol from plugin)
GPIOR_Handler                                     _build/ek-tm4c123gxl/obj/hw/mcu/ti/tm4c123xx//Source/GCC/tm4c123_startup.o (symbol from plugin)
GPIOS_Handler                                     _build/ek-tm4c123gxl/obj/hw/mcu/ti/tm4c123xx//Source/GCC/tm4c123_startup.o (symbol from plugin)
HIB_Handler                                       _build/ek-tm4c123gxl/obj/hw/mcu/ti/tm4c123xx//Source/GCC/tm4c123_startup.o (symbol from plugin)
HardFault_Handler                                 _build/ek-tm4c123gxl/obj/hw/mcu/ti/tm4c123xx//Source/GCC/tm4c123_startup.o (symbol from plugin)
I2C0_Handler                                      _build/ek-tm4c123gxl/obj/hw/mcu/ti/tm4c123xx//Source/GCC/tm4c123_startup.o (symbol from plugin)
I2C1_Handler                                      _build/ek-tm4c123gxl/obj/hw/mcu/ti/tm4c123xx//Source/GCC/tm4c123_startup.o (symbol from plugin)
I2C2_Handler                                      _build/ek-tm4c123gxl/obj/hw/mcu/ti/tm4c123xx//Source/GCC/tm4c123_startup.o (symbol from plugin)
I2C3_Handler                                      _build/ek-tm4c123gxl/obj/hw/mcu/ti/tm4c123xx//Source/GCC/tm4c123_startup.o (symbol from plugin)
I2C4_Handler                                      _build/ek-tm4c123gxl/obj/hw/mcu/ti/tm4c123xx//Source/GCC/tm4c123_startup.o (symbol from plugin)
I2C5_Handler                                      _build/ek-tm4c123gxl/obj/hw/mcu/ti/tm4c123xx//Source/GCC/tm4c123_startup.o (symbol from plugin)
MemManage_Handler                                 _build/ek-tm4c123gxl/obj/hw/mcu/ti/tm4c123xx//Source/GCC/tm4c123_startup.o (symbol from plugin)
NMI_Handler                                       _build/ek-tm4c123gxl/obj/hw/mcu/ti/tm4c123xx//Source/GCC/tm4c123_startup.o (symbol from plugin)
PMW0_FAULT_Handler                                _build/ek-tm4c123gxl/obj/hw/mcu/ti/tm4c123xx//Source/GCC/tm4c123_startup.o (symbol from plugin)
PMW1_0_Handler                                    _build/ek-tm4c123gxl/obj/hw/mcu/ti/tm4c123xx//Source/GCC/tm4c123_startup.o (symbol from plugin)
PWM0_0_Handler                                    _build/ek-tm4c123gxl/obj/hw/mcu/ti/tm4c123xx//Source/GCC/tm4c123_startup.o (symbol from plugin)
PWM0_1_Handler                                    _build/ek-tm4c123gxl/obj/hw/mcu/ti/tm4c123xx//Source/GCC/tm4c123_startup.o (symbol from plugin)
PWM0_2_Handler                                    _build/ek-tm4c123gxl/obj/hw/mcu/ti/tm4c123xx//Source/GCC/tm4c123_startup.o (symbol from plugin)
PWM0_3_Handler                                    _build/ek-tm4c123gxl/obj/hw/mcu/ti/tm4c123xx//Source/GCC/tm4c123_startup.o (symbol from plugin)
PWM1_1_Handler                                    _build/ek-tm4c123gxl/obj/hw/mcu/ti/tm4c123xx//Source/GCC/tm4c123_startup.o (symbol from plugin)
PWM1_2_Handler                                    _build/ek-tm4c123gxl/obj/hw/mcu/ti/tm4c123xx//Source/GCC/tm4c123_startup.o (symbol from plugin)
PWM1_3_Handler                                    _build/ek-tm4c123gxl/obj/hw/mcu/ti/tm4c123xx//Source/GCC/tm4c123_startup.o (symbol from plugin)
PWM1_FAULT_Handle                                 _build/ek-tm4c123gxl/obj/hw/mcu/ti/tm4c123xx//Source/GCC/tm4c123_startup.o (symbol from plugin)
PendSV_Handler                                    _build/ek-tm4c123gxl/obj/hw/mcu/ti/tm4c123xx//Source/GCC/tm4c123_startup.o (symbol from plugin)
QEI0_Handler                                      _build/ek-tm4c123gxl/obj/hw/mcu/ti/tm4c123xx//Source/GCC/tm4c123_startup.o (symbol from plugin)
QEI1_Handler                                      _build/ek-tm4c123gxl/obj/hw/mcu/ti/tm4c123xx//Source/GCC/tm4c123_startup.o (symbol from plugin)
QEI2_Handler                                      _build/ek-tm4c123gxl/obj/hw/mcu/ti/tm4c123xx//Source/GCC/tm4c123_startup.o (symbol from plugin)
Reset_Handler                                     /var/folders/vb/jgxdfp997zncd3gd8bnywpm00000gn/T//cdc_msc.elf.3g6tUN.ltrans0.ltrans.o
                                                  _build/ek-tm4c123gxl/obj/hw/mcu/ti/tm4c123xx//Source/GCC/tm4c123_startup.o (symbol from plugin)
SSI0_Handler                                      _build/ek-tm4c123gxl/obj/hw/mcu/ti/tm4c123xx//Source/GCC/tm4c123_startup.o (symbol from plugin)
SSI1_Handler                                      _build/ek-tm4c123gxl/obj/hw/mcu/ti/tm4c123xx//Source/GCC/tm4c123_startup.o (symbol from plugin)
SSI2_Handler                                      _build/ek-tm4c123gxl/obj/hw/mcu/ti/tm4c123xx//Source/GCC/tm4c123_startup.o (symbol from plugin)
SSI3_Handler                                      _build/ek-tm4c123gxl/obj/hw/mcu/ti/tm4c123xx//Source/GCC/tm4c123_startup.o (symbol from plugin)
SVC_Handler                                       _build/ek-tm4c123gxl/obj/hw/mcu/ti/tm4c123xx//Source/GCC/tm4c123_startup.o (symbol from plugin)
SYSCTL_Handler                                    _build/ek-tm4c123gxl/obj/hw/mcu/ti/tm4c123xx//Source/GCC/tm4c123_startup.o (symbol from plugin)
SysTick_Handler                                   _build/ek-tm4c123gxl/obj/hw/bsp/tm4c123/family.o (symbol from plugin)
                                                  _build/ek-tm4c123gxl/obj/hw/mcu/ti/tm4c123xx//Source/GCC/tm4c123_startup.o (symbol from plugin)
SystemCoreClock                                   _build/ek-tm4c123gxl/obj/hw/mcu/ti/tm4c123xx//Source/system_TM4C123.o (symbol from plugin)
                                                  _build/ek-tm4c123gxl/obj/hw/bsp/tm4c123/family.o (symbol from plugin)
                                                  _build/ek-tm4c123gxl/obj/src/portable/mentor/musb/dcd_musb.o (symbol from plugin)
SystemCoreClockUpdate                             _build/ek-tm4c123gxl/obj/hw/mcu/ti/tm4c123xx//Source/system_TM4C123.o (symbol from plugin)
                                                  _build/ek-tm4c123gxl/obj/hw/bsp/tm4c123/family.o (symbol from plugin)
SystemInit                                        _build/ek-tm4c123gxl/obj/hw/mcu/ti/tm4c123xx//Source/system_TM4C123.o (symbol from plugin)
                                                  _build/ek-tm4c123gxl/obj/hw/mcu/ti/tm4c123xx//Source/GCC/tm4c123_startup.o (symbol from plugin)
TIMER0A_Handler                                   _build/ek-tm4c123gxl/obj/hw/mcu/ti/tm4c123xx//Source/GCC/tm4c123_startup.o (symbol from plugin)
TIMER0B_Handler                                   _build/ek-tm4c123gxl/obj/hw/mcu/ti/tm4c123xx//Source/GCC/tm4c123_startup.o (symbol from plugin)
TIMER1A_Handler                                   _build/ek-tm4c123gxl/obj/hw/mcu/ti/tm4c123xx//Source/GCC/tm4c123_startup.o (symbol from plugin)
TIMER1B_Handler                                   _build/ek-tm4c123gxl/obj/hw/mcu/ti/tm4c123xx//Source/GCC/tm4c123_startup.o (symbol from plugin)
TIMER2A_Handler                                   _build/ek-tm4c123gxl/obj/hw/mcu/ti/tm4c123xx//Source/GCC/tm4c123_startup.o (symbol from plugin)
TIMER2B_Handler                                   _build/ek-tm4c123gxl/obj/hw/mcu/ti/tm4c123xx//Source/GCC/tm4c123_startup.o (symbol from plugin)
TIMER3A_Handler                                   _build/ek-tm4c123gxl/obj/hw/mcu/ti/tm4c123xx//Source/GCC/tm4c123_startup.o (symbol from plugin)
TIMER3B_Handler                                   _build/ek-tm4c123gxl/obj/hw/mcu/ti/tm4c123xx//Source/GCC/tm4c123_startup.o (symbol from plugin)
TIMER4A_Handler                                   _build/ek-tm4c123gxl/obj/hw/mcu/ti/tm4c123xx//Source/GCC/tm4c123_startup.o (symbol from plugin)
TIMER4B_Handler                                   _build/ek-tm4c123gxl/obj/hw/mcu/ti/tm4c123xx//Source/GCC/tm4c123_startup.o (symbol from plugin)
TIMER5A_Handler                                   _build/ek-tm4c123gxl/obj/hw/mcu/ti/tm4c123xx//Source/GCC/tm4c123_startup.o (symbol from plugin)
TIMER5B_Handler                                   _build/ek-tm4c123gxl/obj/hw/mcu/ti/tm4c123xx//Source/GCC/tm4c123_startup.o (symbol from plugin)
UART0_Handler                                     _build/ek-tm4c123gxl/obj/hw/mcu/ti/tm4c123xx//Source/GCC/tm4c123_startup.o (symbol from plugin)
UART1_Handler                                     _build/ek-tm4c123gxl/obj/hw/mcu/ti/tm4c123xx//Source/GCC/tm4c123_startup.o (symbol from plugin)
UART2_Handler                                     _build/ek-tm4c123gxl/obj/hw/mcu/ti/tm4c123xx//Source/GCC/tm4c123_startup.o (symbol from plugin)
UART3_Handler                                     _build/ek-tm4c123gxl/obj/hw/mcu/ti/tm4c123xx//Source/GCC/tm4c123_startup.o (symbol from plugin)
UART4_Handler                                     _build/ek-tm4c123gxl/obj/hw/mcu/ti/tm4c123xx//Source/GCC/tm4c123_startup.o (symbol from plugin)
UART5_Handler                                     _build/ek-tm4c123gxl/obj/hw/mcu/ti/tm4c123xx//Source/GCC/tm4c123_startup.o (symbol from plugin)
UART6_Handler                                     _build/ek-tm4c123gxl/obj/hw/mcu/ti/tm4c123xx//Source/GCC/tm4c123_startup.o (symbol from plugin)
UART7_Handler                                     _build/ek-tm4c123gxl/obj/hw/mcu/ti/tm4c123xx//Source/GCC/tm4c123_startup.o (symbol from plugin)
UDMAERR_Handler                                   _build/ek-tm4c123gxl/obj/hw/mcu/ti/tm4c123xx//Source/GCC/tm4c123_startup.o (symbol from plugin)
UDMA_Handler                                      _build/ek-tm4c123gxl/obj/hw/mcu/ti/tm4c123xx//Source/GCC/tm4c123_startup.o (symbol from plugin)
USB0_Handler                                      _build/ek-tm4c123gxl/obj/hw/bsp/tm4c123/family.o (symbol from plugin)
                                                  _build/ek-tm4c123gxl/obj/hw/mcu/ti/tm4c123xx//Source/GCC/tm4c123_startup.o (symbol from plugin)
UsageFault_Handler                                _build/ek-tm4c123gxl/obj/hw/mcu/ti/tm4c123xx//Source/GCC/tm4c123_startup.o (symbol from plugin)
WDT0_Handler                                      _build/ek-tm4c123gxl/obj/hw/mcu/ti/tm4c123xx//Source/GCC/tm4c123_startup.o (symbol from plugin)
WTIMER0A_Handler                                  _build/ek-tm4c123gxl/obj/hw/mcu/ti/tm4c123xx//Source/GCC/tm4c123_startup.o (symbol from plugin)
WTIMER0B_Handler                                  _build/ek-tm4c123gxl/obj/hw/mcu/ti/tm4c123xx//Source/GCC/tm4c123_startup.o (symbol from plugin)
WTIMER1A_Handler                                  _build/ek-tm4c123gxl/obj/hw/mcu/ti/tm4c123xx//Source/GCC/tm4c123_startup.o (symbol from plugin)
WTIMER1B_Handler                                  _build/ek-tm4c123gxl/obj/hw/mcu/ti/tm4c123xx//Source/GCC/tm4c123_startup.o (symbol from plugin)
WTIMER2A_Handler                                  _build/ek-tm4c123gxl/obj/hw/mcu/ti/tm4c123xx//Source/GCC/tm4c123_startup.o (symbol from plugin)
WTIMER2B_Handler                                  _build/ek-tm4c123gxl/obj/hw/mcu/ti/tm4c123xx//Source/GCC/tm4c123_startup.o (symbol from plugin)
WTIMER3A_Handler                                  _build/ek-tm4c123gxl/obj/hw/mcu/ti/tm4c123xx//Source/GCC/tm4c123_startup.o (symbol from plugin)
WTIMER3B_Handler                                  _build/ek-tm4c123gxl/obj/hw/mcu/ti/tm4c123xx//Source/GCC/tm4c123_startup.o (symbol from plugin)
WTIMER4A_Handler                                  _build/ek-tm4c123gxl/obj/hw/mcu/ti/tm4c123xx//Source/GCC/tm4c123_startup.o (symbol from plugin)
WTIMER4B_Handler                                  _build/ek-tm4c123gxl/obj/hw/mcu/ti/tm4c123xx//Source/GCC/tm4c123_startup.o (symbol from plugin)
WTIMER5A_Handler                                  _build/ek-tm4c123gxl/obj/hw/mcu/ti/tm4c123xx//Source/GCC/tm4c123_startup.o (symbol from plugin)
WTIMER5B_Handler                                  _build/ek-tm4c123gxl/obj/hw/mcu/ti/tm4c123xx//Source/GCC/tm4c123_startup.o (symbol from plugin)
__bss_end__                                       /usr/local/Cellar/arm-none-eabi-gcc/10.3-2021.07/gcc/bin/../lib/gcc/arm-none-eabi/10.3.1/../../../../arm-none-eabi/lib/thumb/v7e-m+fp/hard/crt0.o
__bss_start__                                     /usr/local/Cellar/arm-none-eabi-gcc/10.3-2021.07/gcc/bin/../lib/gcc/arm-none-eabi/10.3.1/../../../../arm-none-eabi/lib/thumb/v7e-m+fp/hard/crt0.o
__call_exitprocs                                  /usr/local/Cellar/arm-none-eabi-gcc/10.3-2021.07/gcc/bin/../lib/gcc/arm-none-eabi/10.3.1/../../../../arm-none-eabi/lib/thumb/v7e-m+fp/hard/libc_nano.a(lib_a-exit.o)
__deregister_frame_info                           /usr/local/Cellar/arm-none-eabi-gcc/10.3-2021.07/gcc/bin/../lib/gcc/arm-none-eabi/10.3.1/thumb/v7e-m+fp/hard/crtbegin.o
__dso_handle                                      /usr/local/Cellar/arm-none-eabi-gcc/10.3-2021.07/gcc/bin/../lib/gcc/arm-none-eabi/10.3.1/thumb/v7e-m+fp/hard/crtbegin.o
__end_bss                                         /var/folders/vb/jgxdfp997zncd3gd8bnywpm00000gn/T//cdc_msc.elf.3g6tUN.ltrans0.ltrans.o
__end_data                                        /var/folders/vb/jgxdfp997zncd3gd8bnywpm00000gn/T//cdc_msc.elf.3g6tUN.ltrans0.ltrans.o
                                                  _build/ek-tm4c123gxl/obj/hw/mcu/ti/tm4c123xx//Source/GCC/tm4c123_startup.o (symbol from plugin)
__init_array_end                                  /usr/local/Cellar/arm-none-eabi-gcc/10.3-2021.07/gcc/bin/../lib/gcc/arm-none-eabi/10.3.1/../../../../arm-none-eabi/lib/thumb/v7e-m+fp/hard/libc_nano.a(lib_a-init.o)
__init_array_start                                /usr/local/Cellar/arm-none-eabi-gcc/10.3-2021.07/gcc/bin/../lib/gcc/arm-none-eabi/10.3.1/../../../../arm-none-eabi/lib/thumb/v7e-m+fp/hard/libc_nano.a(lib_a-init.o)
__la_data                                         /var/folders/vb/jgxdfp997zncd3gd8bnywpm00000gn/T//cdc_msc.elf.3g6tUN.ltrans0.ltrans.o
                                                  _build/ek-tm4c123gxl/obj/hw/mcu/ti/tm4c123xx//Source/GCC/tm4c123_startup.o (symbol from plugin)
__libc_fini_array                                 /usr/local/Cellar/arm-none-eabi-gcc/10.3-2021.07/gcc/bin/../lib/gcc/arm-none-eabi/10.3.1/../../../../arm-none-eabi/lib/thumb/v7e-m+fp/hard/crt0.o
__libc_init_array                                 /usr/local/Cellar/arm-none-eabi-gcc/10.3-2021.07/gcc/bin/../lib/gcc/arm-none-eabi/10.3.1/../../../../arm-none-eabi/lib/thumb/v7e-m+fp/hard/libc_nano.a(lib_a-init.o)
                                                  /usr/local/Cellar/arm-none-eabi-gcc/10.3-2021.07/gcc/bin/../lib/gcc/arm-none-eabi/10.3.1/../../../../arm-none-eabi/lib/thumb/v7e-m+fp/hard/crt0.o
__preinit_array_end                               /usr/local/Cellar/arm-none-eabi-gcc/10.3-2021.07/gcc/bin/../lib/gcc/arm-none-eabi/10.3.1/../../../../arm-none-eabi/lib/thumb/v7e-m+fp/hard/libc_nano.a(lib_a-init.o)
__preinit_array_start                             /usr/local/Cellar/arm-none-eabi-gcc/10.3-2021.07/gcc/bin/../lib/gcc/arm-none-eabi/10.3.1/../../../../arm-none-eabi/lib/thumb/v7e-m+fp/hard/libc_nano.a(lib_a-init.o)
__register_frame_info                             /usr/local/Cellar/arm-none-eabi-gcc/10.3-2021.07/gcc/bin/../lib/gcc/arm-none-eabi/10.3.1/thumb/v7e-m+fp/hard/crtbegin.o
__sf_fake_stderr                                  /usr/local/Cellar/arm-none-eabi-gcc/10.3-2021.07/gcc/bin/../lib/gcc/arm-none-eabi/10.3.1/../../../../arm-none-eabi/lib/thumb/v7e-m+fp/hard/libc_nano.a(lib_a-impure.o)
__sf_fake_stdin                                   /usr/local/Cellar/arm-none-eabi-gcc/10.3-2021.07/gcc/bin/../lib/gcc/arm-none-eabi/10.3.1/../../../../arm-none-eabi/lib/thumb/v7e-m+fp/hard/libc_nano.a(lib_a-impure.o)
__sf_fake_stdout                                  /usr/local/Cellar/arm-none-eabi-gcc/10.3-2021.07/gcc/bin/../lib/gcc/arm-none-eabi/10.3.1/../../../../arm-none-eabi/lib/thumb/v7e-m+fp/hard/libc_nano.a(lib_a-impure.o)
__stack                                           /usr/local/Cellar/arm-none-eabi-gcc/10.3-2021.07/gcc/bin/../lib/gcc/arm-none-eabi/10.3.1/../../../../arm-none-eabi/lib/thumb/v7e-m+fp/hard/crt0.o
__start_bss                                       /var/folders/vb/jgxdfp997zncd3gd8bnywpm00000gn/T//cdc_msc.elf.3g6tUN.ltrans0.ltrans.o
__start_data                                      /var/folders/vb/jgxdfp997zncd3gd8bnywpm00000gn/T//cdc_msc.elf.3g6tUN.ltrans0.ltrans.o
                                                  _build/ek-tm4c123gxl/obj/hw/mcu/ti/tm4c123xx//Source/GCC/tm4c123_startup.o (symbol from plugin)
_exit                                             /usr/local/Cellar/arm-none-eabi-gcc/10.3-2021.07/gcc/bin/../lib/gcc/arm-none-eabi/10.3.1/../../../../arm-none-eabi/lib/thumb/v7e-m+fp/hard/libnosys.a(_exit.o)
                                                  /usr/local/Cellar/arm-none-eabi-gcc/10.3-2021.07/gcc/bin/../lib/gcc/arm-none-eabi/10.3.1/../../../../arm-none-eabi/lib/thumb/v7e-m+fp/hard/libc_nano.a(lib_a-exit.o)
_fini                                             /usr/local/Cellar/arm-none-eabi-gcc/10.3-2021.07/gcc/bin/../lib/gcc/arm-none-eabi/10.3.1/thumb/v7e-m+fp/hard/crti.o
_global_impure_ptr                                /usr/local/Cellar/arm-none-eabi-gcc/10.3-2021.07/gcc/bin/../lib/gcc/arm-none-eabi/10.3.1/../../../../arm-none-eabi/lib/thumb/v7e-m+fp/hard/libc_nano.a(lib_a-impure.o)
                                                  /usr/local/Cellar/arm-none-eabi-gcc/10.3-2021.07/gcc/bin/../lib/gcc/arm-none-eabi/10.3.1/../../../../arm-none-eabi/lib/thumb/v7e-m+fp/hard/libc_nano.a(lib_a-exit.o)
_impure_ptr                                       /usr/local/Cellar/arm-none-eabi-gcc/10.3-2021.07/gcc/bin/../lib/gcc/arm-none-eabi/10.3.1/../../../../arm-none-eabi/lib/thumb/v7e-m+fp/hard/libc_nano.a(lib_a-impure.o)
_init                                             /usr/local/Cellar/arm-none-eabi-gcc/10.3-2021.07/gcc/bin/../lib/gcc/arm-none-eabi/10.3.1/thumb/v7e-m+fp/hard/crti.o
                                                  /usr/local/Cellar/arm-none-eabi-gcc/10.3-2021.07/gcc/bin/../lib/gcc/arm-none-eabi/10.3.1/../../../../arm-none-eabi/lib/thumb/v7e-m+fp/hard/libc_nano.a(lib_a-init.o)
_mainCRTStartup                                   /usr/local/Cellar/arm-none-eabi-gcc/10.3-2021.07/gcc/bin/../lib/gcc/arm-none-eabi/10.3.1/../../../../arm-none-eabi/lib/thumb/v7e-m+fp/hard/crt0.o
_read                                             /var/folders/vb/jgxdfp997zncd3gd8bnywpm00000gn/T//cdc_msc.elf.3g6tUN.ltrans0.ltrans.o
                                                  _build/ek-tm4c123gxl/obj/hw/bsp/board.o (symbol from plugin)
_stack_init                                       /usr/local/Cellar/arm-none-eabi-gcc/10.3-2021.07/gcc/bin/../lib/gcc/arm-none-eabi/10.3.1/../../../../arm-none-eabi/lib/thumb/v7e-m+fp/hard/crt0.o
_start                                            /usr/local/Cellar/arm-none-eabi-gcc/10.3-2021.07/gcc/bin/../lib/gcc/arm-none-eabi/10.3.1/../../../../arm-none-eabi/lib/thumb/v7e-m+fp/hard/crt0.o
_usbd_qdef                                        _build/ek-tm4c123gxl/obj/src/device/usbd.o (symbol from plugin)
_usbd_qdef_buf                                    _build/ek-tm4c123gxl/obj/src/device/usbd.o (symbol from plugin)
_write                                            /var/folders/vb/jgxdfp997zncd3gd8bnywpm00000gn/T//cdc_msc.elf.3g6tUN.ltrans0.ltrans.o
                                                  _build/ek-tm4c123gxl/obj/hw/bsp/board.o (symbol from plugin)
atexit                                            /usr/local/Cellar/arm-none-eabi-gcc/10.3-2021.07/gcc/bin/../lib/gcc/arm-none-eabi/10.3.1/../../../../arm-none-eabi/lib/thumb/v7e-m+fp/hard/crt0.o
audio_device.c.369289bd                           /var/folders/vb/jgxdfp997zncd3gd8bnywpm00000gn/T//ccUFlSwZ.debug.temp.o
board.c.06ed8d0c                                  /var/folders/vb/jgxdfp997zncd3gd8bnywpm00000gn/T//ccXA3LXG.debug.temp.o
                                                  /var/folders/vb/jgxdfp997zncd3gd8bnywpm00000gn/T//cdc_msc.elf.3g6tUN.ltrans0.ltrans.o
board_button_read                                 _build/ek-tm4c123gxl/obj/hw/bsp/tm4c123/family.o (symbol from plugin)
board_getchar                                     _build/ek-tm4c123gxl/obj/hw/bsp/board.o (symbol from plugin)
board_init                                        _build/ek-tm4c123gxl/obj/hw/bsp/tm4c123/family.o (symbol from plugin)
                                                  _build/ek-tm4c123gxl/obj/examples/device/cdc_msc/src/main.o (symbol from plugin)
board_led_write                                   _build/ek-tm4c123gxl/obj/hw/bsp/tm4c123/family.o (symbol from plugin)
                                                  _build/ek-tm4c123gxl/obj/examples/device/cdc_msc/src/main.o (symbol from plugin)
board_millis                                      _build/ek-tm4c123gxl/obj/hw/bsp/tm4c123/family.o (symbol from plugin)
                                                  _build/ek-tm4c123gxl/obj/examples/device/cdc_msc/src/main.o (symbol from plugin)
board_uart_read                                   _build/ek-tm4c123gxl/obj/hw/bsp/tm4c123/family.o (symbol from plugin)
                                                  _build/ek-tm4c123gxl/obj/hw/bsp/board.o (symbol from plugin)
board_uart_write                                  _build/ek-tm4c123gxl/obj/hw/bsp/tm4c123/family.o (symbol from plugin)
                                                  _build/ek-tm4c123gxl/obj/hw/bsp/board.o (symbol from plugin)
cdc_device.c.77fc7cfd                             /var/folders/vb/jgxdfp997zncd3gd8bnywpm00000gn/T//ccDvNxYV.debug.temp.o
                                                  /var/folders/vb/jgxdfp997zncd3gd8bnywpm00000gn/T//cdc_msc.elf.3g6tUN.ltrans0.ltrans.o
cdc_task                                          _build/ek-tm4c123gxl/obj/examples/device/cdc_msc/src/main.o (symbol from plugin)
cdcd_control_xfer_cb                              _build/ek-tm4c123gxl/obj/src/class/cdc/cdc_device.o (symbol from plugin)
                                                  _build/ek-tm4c123gxl/obj/src/device/usbd.o (symbol from plugin)
cdcd_init                                         _build/ek-tm4c123gxl/obj/src/class/cdc/cdc_device.o (symbol from plugin)
                                                  _build/ek-tm4c123gxl/obj/src/device/usbd.o (symbol from plugin)
cdcd_open                                         _build/ek-tm4c123gxl/obj/src/class/cdc/cdc_device.o (symbol from plugin)
                                                  _build/ek-tm4c123gxl/obj/src/device/usbd.o (symbol from plugin)
cdcd_reset                                        _build/ek-tm4c123gxl/obj/src/class/cdc/cdc_device.o (symbol from plugin)
                                                  _build/ek-tm4c123gxl/obj/src/device/usbd.o (symbol from plugin)
cdcd_xfer_cb                                      _build/ek-tm4c123gxl/obj/src/class/cdc/cdc_device.o (symbol from plugin)
                                                  _build/ek-tm4c123gxl/obj/src/device/usbd.o (symbol from plugin)
dcd_connect                                       _build/ek-tm4c123gxl/obj/src/portable/mentor/musb/dcd_musb.o (symbol from plugin)
                                                  _build/ek-tm4c123gxl/obj/src/device/usbd.o (symbol from plugin)
dcd_disconnect                                    _build/ek-tm4c123gxl/obj/src/portable/mentor/musb/dcd_musb.o (symbol from plugin)
                                                  _build/ek-tm4c123gxl/obj/src/device/usbd.o (symbol from plugin)
dcd_edpt0_status_complete                         /var/folders/vb/jgxdfp997zncd3gd8bnywpm00000gn/T//cdc_msc.elf.3g6tUN.ltrans0.ltrans.o
                                                  _build/ek-tm4c123gxl/obj/src/device/usbd_control.o (symbol from plugin)
dcd_edpt_clear_stall                              _build/ek-tm4c123gxl/obj/src/portable/mentor/musb/dcd_musb.o (symbol from plugin)
                                                  _build/ek-tm4c123gxl/obj/src/device/usbd.o (symbol from plugin)
dcd_edpt_close                                    _build/ek-tm4c123gxl/obj/src/portable/mentor/musb/dcd_musb.o (symbol from plugin)
                                                  _build/ek-tm4c123gxl/obj/src/device/usbd.o (symbol from plugin)
dcd_edpt_close_all                                _build/ek-tm4c123gxl/obj/src/portable/mentor/musb/dcd_musb.o (symbol from plugin)
                                                  _build/ek-tm4c123gxl/obj/src/device/usbd.o (symbol from plugin)
dcd_edpt_iso_activate                             _build/ek-tm4c123gxl/obj/src/device/usbd.o (symbol from plugin)
dcd_edpt_iso_alloc                                _build/ek-tm4c123gxl/obj/src/device/usbd.o (symbol from plugin)
dcd_edpt_open                                     _build/ek-tm4c123gxl/obj/src/portable/mentor/musb/dcd_musb.o (symbol from plugin)
                                                  _build/ek-tm4c123gxl/obj/src/device/usbd.o (symbol from plugin)
dcd_edpt_stall                                    _build/ek-tm4c123gxl/obj/src/portable/mentor/musb/dcd_musb.o (symbol from plugin)
                                                  _build/ek-tm4c123gxl/obj/src/device/usbd_control.o (symbol from plugin)
                                                  _build/ek-tm4c123gxl/obj/src/device/usbd.o (symbol from plugin)
dcd_edpt_xfer                                     _build/ek-tm4c123gxl/obj/src/portable/mentor/musb/dcd_musb.o (symbol from plugin)
                                                  _build/ek-tm4c123gxl/obj/src/device/usbd.o (symbol from plugin)
dcd_edpt_xfer_fifo                                _build/ek-tm4c123gxl/obj/src/portable/mentor/musb/dcd_musb.o (symbol from plugin)
                                                  _build/ek-tm4c123gxl/obj/src/device/usbd.o (symbol from plugin)
dcd_event_handler                                 _build/ek-tm4c123gxl/obj/src/device/usbd.o (symbol from plugin)
                                                  _build/ek-tm4c123gxl/obj/src/class/msc/msc_device.o (symbol from plugin)
                                                  _build/ek-tm4c123gxl/obj/src/portable/mentor/musb/dcd_musb.o (symbol from plugin)
dcd_init                                          _build/ek-tm4c123gxl/obj/src/portable/mentor/musb/dcd_musb.o (symbol from plugin)
                                                  _build/ek-tm4c123gxl/obj/src/device/usbd.o (symbol from plugin)
dcd_int_disable                                   _build/ek-tm4c123gxl/obj/src/portable/mentor/musb/dcd_musb.o (symbol from plugin)
                                                  _build/ek-tm4c123gxl/obj/src/device/usbd.o (symbol from plugin)
dcd_int_enable                                    _build/ek-tm4c123gxl/obj/src/portable/mentor/musb/dcd_musb.o (symbol from plugin)
                                                  _build/ek-tm4c123gxl/obj/src/device/usbd.o (symbol from plugin)
dcd_int_handler                                   _build/ek-tm4c123gxl/obj/src/portable/mentor/musb/dcd_musb.o (symbol from plugin)
                                                  _build/ek-tm4c123gxl/obj/hw/bsp/tm4c123/family.o (symbol from plugin)
dcd_musb.c.3f522c01                               /var/folders/vb/jgxdfp997zncd3gd8bnywpm00000gn/T//ccAayD2i.debug.temp.o
                                                  /var/folders/vb/jgxdfp997zncd3gd8bnywpm00000gn/T//cdc_msc.elf.3g6tUN.ltrans0.ltrans.o
dcd_remote_wakeup                                 _build/ek-tm4c123gxl/obj/src/portable/mentor/musb/dcd_musb.o (symbol from plugin)
                                                  _build/ek-tm4c123gxl/obj/src/device/usbd.o (symbol from plugin)
dcd_set_address                                   _build/ek-tm4c123gxl/obj/src/portable/mentor/musb/dcd_musb.o (symbol from plugin)
                                                  _build/ek-tm4c123gxl/obj/src/device/usbd.o (symbol from plugin)
dcd_sof_enable                                    _build/ek-tm4c123gxl/obj/src/portable/mentor/musb/dcd_musb.o (symbol from plugin)
                                                  _build/ek-tm4c123gxl/obj/src/device/usbd.o (symbol from plugin)
desc_device                                       _build/ek-tm4c123gxl/obj/examples/device/cdc_msc/src/usb_descriptors.o (symbol from plugin)
desc_fs_configuration                             _build/ek-tm4c123gxl/obj/examples/device/cdc_msc/src/usb_descriptors.o (symbol from plugin)
dfu_device.c.fd23e2e5                             /var/folders/vb/jgxdfp997zncd3gd8bnywpm00000gn/T//ccwOZ5Uz.debug.temp.o
dfu_rt_device.c.ad0b829a                          /var/folders/vb/jgxdfp997zncd3gd8bnywpm00000gn/T//cc8HblLN.debug.temp.o
ecm_rndis_device.c.ab114d87                       /var/folders/vb/jgxdfp997zncd3gd8bnywpm00000gn/T//cc5w2GJ4.debug.temp.o
exit                                              /usr/local/Cellar/arm-none-eabi-gcc/10.3-2021.07/gcc/bin/../lib/gcc/arm-none-eabi/10.3.1/../../../../arm-none-eabi/lib/thumb/v7e-m+fp/hard/libc_nano.a(lib_a-exit.o)
                                                  /usr/local/Cellar/arm-none-eabi-gcc/10.3-2021.07/gcc/bin/../lib/gcc/arm-none-eabi/10.3.1/../../../../arm-none-eabi/lib/thumb/v7e-m+fp/hard/crt0.o
family.c.9c5a0a3e                                 /var/folders/vb/jgxdfp997zncd3gd8bnywpm00000gn/T//ccQMWDHm.debug.temp.o
                                                  /var/folders/vb/jgxdfp997zncd3gd8bnywpm00000gn/T//cdc_msc.elf.3g6tUN.ltrans0.ltrans.o
hardware_init_hook                                /usr/local/Cellar/arm-none-eabi-gcc/10.3-2021.07/gcc/bin/../lib/gcc/arm-none-eabi/10.3.1/../../../../arm-none-eabi/lib/thumb/v7e-m+fp/hard/crt0.o
hcd_musb.c.3e073bc6                               /var/folders/vb/jgxdfp997zncd3gd8bnywpm00000gn/T//ccCGTt3b.debug.temp.o
hid_device.c.94b0539f                             /var/folders/vb/jgxdfp997zncd3gd8bnywpm00000gn/T//ccVec2cP.debug.temp.o
led_blinking_task                                 _build/ek-tm4c123gxl/obj/examples/device/cdc_msc/src/main.o (symbol from plugin)
main                                              /var/folders/vb/jgxdfp997zncd3gd8bnywpm00000gn/T//cdc_msc.elf.3g6tUN.ltrans0.ltrans.o
                                                  _build/ek-tm4c123gxl/obj/examples/device/cdc_msc/src/main.o (symbol from plugin)
                                                  _build/ek-tm4c123gxl/obj/hw/mcu/ti/tm4c123xx//Source/GCC/tm4c123_startup.o (symbol from plugin)
                                                  /usr/local/Cellar/arm-none-eabi-gcc/10.3-2021.07/gcc/bin/../lib/gcc/arm-none-eabi/10.3.1/../../../../arm-none-eabi/lib/thumb/v7e-m+fp/hard/crt0.o
main.c.99ac6986                                   /var/folders/vb/jgxdfp997zncd3gd8bnywpm00000gn/T//ccq6iLxT.debug.temp.o
                                                  /var/folders/vb/jgxdfp997zncd3gd8bnywpm00000gn/T//cdc_msc.elf.3g6tUN.ltrans0.ltrans.o
memcpy                                            /usr/local/Cellar/arm-none-eabi-gcc/10.3-2021.07/gcc/bin/../lib/gcc/arm-none-eabi/10.3.1/../../../../arm-none-eabi/lib/thumb/v7e-m+fp/hard/libc_nano.a(lib_a-memcpy-stub.o)
                                                  /var/folders/vb/jgxdfp997zncd3gd8bnywpm00000gn/T//cdc_msc.elf.3g6tUN.ltrans0.ltrans.o
memmove                                           /usr/local/Cellar/arm-none-eabi-gcc/10.3-2021.07/gcc/bin/../lib/gcc/arm-none-eabi/10.3.1/../../../../arm-none-eabi/lib/thumb/v7e-m+fp/hard/libc_nano.a(lib_a-memmove.o)
                                                  /var/folders/vb/jgxdfp997zncd3gd8bnywpm00000gn/T//cdc_msc.elf.3g6tUN.ltrans0.ltrans.o
memset                                            /usr/local/Cellar/arm-none-eabi-gcc/10.3-2021.07/gcc/bin/../lib/gcc/arm-none-eabi/10.3.1/../../../../arm-none-eabi/lib/thumb/v7e-m+fp/hard/libc_nano.a(lib_a-memset.o)
                                                  /var/folders/vb/jgxdfp997zncd3gd8bnywpm00000gn/T//cdc_msc.elf.3g6tUN.ltrans0.ltrans.o
                                                  /usr/local/Cellar/arm-none-eabi-gcc/10.3-2021.07/gcc/bin/../lib/gcc/arm-none-eabi/10.3.1/../../../../arm-none-eabi/lib/thumb/v7e-m+fp/hard/crt0.o
midi_device.c.dbeab626                            /var/folders/vb/jgxdfp997zncd3gd8bnywpm00000gn/T//cc85oqXu.debug.temp.o
msc_device.c.b7df4065                             /var/folders/vb/jgxdfp997zncd3gd8bnywpm00000gn/T//cccFj1Fk.debug.temp.o
                                                  /var/folders/vb/jgxdfp997zncd3gd8bnywpm00000gn/T//cdc_msc.elf.3g6tUN.ltrans0.ltrans.o
msc_disk                                          _build/ek-tm4c123gxl/obj/examples/device/cdc_msc/src/msc_disk.o (symbol from plugin)
msc_disk.c.b805b980                               /var/folders/vb/jgxdfp997zncd3gd8bnywpm00000gn/T//cciyPg6Y.debug.temp.o
                                                  /var/folders/vb/jgxdfp997zncd3gd8bnywpm00000gn/T//cdc_msc.elf.3g6tUN.ltrans0.ltrans.o
mscd_control_xfer_cb                              _build/ek-tm4c123gxl/obj/src/class/msc/msc_device.o (symbol from plugin)
                                                  _build/ek-tm4c123gxl/obj/src/device/usbd.o (symbol from plugin)
mscd_init                                         _build/ek-tm4c123gxl/obj/src/class/msc/msc_device.o (symbol from plugin)
                                                  _build/ek-tm4c123gxl/obj/src/device/usbd.o (symbol from plugin)
mscd_open                                         _build/ek-tm4c123gxl/obj/src/class/msc/msc_device.o (symbol from plugin)
                                                  _build/ek-tm4c123gxl/obj/src/device/usbd.o (symbol from plugin)
mscd_reset                                        _build/ek-tm4c123gxl/obj/src/class/msc/msc_device.o (symbol from plugin)
                                                  _build/ek-tm4c123gxl/obj/src/device/usbd.o (symbol from plugin)
mscd_xfer_cb                                      _build/ek-tm4c123gxl/obj/src/class/msc/msc_device.o (symbol from plugin)
                                                  _build/ek-tm4c123gxl/obj/src/device/usbd.o (symbol from plugin)
ncm_device.c.ec9945eb                             /var/folders/vb/jgxdfp997zncd3gd8bnywpm00000gn/T//ccUiYWGn.debug.temp.o
rdwr10_validate_cmd                               _build/ek-tm4c123gxl/obj/src/class/msc/msc_device.o (symbol from plugin)
software_init_hook                                /usr/local/Cellar/arm-none-eabi-gcc/10.3-2021.07/gcc/bin/../lib/gcc/arm-none-eabi/10.3.1/../../../../arm-none-eabi/lib/thumb/v7e-m+fp/hard/crt0.o
string_desc_arr                                   _build/ek-tm4c123gxl/obj/examples/device/cdc_msc/src/usb_descriptors.o (symbol from plugin)
strlen                                            /usr/local/Cellar/arm-none-eabi-gcc/10.3-2021.07/gcc/bin/../lib/gcc/arm-none-eabi/10.3.1/../../../../arm-none-eabi/lib/thumb/v7e-m+fp/hard/libc_nano.a(lib_a-strlen.o)
                                                  /var/folders/vb/jgxdfp997zncd3gd8bnywpm00000gn/T//cdc_msc.elf.3g6tUN.ltrans0.ltrans.o
system_TM4C123.c.37d604c7                         /var/folders/vb/jgxdfp997zncd3gd8bnywpm00000gn/T//ccLuWO7a.debug.temp.o
                                                  /var/folders/vb/jgxdfp997zncd3gd8bnywpm00000gn/T//cdc_msc.elf.3g6tUN.ltrans0.ltrans.o
system_ticks                                      _build/ek-tm4c123gxl/obj/hw/bsp/tm4c123/family.o (symbol from plugin)
tm4c123_startup.c.92a84e19                        /var/folders/vb/jgxdfp997zncd3gd8bnywpm00000gn/T//ccHsspNc.debug.temp.o
                                                  /var/folders/vb/jgxdfp997zncd3gd8bnywpm00000gn/T//cdc_msc.elf.3g6tUN.ltrans0.ltrans.o
tu_desc_find                                      _build/ek-tm4c123gxl/obj/src/tusb.o (symbol from plugin)
tu_desc_find2                                     _build/ek-tm4c123gxl/obj/src/tusb.o (symbol from plugin)
tu_desc_find3                                     _build/ek-tm4c123gxl/obj/src/tusb.o (symbol from plugin)
tu_desc_get_interface_total_len                   _build/ek-tm4c123gxl/obj/src/tusb.o (symbol from plugin)
tu_edpt_bind_driver                               _build/ek-tm4c123gxl/obj/src/tusb.o (symbol from plugin)
                                                  _build/ek-tm4c123gxl/obj/src/device/usbd.o (symbol from plugin)
tu_edpt_claim                                     _build/ek-tm4c123gxl/obj/src/tusb.o (symbol from plugin)
                                                  _build/ek-tm4c123gxl/obj/src/device/usbd.o (symbol from plugin)
tu_edpt_release                                   _build/ek-tm4c123gxl/obj/src/tusb.o (symbol from plugin)
                                                  _build/ek-tm4c123gxl/obj/src/device/usbd.o (symbol from plugin)
tu_edpt_stream_init                               _build/ek-tm4c123gxl/obj/src/tusb.o (symbol from plugin)
tu_edpt_stream_read                               _build/ek-tm4c123gxl/obj/src/tusb.o (symbol from plugin)
tu_edpt_stream_read_xfer                          _build/ek-tm4c123gxl/obj/src/tusb.o (symbol from plugin)
tu_edpt_stream_write                              _build/ek-tm4c123gxl/obj/src/tusb.o (symbol from plugin)
tu_edpt_stream_write_xfer                         _build/ek-tm4c123gxl/obj/src/tusb.o (symbol from plugin)
tu_edpt_stream_write_zlp_if_needed                _build/ek-tm4c123gxl/obj/src/tusb.o (symbol from plugin)
tu_edpt_validate                                  _build/ek-tm4c123gxl/obj/src/tusb.o (symbol from plugin)
                                                  _build/ek-tm4c123gxl/obj/src/device/usbd.o (symbol from plugin)
tu_fifo_advance_read_pointer                      _build/ek-tm4c123gxl/obj/src/common/tusb_fifo.o (symbol from plugin)
                                                  _build/ek-tm4c123gxl/obj/src/portable/mentor/musb/dcd_musb.o (symbol from plugin)
tu_fifo_advance_write_pointer                     _build/ek-tm4c123gxl/obj/src/common/tusb_fifo.o (symbol from plugin)
                                                  _build/ek-tm4c123gxl/obj/src/portable/mentor/musb/dcd_musb.o (symbol from plugin)
tu_fifo_clear                                     _build/ek-tm4c123gxl/obj/src/common/tusb_fifo.o (symbol from plugin)
                                                  _build/ek-tm4c123gxl/obj/src/class/cdc/cdc_device.o (symbol from plugin)
                                                  _build/ek-tm4c123gxl/obj/src/device/usbd.o (symbol from plugin)
tu_fifo_config                                    _build/ek-tm4c123gxl/obj/src/common/tusb_fifo.o (symbol from plugin)
                                                  _build/ek-tm4c123gxl/obj/src/class/cdc/cdc_device.o (symbol from plugin)
                                                  _build/ek-tm4c123gxl/obj/src/tusb.o (symbol from plugin)
tu_fifo_correct_read_pointer                      _build/ek-tm4c123gxl/obj/src/common/tusb_fifo.o (symbol from plugin)
tu_fifo_count                                     _build/ek-tm4c123gxl/obj/src/common/tusb_fifo.o (symbol from plugin)
                                                  _build/ek-tm4c123gxl/obj/src/class/cdc/cdc_device.o (symbol from plugin)
                                                  _build/ek-tm4c123gxl/obj/src/tusb.o (symbol from plugin)
tu_fifo_empty                                     _build/ek-tm4c123gxl/obj/src/common/tusb_fifo.o (symbol from plugin)
                                                  _build/ek-tm4c123gxl/obj/src/class/cdc/cdc_device.o (symbol from plugin)
                                                  _build/ek-tm4c123gxl/obj/src/device/usbd.o (symbol from plugin)
tu_fifo_full                                      _build/ek-tm4c123gxl/obj/src/common/tusb_fifo.o (symbol from plugin)
tu_fifo_get_read_info                             _build/ek-tm4c123gxl/obj/src/common/tusb_fifo.o (symbol from plugin)
                                                  _build/ek-tm4c123gxl/obj/src/portable/mentor/musb/dcd_musb.o (symbol from plugin)
tu_fifo_get_write_info                            _build/ek-tm4c123gxl/obj/src/common/tusb_fifo.o (symbol from plugin)
                                                  _build/ek-tm4c123gxl/obj/src/portable/mentor/musb/dcd_musb.o (symbol from plugin)
tu_fifo_overflowed                                _build/ek-tm4c123gxl/obj/src/common/tusb_fifo.o (symbol from plugin)
tu_fifo_peek                                      _build/ek-tm4c123gxl/obj/src/common/tusb_fifo.o (symbol from plugin)
                                                  _build/ek-tm4c123gxl/obj/src/class/cdc/cdc_device.o (symbol from plugin)
tu_fifo_peek_n                                    _build/ek-tm4c123gxl/obj/src/common/tusb_fifo.o (symbol from plugin)
tu_fifo_read                                      _build/ek-tm4c123gxl/obj/src/common/tusb_fifo.o (symbol from plugin)
                                                  _build/ek-tm4c123gxl/obj/src/device/usbd.o (symbol from plugin)
tu_fifo_read_n                                    _build/ek-tm4c123gxl/obj/src/common/tusb_fifo.o (symbol from plugin)
                                                  _build/ek-tm4c123gxl/obj/src/class/cdc/cdc_device.o (symbol from plugin)
                                                  _build/ek-tm4c123gxl/obj/src/tusb.o (symbol from plugin)
tu_fifo_read_n_const_addr_full_words              _build/ek-tm4c123gxl/obj/src/common/tusb_fifo.o (symbol from plugin)
tu_fifo_remaining                                 _build/ek-tm4c123gxl/obj/src/common/tusb_fifo.o (symbol from plugin)
                                                  _build/ek-tm4c123gxl/obj/src/class/cdc/cdc_device.o (symbol from plugin)
                                                  _build/ek-tm4c123gxl/obj/src/tusb.o (symbol from plugin)
tu_fifo_set_overwritable                          _build/ek-tm4c123gxl/obj/src/common/tusb_fifo.o (symbol from plugin)
                                                  _build/ek-tm4c123gxl/obj/src/class/cdc/cdc_device.o (symbol from plugin)
tu_fifo_write                                     _build/ek-tm4c123gxl/obj/src/common/tusb_fifo.o (symbol from plugin)
                                                  _build/ek-tm4c123gxl/obj/src/device/usbd.o (symbol from plugin)
tu_fifo_write_n                                   _build/ek-tm4c123gxl/obj/src/common/tusb_fifo.o (symbol from plugin)
                                                  _build/ek-tm4c123gxl/obj/src/class/cdc/cdc_device.o (symbol from plugin)
                                                  _build/ek-tm4c123gxl/obj/src/tusb.o (symbol from plugin)
tu_fifo_write_n_const_addr_full_words             _build/ek-tm4c123gxl/obj/src/common/tusb_fifo.o (symbol from plugin)
tud_cdc_line_coding_cb                            /var/folders/vb/jgxdfp997zncd3gd8bnywpm00000gn/T//cdc_msc.elf.3g6tUN.ltrans0.ltrans.o
                                                  _build/ek-tm4c123gxl/obj/src/class/cdc/cdc_device.o (symbol from plugin)
tud_cdc_line_state_cb                             _build/ek-tm4c123gxl/obj/examples/device/cdc_msc/src/main.o (symbol from plugin)
                                                  _build/ek-tm4c123gxl/obj/src/class/cdc/cdc_device.o (symbol from plugin)
tud_cdc_n_available                               _build/ek-tm4c123gxl/obj/src/class/cdc/cdc_device.o (symbol from plugin)
                                                  _build/ek-tm4c123gxl/obj/examples/device/cdc_msc/src/main.o (symbol from plugin)
tud_cdc_n_connected                               _build/ek-tm4c123gxl/obj/src/class/cdc/cdc_device.o (symbol from plugin)
tud_cdc_n_get_line_coding                         _build/ek-tm4c123gxl/obj/src/class/cdc/cdc_device.o (symbol from plugin)
tud_cdc_n_get_line_state                          _build/ek-tm4c123gxl/obj/src/class/cdc/cdc_device.o (symbol from plugin)
tud_cdc_n_peek                                    _build/ek-tm4c123gxl/obj/src/class/cdc/cdc_device.o (symbol from plugin)
tud_cdc_n_read                                    _build/ek-tm4c123gxl/obj/src/class/cdc/cdc_device.o (symbol from plugin)
                                                  _build/ek-tm4c123gxl/obj/examples/device/cdc_msc/src/main.o (symbol from plugin)
tud_cdc_n_read_flush                              _build/ek-tm4c123gxl/obj/src/class/cdc/cdc_device.o (symbol from plugin)
tud_cdc_n_set_wanted_char                         _build/ek-tm4c123gxl/obj/src/class/cdc/cdc_device.o (symbol from plugin)
tud_cdc_n_write                                   _build/ek-tm4c123gxl/obj/src/class/cdc/cdc_device.o (symbol from plugin)
                                                  _build/ek-tm4c123gxl/obj/examples/device/cdc_msc/src/main.o (symbol from plugin)
tud_cdc_n_write_available                         _build/ek-tm4c123gxl/obj/src/class/cdc/cdc_device.o (symbol from plugin)
tud_cdc_n_write_clear                             _build/ek-tm4c123gxl/obj/src/class/cdc/cdc_device.o (symbol from plugin)
tud_cdc_n_write_flush                             _build/ek-tm4c123gxl/obj/src/class/cdc/cdc_device.o (symbol from plugin)
                                                  _build/ek-tm4c123gxl/obj/examples/device/cdc_msc/src/main.o (symbol from plugin)
tud_cdc_rx_cb                                     _build/ek-tm4c123gxl/obj/examples/device/cdc_msc/src/main.o (symbol from plugin)
                                                  _build/ek-tm4c123gxl/obj/src/class/cdc/cdc_device.o (symbol from plugin)
tud_cdc_rx_wanted_cb                              /var/folders/vb/jgxdfp997zncd3gd8bnywpm00000gn/T//cdc_msc.elf.3g6tUN.ltrans0.ltrans.o
                                                  _build/ek-tm4c123gxl/obj/src/class/cdc/cdc_device.o (symbol from plugin)
tud_cdc_send_break_cb                             /var/folders/vb/jgxdfp997zncd3gd8bnywpm00000gn/T//cdc_msc.elf.3g6tUN.ltrans0.ltrans.o
                                                  _build/ek-tm4c123gxl/obj/src/class/cdc/cdc_device.o (symbol from plugin)
tud_cdc_tx_complete_cb                            /var/folders/vb/jgxdfp997zncd3gd8bnywpm00000gn/T//cdc_msc.elf.3g6tUN.ltrans0.ltrans.o
                                                  _build/ek-tm4c123gxl/obj/src/class/cdc/cdc_device.o (symbol from plugin)
tud_connect                                       _build/ek-tm4c123gxl/obj/src/device/usbd.o (symbol from plugin)
tud_connected                                     _build/ek-tm4c123gxl/obj/src/device/usbd.o (symbol from plugin)
tud_control_status                                _build/ek-tm4c123gxl/obj/src/device/usbd_control.o (symbol from plugin)
                                                  _build/ek-tm4c123gxl/obj/src/class/msc/msc_device.o (symbol from plugin)
                                                  _build/ek-tm4c123gxl/obj/src/class/cdc/cdc_device.o (symbol from plugin)
                                                  _build/ek-tm4c123gxl/obj/src/device/usbd.o (symbol from plugin)
tud_control_xfer                                  _build/ek-tm4c123gxl/obj/src/device/usbd_control.o (symbol from plugin)
                                                  _build/ek-tm4c123gxl/obj/src/class/msc/msc_device.o (symbol from plugin)
                                                  _build/ek-tm4c123gxl/obj/src/class/cdc/cdc_device.o (symbol from plugin)
                                                  _build/ek-tm4c123gxl/obj/src/device/usbd.o (symbol from plugin)
tud_descriptor_bos_cb                             /var/folders/vb/jgxdfp997zncd3gd8bnywpm00000gn/T//cdc_msc.elf.3g6tUN.ltrans0.ltrans.o
                                                  _build/ek-tm4c123gxl/obj/src/device/usbd.o (symbol from plugin)
tud_descriptor_configuration_cb                   _build/ek-tm4c123gxl/obj/examples/device/cdc_msc/src/usb_descriptors.o (symbol from plugin)
                                                  _build/ek-tm4c123gxl/obj/src/device/usbd.o (symbol from plugin)
tud_descriptor_device_cb                          _build/ek-tm4c123gxl/obj/examples/device/cdc_msc/src/usb_descriptors.o (symbol from plugin)
                                                  _build/ek-tm4c123gxl/obj/src/device/usbd.o (symbol from plugin)
tud_descriptor_device_qualifier_cb                /var/folders/vb/jgxdfp997zncd3gd8bnywpm00000gn/T//cdc_msc.elf.3g6tUN.ltrans0.ltrans.o
                                                  _build/ek-tm4c123gxl/obj/src/device/usbd.o (symbol from plugin)
tud_descriptor_other_speed_configuration_cb       /var/folders/vb/jgxdfp997zncd3gd8bnywpm00000gn/T//cdc_msc.elf.3g6tUN.ltrans0.ltrans.o
                                                  _build/ek-tm4c123gxl/obj/src/device/usbd.o (symbol from plugin)
tud_descriptor_string_cb                          _build/ek-tm4c123gxl/obj/examples/device/cdc_msc/src/usb_descriptors.o (symbol from plugin)
                                                  _build/ek-tm4c123gxl/obj/src/device/usbd.o (symbol from plugin)
tud_disconnect                                    _build/ek-tm4c123gxl/obj/src/device/usbd.o (symbol from plugin)
tud_init                                          _build/ek-tm4c123gxl/obj/src/device/usbd.o (symbol from plugin)
                                                  _build/ek-tm4c123gxl/obj/examples/device/cdc_msc/src/main.o (symbol from plugin)
tud_inited                                        _build/ek-tm4c123gxl/obj/src/device/usbd.o (symbol from plugin)
                                                  _build/ek-tm4c123gxl/obj/src/tusb.o (symbol from plugin)
tud_mount_cb                                      _build/ek-tm4c123gxl/obj/examples/device/cdc_msc/src/main.o (symbol from plugin)
                                                  _build/ek-tm4c123gxl/obj/src/device/usbd.o (symbol from plugin)
tud_mounted                                       _build/ek-tm4c123gxl/obj/src/device/usbd.o (symbol from plugin)
                                                  _build/ek-tm4c123gxl/obj/src/class/cdc/cdc_device.o (symbol from plugin)
tud_msc_capacity_cb                               _build/ek-tm4c123gxl/obj/examples/device/cdc_msc/src/msc_disk.o (symbol from plugin)
                                                  _build/ek-tm4c123gxl/obj/src/class/msc/msc_device.o (symbol from plugin)
tud_msc_get_maxlun_cb                             /var/folders/vb/jgxdfp997zncd3gd8bnywpm00000gn/T//cdc_msc.elf.3g6tUN.ltrans0.ltrans.o
                                                  _build/ek-tm4c123gxl/obj/src/class/msc/msc_device.o (symbol from plugin)
tud_msc_inquiry_cb                                _build/ek-tm4c123gxl/obj/examples/device/cdc_msc/src/msc_disk.o (symbol from plugin)
                                                  _build/ek-tm4c123gxl/obj/src/class/msc/msc_device.o (symbol from plugin)
tud_msc_is_writable_cb                            _build/ek-tm4c123gxl/obj/examples/device/cdc_msc/src/msc_disk.o (symbol from plugin)