Archive member included to satisfy reference by file (symbol)

/Volumes/4T/develop/efr32/toolchains/gnu_arm/7.2_2017q4/bin/../lib/gcc/arm-none-eabi/7.2.1/../../../../arm-none-eabi/lib/thumb/v7e-m/fpv4-sp/softfp/libc.a(lib_a-exit.o)
                              /Volumes/4T/develop/efr32/toolchains/gnu_arm/7.2_2017q4/bin/../lib/gcc/arm-none-eabi/7.2.1/../../../../arm-none-eabi/lib/thumb/v7e-m/fpv4-sp/softfp/crt0.o (exit)
/Volumes/4T/develop/efr32/toolchains/gnu_arm/7.2_2017q4/bin/../lib/gcc/arm-none-eabi/7.2.1/../../../../arm-none-eabi/lib/thumb/v7e-m/fpv4-sp/softfp/libc.a(lib_a-impure.o)
                              /Volumes/4T/develop/efr32/toolchains/gnu_arm/7.2_2017q4/bin/../lib/gcc/arm-none-eabi/7.2.1/../../../../arm-none-eabi/lib/thumb/v7e-m/fpv4-sp/softfp/libc.a(lib_a-exit.o) (_global_impure_ptr)
/Volumes/4T/develop/efr32/toolchains/gnu_arm/7.2_2017q4/bin/../lib/gcc/arm-none-eabi/7.2.1/../../../../arm-none-eabi/lib/thumb/v7e-m/fpv4-sp/softfp/libc.a(lib_a-init.o)
                              /Volumes/4T/develop/efr32/toolchains/gnu_arm/7.2_2017q4/bin/../lib/gcc/arm-none-eabi/7.2.1/../../../../arm-none-eabi/lib/thumb/v7e-m/fpv4-sp/softfp/crt0.o (__libc_init_array)
/Volumes/4T/develop/efr32/toolchains/gnu_arm/7.2_2017q4/bin/../lib/gcc/arm-none-eabi/7.2.1/../../../../arm-none-eabi/lib/thumb/v7e-m/fpv4-sp/softfp/libc.a(lib_a-memset.o)
                              /Volumes/4T/develop/efr32/toolchains/gnu_arm/7.2_2017q4/bin/../lib/gcc/arm-none-eabi/7.2.1/../../../../arm-none-eabi/lib/thumb/v7e-m/fpv4-sp/softfp/crt0.o (memset)
/Volumes/4T/develop/efr32/toolchains/gnu_arm/7.2_2017q4/bin/../lib/gcc/arm-none-eabi/7.2.1/../../../../arm-none-eabi/lib/thumb/v7e-m/fpv4-sp/softfp/libc.a(lib_a-__call_atexit.o)
                              /Volumes/4T/develop/efr32/toolchains/gnu_arm/7.2_2017q4/bin/../lib/gcc/arm-none-eabi/7.2.1/../../../../arm-none-eabi/lib/thumb/v7e-m/fpv4-sp/softfp/libc.a(lib_a-exit.o) (__call_exitprocs)
/Volumes/4T/develop/efr32/toolchains/gnu_arm/7.2_2017q4/bin/../lib/gcc/arm-none-eabi/7.2.1/../../../../arm-none-eabi/lib/thumb/v7e-m/fpv4-sp/softfp/libc.a(lib_a-atexit.o)
                              /Volumes/4T/develop/efr32/toolchains/gnu_arm/7.2_2017q4/bin/../lib/gcc/arm-none-eabi/7.2.1/../../../../arm-none-eabi/lib/thumb/v7e-m/fpv4-sp/softfp/libc.a(lib_a-__call_atexit.o) (atexit)
/Volumes/4T/develop/efr32/toolchains/gnu_arm/7.2_2017q4/bin/../lib/gcc/arm-none-eabi/7.2.1/../../../../arm-none-eabi/lib/thumb/v7e-m/fpv4-sp/softfp/libc.a(lib_a-fini.o)
                              /Volumes/4T/develop/efr32/toolchains/gnu_arm/7.2_2017q4/bin/../lib/gcc/arm-none-eabi/7.2.1/../../../../arm-none-eabi/lib/thumb/v7e-m/fpv4-sp/softfp/libc.a(lib_a-__call_atexit.o) (__libc_fini_array)
/Volumes/4T/develop/efr32/toolchains/gnu_arm/7.2_2017q4/bin/../lib/gcc/arm-none-eabi/7.2.1/../../../../arm-none-eabi/lib/thumb/v7e-m/fpv4-sp/softfp/libc.a(lib_a-lock.o)
                              /Volumes/4T/develop/efr32/toolchains/gnu_arm/7.2_2017q4/bin/../lib/gcc/arm-none-eabi/7.2.1/../../../../arm-none-eabi/lib/thumb/v7e-m/fpv4-sp/softfp/libc.a(lib_a-__call_atexit.o) (__retarget_lock_acquire_recursive)
/Volumes/4T/develop/efr32/toolchains/gnu_arm/7.2_2017q4/bin/../lib/gcc/arm-none-eabi/7.2.1/../../../../arm-none-eabi/lib/thumb/v7e-m/fpv4-sp/softfp/libc.a(lib_a-__atexit.o)
                              /Volumes/4T/develop/efr32/toolchains/gnu_arm/7.2_2017q4/bin/../lib/gcc/arm-none-eabi/7.2.1/../../../../arm-none-eabi/lib/thumb/v7e-m/fpv4-sp/softfp/libc.a(lib_a-atexit.o) (__register_exitproc)
/Volumes/4T/develop/efr32/toolchains/gnu_arm/7.2_2017q4/bin/../lib/gcc/arm-none-eabi/7.2.1/../../../../arm-none-eabi/lib/thumb/v7e-m/fpv4-sp/softfp/libc.a(lib_a-iprintf.o)
                              CMakeFiles/usb_dev_bulk.dir/usb_dev_bulk.c.obj (iprintf)
/Volumes/4T/develop/efr32/toolchains/gnu_arm/7.2_2017q4/bin/../lib/gcc/arm-none-eabi/7.2.1/../../../../arm-none-eabi/lib/thumb/v7e-m/fpv4-sp/softfp/libc.a(lib_a-vfiprintf.o)
                              /Volumes/4T/develop/efr32/toolchains/gnu_arm/7.2_2017q4/bin/../lib/gcc/arm-none-eabi/7.2.1/../../../../arm-none-eabi/lib/thumb/v7e-m/fpv4-sp/softfp/libc.a(lib_a-iprintf.o) (_vfiprintf_r)
/Volumes/4T/develop/efr32/toolchains/gnu_arm/7.2_2017q4/bin/../lib/gcc/arm-none-eabi/7.2.1/../../../../arm-none-eabi/lib/thumb/v7e-m/fpv4-sp/softfp/libc.a(lib_a-wsetup.o)
                              /Volumes/4T/develop/efr32/toolchains/gnu_arm/7.2_2017q4/bin/../lib/gcc/arm-none-eabi/7.2.1/../../../../arm-none-eabi/lib/thumb/v7e-m/fpv4-sp/softfp/libc.a(lib_a-vfiprintf.o) (__swsetup_r)
/Volumes/4T/develop/efr32/toolchains/gnu_arm/7.2_2017q4/bin/../lib/gcc/arm-none-eabi/7.2.1/../../../../arm-none-eabi/lib/thumb/v7e-m/fpv4-sp/softfp/libc.a(lib_a-fflush.o)
                              /Volumes/4T/develop/efr32/toolchains/gnu_arm/7.2_2017q4/bin/../lib/gcc/arm-none-eabi/7.2.1/../../../../arm-none-eabi/lib/thumb/v7e-m/fpv4-sp/softfp/libc.a(lib_a-vfiprintf.o) (_fflush_r)
[...]
Memory Configuration

Name             Origin             Length             Attributes
FLASH            0x0000000000000000 0x0000000000040000 xr
SRAM             0x0000000020000000 0x0000000000008000 xrw
*default*        0x0000000000000000 0xffffffffffffffff

Linker script and memory map

LOAD /Volumes/4T/develop/efr32/toolchains/gnu_arm/7.2_2017q4/bin/../lib/gcc/arm-none-eabi/7.2.1/thumb/v7e-m/fpv4-sp/softfp/crti.o
LOAD /Volumes/4T/develop/efr32/toolchains/gnu_arm/7.2_2017q4/bin/../lib/gcc/arm-none-eabi/7.2.1/thumb/v7e-m/fpv4-sp/softfp/crtbegin.o
LOAD /Volumes/4T/develop/efr32/toolchains/gnu_arm/7.2_2017q4/bin/../lib/gcc/arm-none-eabi/7.2.1/../../../../arm-none-eabi/lib/thumb/v7e-m/fpv4-sp/softfp/crt0.o

.text           0x0000000000000000     0x6ba4
                0x0000000000000000                _text = .
 *(.isr_vector)
 .isr_vector    0x0000000000000000      0x26c CMakeFiles/usb_dev_bulk.dir/startup_gcc.c.obj
                0x0000000000000000                g_pfnVectors
 *(.init)
 .init          0x000000000000026c        0x4 /Volumes/4T/develop/efr32/toolchains/gnu_arm/7.2_2017q4/bin/../lib/gcc/arm-none-eabi/7.2.1/thumb/v7e-m/fpv4-sp/softfp/crti.o
                0x000000000000026c                _init
 .init          0x0000000000000270        0x8 /Volumes/4T/develop/efr32/toolchains/gnu_arm/7.2_2017q4/bin/../lib/gcc/arm-none-eabi/7.2.1/thumb/v7e-m/fpv4-sp/softfp/crtn.o
 *(.fini)
 .fini          0x0000000000000278        0x4 /Volumes/4T/develop/efr32/toolchains/gnu_arm/7.2_2017q4/bin/../lib/gcc/arm-none-eabi/7.2.1/thumb/v7e-m/fpv4-sp/softfp/crti.o
                0x0000000000000278                _fini
 .fini          0x000000000000027c        0x8 /Volumes/4T/develop/efr32/toolchains/gnu_arm/7.2_2017q4/bin/../lib/gcc/arm-none-eabi/7.2.1/thumb/v7e-m/fpv4-sp/softfp/crtn.o
 *(.text*)
 .text.memset   0x0000000000000284       0x94 /Volumes/4T/develop/efr32/toolchains/gnu_arm/7.2_2017q4/bin/../lib/gcc/arm-none-eabi/7.2.1/../../../../arm-none-eabi/lib/thumb/v7e-m/fpv4-sp/softfp/libc.a(lib_a-memset.o)
                0x0000000000000284                memset
 .text.__retarget_lock_init_recursive
                0x0000000000000318        0x4 /Volumes/4T/develop/efr32/toolchains/gnu_arm/7.2_2017q4/bin/../lib/gcc/arm-none-eabi/7.2.1/../../../../arm-none-eabi/lib/thumb/v7e-m/fpv4-sp/softfp/libc.a(lib_a-lock.o)
                0x0000000000000318                __retarget_lock_init_recursive
 .text.__retarget_lock_close_recursive
                0x000000000000031c        0x4 /Volumes/4T/develop/efr32/toolchains/gnu_arm/7.2_2017q4/bin/../lib/gcc/arm-none-eabi/7.2.1/../../../../arm-none-eabi/lib/thumb/v7e-m/fpv4-sp/softfp/libc.a(lib_a-lock.o)
                0x000000000000031c                __retarget_lock_close_recursive
 .text.__retarget_lock_acquire_recursive
                0x0000000000000320        0x4 /Volumes/4T/develop/efr32/toolchains/gnu_arm/7.2_2017q4/bin/../lib/gcc/arm-none-eabi/7.2.1/../../../../arm-none-eabi/lib/thumb/v7e-m/fpv4-sp/softfp/libc.a(lib_a-lock.o)
                0x0000000000000320                __retarget_lock_acquire_recursive
 .text.__retarget_lock_release_recursive
                0x0000000000000324        0x4 /Volumes/4T/develop/efr32/toolchains/gnu_arm/7.2_2017q4/bin/../lib/gcc/arm-none-eabi/7.2.1/../../../../arm-none-eabi/lib/thumb/v7e-m/fpv4-sp/softfp/libc.a(lib_a-lock.o)
                0x0000000000000324                __retarget_lock_release_recursive
 .text.ResetISR
                0x0000000000000328       0x6c CMakeFiles/usb_dev_bulk.dir/startup_gcc.c.obj
                0x0000000000000328                ResetISR
 .text.NmiSR    0x0000000000000394        0x6 CMakeFiles/usb_dev_bulk.dir/startup_gcc.c.obj
 .text.FaultISR
                0x000000000000039a        0x6 CMakeFiles/usb_dev_bulk.dir/startup_gcc.c.obj
 .text.IntDefaultHandler
                0x00000000000003a0        0x6 CMakeFiles/usb_dev_bulk.dir/startup_gcc.c.obj
 *fill*         0x00000000000003a6        0x2 
 .text.SysTickIntHandler
                0x00000000000003a8       0x1c CMakeFiles/usb_dev_bulk.dir/usb_dev_bulk.c.obj
                0x00000000000003a8                SysTickIntHandler
 .text.EchoNewDataToHost
                0x00000000000003c4      0x11c CMakeFiles/usb_dev_bulk.dir/usb_dev_bulk.c.obj
 .text.TxHandler
                0x00000000000004e0       0x34 CMakeFiles/usb_dev_bulk.dir/usb_dev_bulk.c.obj
                0x00000000000004e0                TxHandler
 .text.RxHandler
                0x0000000000000514       0x9c CMakeFiles/usb_dev_bulk.dir/usb_dev_bulk.c.obj
                0x0000000000000514                RxHandler
 .text.main     0x00000000000005b0      0x1f0 CMakeFiles/usb_dev_bulk.dir/usb_dev_bulk.c.obj
                0x00000000000005b0                main
 .text._write   0x00000000000007a0       0x44 CMakeFiles/usb_dev_bulk.dir/Volumes/4T/develop/ti/EK-LM4F120XL/SW-EK-LM4F120XL-9453.dev/boards/ek-lm4f120xl-new/drivers/retargetserial.c.obj
                0x00000000000007a0                _write
 .text._sbrk    0x00000000000007e4       0x16 CMakeFiles/usb_dev_bulk.dir/Volumes/4T/develop/ti/EK-LM4F120XL/SW-EK-LM4F120XL-9453.dev/boards/ek-lm4f120xl-new/drivers/retargetserial.c.obj
                0x00000000000007e4                _sbrk
 .text._fstat   0x00000000000007fa       0x18 CMakeFiles/usb_dev_bulk.dir/Volumes/4T/develop/ti/EK-LM4F120XL/SW-EK-LM4F120XL-9453.dev/boards/ek-lm4f120xl-new/drivers/retargetserial.c.obj
                0x00000000000007fa                _fstat
 .text._read    0x0000000000000812       0x1a CMakeFiles/usb_dev_bulk.dir/Volumes/4T/develop/ti/EK-LM4F120XL/SW-EK-LM4F120XL-9453.dev/boards/ek-lm4f120xl-new/drivers/retargetserial.c.obj
                0x0000000000000812                _read
 .text.IsBufferFull
                0x000000000000082c       0x42 CMakeFiles/usb_dev_bulk.dir/Volumes/4T/develop/ti/EK-LM4F120XL/SW-EK-LM4F120XL-9453.dev/utils/uartstdio.c.obj
 .text.IsBufferEmpty
                0x000000000000086e       0x30 CMakeFiles/usb_dev_bulk.dir/Volumes/4T/develop/ti/EK-LM4F120XL/SW-EK-LM4F120XL-9453.dev/utils/uartstdio.c.obj
 *fill*         0x000000000000089e        0x2 
 .text.UARTPrimeTransmit
                0x00000000000008a0       0xb0 CMakeFiles/usb_dev_bulk.dir/Volumes/4T/develop/ti/EK-LM4F120XL/SW-EK-LM4F120XL-9453.dev/utils/uartstdio.c.obj
 .text.UARTStdioConfig
                0x0000000000000950      0x100 CMakeFiles/usb_dev_bulk.dir/Volumes/4T/develop/ti/EK-LM4F120XL/SW-EK-LM4F120XL-9453.dev/utils/uartstdio.c.obj
                0x0000000000000950                UARTStdioConfig
 .text.UARTStdioInit
                0x0000000000000a50       0x2c CMakeFiles/usb_dev_bulk.dir/Volumes/4T/develop/ti/EK-LM4F120XL/SW-EK-LM4F120XL-9453.dev/utils/uartstdio.c.obj
                0x0000000000000a50                UARTStdioInit
 .text.UARTwrite
                0x0000000000000a7c       0xd8 CMakeFiles/usb_dev_bulk.dir/Volumes/4T/develop/ti/EK-LM4F120XL/SW-EK-LM4F120XL-9453.dev/utils/uartstdio.c.obj
                0x0000000000000a7c                UARTwrite
 .text.UARTFlushRx
                0x0000000000000b54       0x44 CMakeFiles/usb_dev_bulk.dir/Volumes/4T/develop/ti/EK-LM4F120XL/SW-EK-LM4F120XL-9453.dev/utils/uartstdio.c.obj
                0x0000000000000b54                UARTFlushRx
 .text.UARTFlushTx
                0x0000000000000b98       0x60 CMakeFiles/usb_dev_bulk.dir/Volumes/4T/develop/ti/EK-LM4F120XL/SW-EK-LM4F120XL-9453.dev/utils/uartstdio.c.obj
                0x0000000000000b98                UARTFlushTx
 .text.UARTStdioIntHandler
                0x0000000000000bf8      0x1b4 CMakeFiles/usb_dev_bulk.dir/Volumes/4T/develop/ti/EK-LM4F120XL/SW-EK-LM4F120XL-9453.dev/utils/uartstdio.c.obj
                0x0000000000000bf8                UARTStdioIntHandler
 .text.iprintf  0x0000000000000dac       0x28 /Volumes/4T/develop/efr32/toolchains/gnu_arm/7.2_2017q4/bin/../lib/gcc/arm-none-eabi/7.2.1/../../../../arm-none-eabi/lib/thumb/v7e-m/fpv4-sp/softfp/libc.a(lib_a-iprintf.o)
                0x0000000000000dac                iprintf
 .text.__sprint_r.part.0
                0x0000000000000dd4       0x78 /Volumes/4T/develop/efr32/toolchains/gnu_arm/7.2_2017q4/bin/../lib/gcc/arm-none-eabi/7.2.1/../../../../arm-none-eabi/lib/thumb/v7e-m/fpv4-sp/softfp/libc.a(lib_a-vfiprintf.o)
 .text._vfiprintf_r
                0x0000000000000e4c      0xc24 /Volumes/4T/develop/efr32/toolchains/gnu_arm/7.2_2017q4/bin/../lib/gcc/arm-none-eabi/7.2.1/../../../../arm-none-eabi/lib/thumb/v7e-m/fpv4-sp/softfp/libc.a(lib_a-vfiprintf.o)
                0x0000000000000e4c                _vfiprintf_r
 .text.__sbprintf
                0x0000000000001a70       0x84 /Volumes/4T/develop/efr32/toolchains/gnu_arm/7.2_2017q4/bin/../lib/gcc/arm-none-eabi/7.2.1/../../../../arm-none-eabi/lib/thumb/v7e-m/fpv4-sp/softfp/libc.a(lib_a-vfiprintf.o)
 .text.__swsetup_r
                0x0000000000001af4       0xcc /Volumes/4T/develop/efr32/toolchains/gnu_arm/7.2_2017q4/bin/../lib/gcc/arm-none-eabi/7.2.1/../../../../arm-none-eabi/lib/thumb/v7e-m/fpv4-sp/softfp/libc.a(lib_a-wsetup.o)
                0x0000000000001af4                __swsetup_r
 .text.__sflush_r
                0x0000000000001bc0      0x154 /Volumes/4T/develop/efr32/toolchains/gnu_arm/7.2_2017q4/bin/../lib/gcc/arm-none-eabi/7.2.1/../../../../arm-none-eabi/lib/thumb/v7e-m/fpv4-sp/softfp/libc.a(lib_a-fflush.o)
                0x0000000000001bc0                __sflush_r
 .text._fflush_r
                0x0000000000001d14       0x5c /Volumes/4T/develop/efr32/toolchains/gnu_arm/7.2_2017q4/bin/../lib/gcc/arm-none-eabi/7.2.1/../../../../arm-none-eabi/lib/thumb/v7e-m/fpv4-sp/softfp/libc.a(lib_a-fflush.o)
                0x0000000000001d14                _fflush_r
 .text.std      0x0000000000001d70       0x50 /Volumes/4T/develop/efr32/toolchains/gnu_arm/7.2_2017q4/bin/../lib/gcc/arm-none-eabi/7.2.1/../../../../arm-none-eabi/lib/thumb/v7e-m/fpv4-sp/softfp/libc.a(lib_a-findfp.o)
 .text._cleanup_r
                0x0000000000001dc0        0xc /Volumes/4T/develop/efr32/toolchains/gnu_arm/7.2_2017q4/bin/../lib/gcc/arm-none-eabi/7.2.1/../../../../arm-none-eabi/lib/thumb/v7e-m/fpv4-sp/softfp/libc.a(lib_a-findfp.o)
                0x0000000000001dc0                _cleanup_r
 .text.__sinit  0x0000000000001dcc       0x58 /Volumes/4T/develop/efr32/toolchains/gnu_arm/7.2_2017q4/bin/../lib/gcc/arm-none-eabi/7.2.1/../../../../arm-none-eabi/lib/thumb/v7e-m/fpv4-sp/softfp/libc.a(lib_a-findfp.o)
                0x0000000000001dcc                __sinit
 .text.__sfp_lock_acquire
                0x0000000000001e24        0xc /Volumes/4T/develop/efr32/toolchains/gnu_arm/7.2_2017q4/bin/../lib/gcc/arm-none-eabi/7.2.1/../../../../arm-none-eabi/lib/thumb/v7e-m/fpv4-sp/softfp/libc.a(lib_a-findfp.o)
                0x0000000000001e24                __sfp_lock_acquire
 .text.__sfp_lock_release
                0x0000000000001e30        0xc /Volumes/4T/develop/efr32/toolchains/gnu_arm/7.2_2017q4/bin/../lib/gcc/arm-none-eabi/7.2.1/../../../../arm-none-eabi/lib/thumb/v7e-m/fpv4-sp/softfp/libc.a(lib_a-findfp.o)
                0x0000000000001e30                __sfp_lock_release
 .text.__fputwc
                0x0000000000001e3c       0xa0 /Volumes/4T/develop/efr32/toolchains/gnu_arm/7.2_2017q4/bin/../lib/gcc/arm-none-eabi/7.2.1/../../../../arm-none-eabi/lib/thumb/v7e-m/fpv4-sp/softfp/libc.a(lib_a-fputwc.o)
                0x0000000000001e3c                __fputwc
 .text._fputwc_r
                0x0000000000001edc       0x64 /Volumes/4T/develop/efr32/toolchains/gnu_arm/7.2_2017q4/bin/../lib/gcc/arm-none-eabi/7.2.1/../../../../arm-none-eabi/lib/thumb/v7e-m/fpv4-sp/softfp/libc.a(lib_a-fputwc.o)
                0x0000000000001edc                _fputwc_r
 .text._malloc_trim_r
                0x0000000000001f40       0xa0 /Volumes/4T/develop/efr32/toolchains/gnu_arm/7.2_2017q4/bin/../lib/gcc/arm-none-eabi/7.2.1/../../../../arm-none-eabi/lib/thumb/v7e-m/fpv4-sp/softfp/libc.a(lib_a-freer.o)
                0x0000000000001f40                _malloc_trim_r
 .text._free_r  0x0000000000001fe0      0x1e8 /Volumes/4T/develop/efr32/toolchains/gnu_arm/7.2_2017q4/bin/../lib/gcc/arm-none-eabi/7.2.1/../../../../arm-none-eabi/lib/thumb/v7e-m/fpv4-sp/softfp/libc.a(lib_a-freer.o)
                0x0000000000001fe0                _free_r
 .text.__sfvwrite_r
                0x00000000000021c8      0x2fc /Volumes/4T/develop/efr32/toolchains/gnu_arm/7.2_2017q4/bin/../lib/gcc/arm-none-eabi/7.2.1/../../../../arm-none-eabi/lib/thumb/v7e-m/fpv4-sp/softfp/libc.a(lib_a-fvwrite.o)
                0x00000000000021c8                __sfvwrite_r
 .text._fwalk_reent
                0x00000000000024c4       0x54 /Volumes/4T/develop/efr32/toolchains/gnu_arm/7.2_2017q4/bin/../lib/gcc/arm-none-eabi/7.2.1/../../../../arm-none-eabi/lib/thumb/v7e-m/fpv4-sp/softfp/libc.a(lib_a-fwalk.o)
                0x00000000000024c4                _fwalk_reent
 .text.__locale_mb_cur_max
                0x0000000000002518       0x1c /Volumes/4T/develop/efr32/toolchains/gnu_arm/7.2_2017q4/bin/../lib/gcc/arm-none-eabi/7.2.1/../../../../arm-none-eabi/lib/thumb/v7e-m/fpv4-sp/softfp/libc.a(lib_a-locale.o)
                0x0000000000002518                __locale_mb_cur_max
 .text.__swhatbuf_r
                0x0000000000002534       0x5c /Volumes/4T/develop/efr32/toolchains/gnu_arm/7.2_2017q4/bin/../lib/gcc/arm-none-eabi/7.2.1/../../../../arm-none-eabi/lib/thumb/v7e-m/fpv4-sp/softfp/libc.a(lib_a-makebuf.o)
                0x0000000000002534                __swhatbuf_r
 .text.__smakebuf_r
                0x0000000000002590       0x94 /Volumes/4T/develop/efr32/toolchains/gnu_arm/7.2_2017q4/bin/../lib/gcc/arm-none-eabi/7.2.1/../../../../arm-none-eabi/lib/thumb/v7e-m/fpv4-sp/softfp/libc.a(lib_a-makebuf.o)
                0x0000000000002590                __smakebuf_r
 .text._malloc_r
                0x0000000000002624      0x548 /Volumes/4T/develop/efr32/toolchains/gnu_arm/7.2_2017q4/bin/../lib/gcc/arm-none-eabi/7.2.1/../../../../arm-none-eabi/lib/thumb/v7e-m/fpv4-sp/softfp/libc.a(lib_a-mallocr.o)
                0x0000000000002624                _malloc_r
 .text.__ascii_mbtowc
                0x0000000000002b6c       0x2c /Volumes/4T/develop/efr32/toolchains/gnu_arm/7.2_2017q4/bin/../lib/gcc/arm-none-eabi/7.2.1/../../../../arm-none-eabi/lib/thumb/v7e-m/fpv4-sp/softfp/libc.a(lib_a-mbtowc_r.o)
                0x0000000000002b6c                __ascii_mbtowc
 *fill*         0x0000000000002b98        0x8 
 .text          0x0000000000002ba0       0xa0 /Volumes/4T/develop/efr32/toolchains/gnu_arm/7.2_2017q4/bin/../lib/gcc/arm-none-eabi/7.2.1/../../../../arm-none-eabi/lib/thumb/v7e-m/fpv4-sp/softfp/libc.a(lib_a-memchr.o)
                0x0000000000002ba0                memchr
 .text          0x0000000000002c40      0x134 /Volumes/4T/develop/efr32/toolchains/gnu_arm/7.2_2017q4/bin/../lib/gcc/arm-none-eabi/7.2.1/../../../../arm-none-eabi/lib/thumb/v7e-m/fpv4-sp/softfp/libc.a(lib_a-memcpy.o)
                0x0000000000002c40                memcpy
 .text.memmove  0x0000000000002d74       0xc8 /Volumes/4T/develop/efr32/toolchains/gnu_arm/7.2_2017q4/bin/../lib/gcc/arm-none-eabi/7.2.1/../../../../arm-none-eabi/lib/thumb/v7e-m/fpv4-sp/softfp/libc.a(lib_a-memmove.o)
                0x0000000000002d74                memmove
 .text.__malloc_lock
                0x0000000000002e3c        0xc /Volumes/4T/develop/efr32/toolchains/gnu_arm/7.2_2017q4/bin/../lib/gcc/arm-none-eabi/7.2.1/../../../../arm-none-eabi/lib/thumb/v7e-m/fpv4-sp/softfp/libc.a(lib_a-mlock.o)
                0x0000000000002e3c                __malloc_lock
 .text.__malloc_unlock
                0x0000000000002e48        0xc /Volumes/4T/develop/efr32/toolchains/gnu_arm/7.2_2017q4/bin/../lib/gcc/arm-none-eabi/7.2.1/../../../../arm-none-eabi/lib/thumb/v7e-m/fpv4-sp/softfp/libc.a(lib_a-mlock.o)
                0x0000000000002e48                __malloc_unlock
 .text._realloc_r
                0x0000000000002e54      0x35c /Volumes/4T/develop/efr32/toolchains/gnu_arm/7.2_2017q4/bin/../lib/gcc/arm-none-eabi/7.2.1/../../../../arm-none-eabi/lib/thumb/v7e-m/fpv4-sp/softfp/libc.a(lib_a-reallocr.o)
                0x0000000000002e54                _realloc_r
 .text._sbrk_r  0x00000000000031b0       0x24 /Volumes/4T/develop/efr32/toolchains/gnu_arm/7.2_2017q4/bin/../lib/gcc/arm-none-eabi/7.2.1/../../../../arm-none-eabi/lib/thumb/v7e-m/fpv4-sp/softfp/libc.a(lib_a-sbrkr.o)
                0x00000000000031b0                _sbrk_r
 .text.__sread  0x00000000000031d4       0x24 /Volumes/4T/develop/efr32/toolchains/gnu_arm/7.2_2017q4/bin/../lib/gcc/arm-none-eabi/7.2.1/../../../../arm-none-eabi/lib/thumb/v7e-m/fpv4-sp/softfp/libc.a(lib_a-stdio.o)
                0x00000000000031d4                __sread
 .text.__swrite
                0x00000000000031f8       0x3c /Volumes/4T/develop/efr32/toolchains/gnu_arm/7.2_2017q4/bin/../lib/gcc/arm-none-eabi/7.2.1/../../../../arm-none-eabi/lib/thumb/v7e-m/fpv4-sp/softfp/libc.a(lib_a-stdio.o)
                0x00000000000031f8                __swrite
 .text.__sseek  0x0000000000003234       0x20 /Volumes/4T/develop/efr32/toolchains/gnu_arm/7.2_2017q4/bin/../lib/gcc/arm-none-eabi/7.2.1/../../../../arm-none-eabi/lib/thumb/v7e-m/fpv4-sp/softfp/libc.a(lib_a-stdio.o)
                0x0000000000003234                __sseek
 .text.__sclose
                0x0000000000003254        0x8 /Volumes/4T/develop/efr32/toolchains/gnu_arm/7.2_2017q4/bin/../lib/gcc/arm-none-eabi/7.2.1/../../../../arm-none-eabi/lib/thumb/v7e-m/fpv4-sp/softfp/libc.a(lib_a-stdio.o)
                0x0000000000003254                __sclose
 *fill*         0x000000000000325c       0x24 
 .text          0x0000000000003280       0xdc /Volumes/4T/develop/efr32/toolchains/gnu_arm/7.2_2017q4/bin/../lib/gcc/arm-none-eabi/7.2.1/../../../../arm-none-eabi/lib/thumb/v7e-m/fpv4-sp/softfp/libc.a(lib_a-strlen.o)
                0x0000000000003280                strlen
 .text.__swbuf_r
                0x000000000000335c       0xb0 /Volumes/4T/develop/efr32/toolchains/gnu_arm/7.2_2017q4/bin/../lib/gcc/arm-none-eabi/7.2.1/../../../../arm-none-eabi/lib/thumb/v7e-m/fpv4-sp/softfp/libc.a(lib_a-wbuf.o)
                0x000000000000335c                __swbuf_r
 .text._wcrtomb_r
                0x000000000000340c       0x50 /Volumes/4T/develop/efr32/toolchains/gnu_arm/7.2_2017q4/bin/../lib/gcc/arm-none-eabi/7.2.1/../../../../arm-none-eabi/lib/thumb/v7e-m/fpv4-sp/softfp/libc.a(lib_a-wcrtomb.o)
                0x000000000000340c                _wcrtomb_r
 .text.__ascii_wctomb
                0x000000000000345c       0x1c /Volumes/4T/develop/efr32/toolchains/gnu_arm/7.2_2017q4/bin/../lib/gcc/arm-none-eabi/7.2.1/../../../../arm-none-eabi/lib/thumb/v7e-m/fpv4-sp/softfp/libc.a(lib_a-wctomb_r.o)
                0x000000000000345c                __ascii_wctomb
 .text._write_r
                0x0000000000003478       0x2c /Volumes/4T/develop/efr32/toolchains/gnu_arm/7.2_2017q4/bin/../lib/gcc/arm-none-eabi/7.2.1/../../../../arm-none-eabi/lib/thumb/v7e-m/fpv4-sp/softfp/libc.a(lib_a-writer.o)
                0x0000000000003478                _write_r
 .text._close_r
                0x00000000000034a4       0x24 /Volumes/4T/develop/efr32/toolchains/gnu_arm/7.2_2017q4/bin/../lib/gcc/arm-none-eabi/7.2.1/../../../../arm-none-eabi/lib/thumb/v7e-m/fpv4-sp/softfp/libc.a(lib_a-closer.o)
                0x00000000000034a4                _close_r
 .text._fclose_r
                0x00000000000034c8       0xd0 /Volumes/4T/develop/efr32/toolchains/gnu_arm/7.2_2017q4/bin/../lib/gcc/arm-none-eabi/7.2.1/../../../../arm-none-eabi/lib/thumb/v7e-m/fpv4-sp/softfp/libc.a(lib_a-fclose.o)
                0x00000000000034c8                _fclose_r
 .text._fstat_r
                0x0000000000003598       0x28 /Volumes/4T/develop/efr32/toolchains/gnu_arm/7.2_2017q4/bin/../lib/gcc/arm-none-eabi/7.2.1/../../../../arm-none-eabi/lib/thumb/v7e-m/fpv4-sp/softfp/libc.a(lib_a-fstatr.o)
                0x0000000000003598                _fstat_r
 .text._isatty_r
                0x00000000000035c0       0x24 /Volumes/4T/develop/efr32/toolchains/gnu_arm/7.2_2017q4/bin/../lib/gcc/arm-none-eabi/7.2.1/../../../../arm-none-eabi/lib/thumb/v7e-m/fpv4-sp/softfp/libc.a(lib_a-isattyr.o)
                0x00000000000035c0                _isatty_r
 .text._lseek_r
                0x00000000000035e4       0x2c /Volumes/4T/develop/efr32/toolchains/gnu_arm/7.2_2017q4/bin/../lib/gcc/arm-none-eabi/7.2.1/../../../../arm-none-eabi/lib/thumb/v7e-m/fpv4-sp/softfp/libc.a(lib_a-lseekr.o)
                0x00000000000035e4                _lseek_r
 .text._read_r  0x0000000000003610       0x2c /Volumes/4T/develop/efr32/toolchains/gnu_arm/7.2_2017q4/bin/../lib/gcc/arm-none-eabi/7.2.1/../../../../arm-none-eabi/lib/thumb/v7e-m/fpv4-sp/softfp/libc.a(lib_a-readr.o)
                0x0000000000003610                _read_r
 .text.findslot
                0x000000000000363c       0x38 /Volumes/4T/develop/efr32/toolchains/gnu_arm/7.2_2017q4/bin/../lib/gcc/arm-none-eabi/7.2.1/../../../../arm-none-eabi/lib/thumb/v7e-m/fpv4-sp/softfp/librdimon.a(rdimon-syscalls.o)
 .text.checkerror.part.0
                0x0000000000003674       0x1c /Volumes/4T/develop/efr32/toolchains/gnu_arm/7.2_2017q4/bin/../lib/gcc/arm-none-eabi/7.2.1/../../../../arm-none-eabi/lib/thumb/v7e-m/fpv4-sp/softfp/librdimon.a(rdimon-syscalls.o)
 .text._swilseek
                0x0000000000003690       0x9c /Volumes/4T/develop/efr32/toolchains/gnu_arm/7.2_2017q4/bin/../lib/gcc/arm-none-eabi/7.2.1/../../../../arm-none-eabi/lib/thumb/v7e-m/fpv4-sp/softfp/librdimon.a(rdimon-syscalls.o)
                0x0000000000003690                _swilseek
 .text._lseek   0x000000000000372c        0x4 /Volumes/4T/develop/efr32/toolchains/gnu_arm/7.2_2017q4/bin/../lib/gcc/arm-none-eabi/7.2.1/../../../../arm-none-eabi/lib/thumb/v7e-m/fpv4-sp/softfp/librdimon.a(rdimon-syscalls.o)
                0x000000000000372c                _lseek
 .text._close   0x0000000000003730       0x6c /Volumes/4T/develop/efr32/toolchains/gnu_arm/7.2_2017q4/bin/../lib/gcc/arm-none-eabi/7.2.1/../../../../arm-none-eabi/lib/thumb/v7e-m/fpv4-sp/softfp/librdimon.a(rdimon-syscalls.o)
                0x0000000000003730                _close
 .text._isatty  0x000000000000379c       0x3c /Volumes/4T/develop/efr32/toolchains/gnu_arm/7.2_2017q4/bin/../lib/gcc/arm-none-eabi/7.2.1/../../../../arm-none-eabi/lib/thumb/v7e-m/fpv4-sp/softfp/librdimon.a(rdimon-syscalls.o)
                0x000000000000379c                _isatty
 .text.USB0DeviceIntHandler
                0x00000000000037d8       0x2c usblib/libusb-cm4f.a(usbdhandler.c.obj)
                0x00000000000037d8                USB0DeviceIntHandler
 .text.SetDeferredOpFlag
                0x0000000000003804       0x4a usblib/libusb-cm4f.a(usbdbulk.c.obj)
 *fill*         0x000000000000384e        0x2 
 .text.ProcessDataFromHost
                0x0000000000003850       0xb0 usblib/libusb-cm4f.a(usbdbulk.c.obj)
 .text.ProcessDataToHost
                0x0000000000003900       0x70 usblib/libusb-cm4f.a(usbdbulk.c.obj)
 .text.HandleEndpoints
                0x0000000000003970       0x5e usblib/libusb-cm4f.a(usbdbulk.c.obj)
 .text.HandleConfigChange
                0x00000000000039ce       0x46 usblib/libusb-cm4f.a(usbdbulk.c.obj)
 .text.HandleDevice
                0x0000000000003a14       0x6e usblib/libusb-cm4f.a(usbdbulk.c.obj)
 .text.HandleDisconnect
                0x0000000000003a82       0x3a usblib/libusb-cm4f.a(usbdbulk.c.obj)
 .text.HandleSuspend
                0x0000000000003abc       0x24 usblib/libusb-cm4f.a(usbdbulk.c.obj)
 .text.HandleResume
                0x0000000000003ae0       0x24 usblib/libusb-cm4f.a(usbdbulk.c.obj)
 .text.BulkTickHandler
                0x0000000000003b04       0x58 usblib/libusb-cm4f.a(usbdbulk.c.obj)
 .text.USBDBulkInit
                0x0000000000003b5c       0x32 usblib/libusb-cm4f.a(usbdbulk.c.obj)
                0x0000000000003b5c                USBDBulkInit
 *fill*         0x0000000000003b8e        0x2 
 .text.USBDBulkCompositeInit
                0x0000000000003b90       0xc0 usblib/libusb-cm4f.a(usbdbulk.c.obj)
                0x0000000000003b90                USBDBulkCompositeInit
 .text.USBDBulkPacketWrite
                0x0000000000003c50       0xa0 usblib/libusb-cm4f.a(usbdbulk.c.obj)
                0x0000000000003c50                USBDBulkPacketWrite
 .text.USBDBulkPacketRead
                0x0000000000003cf0       0xd0 usblib/libusb-cm4f.a(usbdbulk.c.obj)
                0x0000000000003cf0                USBDBulkPacketRead
 .text.USBDBulkTxPacketAvailable
                0x0000000000003dc0       0x2a usblib/libusb-cm4f.a(usbdbulk.c.obj)
                0x0000000000003dc0                USBDBulkTxPacketAvailable
 *fill*         0x0000000000003dea        0x2 
 .text.USBDBulkRxPacketAvailable
                0x0000000000003dec       0x5c usblib/libusb-cm4f.a(usbdbulk.c.obj)
                0x0000000000003dec                USBDBulkRxPacketAvailable
 .text.USBDCDInit
                0x0000000000003e48      0x1ac usblib/libusb-cm4f.a(usbdenum.c.obj)
                0x0000000000003e48                USBDCDInit
 .text.USBDCDStallEP0
                0x0000000000003ff4       0x34 usblib/libusb-cm4f.a(usbdenum.c.obj)
                0x0000000000003ff4                USBDCDStallEP0
 .text.USBDeviceResumeTickHandler
                0x0000000000004028       0x78 usblib/libusb-cm4f.a(usbdenum.c.obj)
                0x0000000000004028                USBDeviceResumeTickHandler
 .text.USBDReadAndDispatchRequest
                0x00000000000040a0       0xac usblib/libusb-cm4f.a(usbdenum.c.obj)
 .text.USBDeviceEnumHandler
                0x000000000000414c      0x184 usblib/libusb-cm4f.a(usbdenum.c.obj)
                0x000000000000414c                USBDeviceEnumHandler
 .text.USBDeviceEnumResetHandler
                0x00000000000042d0       0x68 usblib/libusb-cm4f.a(usbdenum.c.obj)
                0x00000000000042d0                USBDeviceEnumResetHandler
 .text.USBDGetStatus
                0x0000000000004338       0xc0 usblib/libusb-cm4f.a(usbdenum.c.obj)
 .text.USBDClearFeature
                0x00000000000043f8      0x10c usblib/libusb-cm4f.a(usbdenum.c.obj)
 .text.USBDSetFeature
                0x0000000000004504       0xd4 usblib/libusb-cm4f.a(usbdenum.c.obj)
 .text.USBDSetAddress
                0x00000000000045d8       0x44 usblib/libusb-cm4f.a(usbdenum.c.obj)
 .text.USBDGetDescriptor
                0x000000000000461c      0x180 usblib/libusb-cm4f.a(usbdenum.c.obj)
 .text.USBDStringIndexFromRequest
                0x000000000000479c       0xc4 usblib/libusb-cm4f.a(usbdenum.c.obj)
 .text.USBDSetDescriptor
                0x0000000000004860       0x30 usblib/libusb-cm4f.a(usbdenum.c.obj)
 .text.USBDGetConfiguration
                0x0000000000004890       0x58 usblib/libusb-cm4f.a(usbdenum.c.obj)
 .text.USBDSetConfiguration
                0x00000000000048e8       0xfc usblib/libusb-cm4f.a(usbdenum.c.obj)
 .text.USBDGetInterface
                0x00000000000049e4       0x74 usblib/libusb-cm4f.a(usbdenum.c.obj)
 .text.USBDSetInterface
                0x0000000000004a58       0xf8 usblib/libusb-cm4f.a(usbdenum.c.obj)
 .text.USBDSyncFrame
                0x0000000000004b50       0x30 usblib/libusb-cm4f.a(usbdenum.c.obj)
 .text.USBDEP0StateTx
                0x0000000000004b80       0xc0 usblib/libusb-cm4f.a(usbdenum.c.obj)
 .text.USBDEP0StateTxConfig
                0x0000000000004c40      0x218 usblib/libusb-cm4f.a(usbdenum.c.obj)
 .text.USBDeviceIntHandlerInternal
                0x0000000000004e58      0x10c usblib/libusb-cm4f.a(usbdenum.c.obj)
                0x0000000000004e58                USBDeviceIntHandlerInternal
 .text.ScheduleNextTransmission
                0x0000000000004f64       0xfe usblib/libusb-cm4f.a(usbbuffer.c.obj)
 .text.HandleRxAvailable
                0x0000000000005062      0x12a usblib/libusb-cm4f.a(usbbuffer.c.obj)
 .text.HandleDataRemaining
                0x000000000000518c       0x38 usblib/libusb-cm4f.a(usbbuffer.c.obj)
 .text.HandleTxComplete
                0x00000000000051c4       0x2a usblib/libusb-cm4f.a(usbbuffer.c.obj)
 .text.HandleRequestBuffer
                0x00000000000051ee       0x46 usblib/libusb-cm4f.a(usbbuffer.c.obj)
 .text.USBBufferInit
                0x0000000000005234       0x2e usblib/libusb-cm4f.a(usbbuffer.c.obj)
                0x0000000000005234                USBBufferInit
 .text.USBBufferInfoGet
                0x0000000000005262       0x26 usblib/libusb-cm4f.a(usbbuffer.c.obj)
                0x0000000000005262                USBBufferInfoGet
 .text.USBBufferDataWritten
                0x0000000000005288       0x2e usblib/libusb-cm4f.a(usbbuffer.c.obj)
                0x0000000000005288                USBBufferDataWritten
 .text.USBBufferFlush
                0x00000000000052b6       0x1e usblib/libusb-cm4f.a(usbbuffer.c.obj)
                0x00000000000052b6                USBBufferFlush
 .text.USBBufferSpaceAvailable
                0x00000000000052d4       0x20 usblib/libusb-cm4f.a(usbbuffer.c.obj)
                0x00000000000052d4                USBBufferSpaceAvailable
 .text.USBBufferEventCallback
                0x00000000000052f4       0xa0 usblib/libusb-cm4f.a(usbbuffer.c.obj)
                0x00000000000052f4                USBBufferEventCallback
 .text.USBStackModeSet
                0x0000000000005394       0x4c usblib/libusb-cm4f.a(usbmode.c.obj)
                0x0000000000005394                USBStackModeSet
 .text.UpdateIndexAtomic
                0x00000000000053e0       0x4a usblib/libusb-cm4f.a(usbringbuf.c.obj)
 .text.USBRingBufFlush
                0x000000000000542a       0x2a usblib/libusb-cm4f.a(usbringbuf.c.obj)
                0x000000000000542a                USBRingBufFlush
 .text.USBRingBufUsed
                0x0000000000005454       0x3c usblib/libusb-cm4f.a(usbringbuf.c.obj)
                0x0000000000005454                USBRingBufUsed
 .text.USBRingBufFree
                0x0000000000005490       0x20 usblib/libusb-cm4f.a(usbringbuf.c.obj)
                0x0000000000005490                USBRingBufFree
 .text.USBRingBufContigUsed
                0x00000000000054b0       0x38 usblib/libusb-cm4f.a(usbringbuf.c.obj)
                0x00000000000054b0                USBRingBufContigUsed
 .text.USBRingBufContigFree
                0x00000000000054e8       0x48 usblib/libusb-cm4f.a(usbringbuf.c.obj)
                0x00000000000054e8                USBRingBufContigFree
 .text.USBRingBufAdvanceRead
                0x0000000000005530       0x38 usblib/libusb-cm4f.a(usbringbuf.c.obj)
                0x0000000000005530                USBRingBufAdvanceRead
 .text.USBRingBufAdvanceWrite
                0x0000000000005568       0x6c usblib/libusb-cm4f.a(usbringbuf.c.obj)
                0x0000000000005568                USBRingBufAdvanceWrite
 .text.USBRingBufWriteOne
                0x00000000000055d4       0x32 usblib/libusb-cm4f.a(usbringbuf.c.obj)
                0x00000000000055d4                USBRingBufWriteOne
 .text.USBRingBufWrite
                0x0000000000005606       0x38 usblib/libusb-cm4f.a(usbringbuf.c.obj)
                0x0000000000005606                USBRingBufWrite
 .text.USBRingBufInit
                0x000000000000563e       0x2e usblib/libusb-cm4f.a(usbringbuf.c.obj)
                0x000000000000563e                USBRingBufInit
 .text.InternalUSBTickInit
                0x000000000000566c       0x54 usblib/libusb-cm4f.a(usbtick.c.obj)
                0x000000000000566c                InternalUSBTickInit
 .text.InternalUSBRegisterTickHandler
                0x00000000000056c0       0x60 usblib/libusb-cm4f.a(usbtick.c.obj)
                0x00000000000056c0                InternalUSBRegisterTickHandler
 .text.InternalUSBStartOfFrameTick
                0x0000000000005720       0x5c usblib/libusb-cm4f.a(usbtick.c.obj)
                0x0000000000005720                InternalUSBStartOfFrameTick
 .text.NextConfigDescGet
                0x000000000000577c       0x7c usblib/libusb-cm4f.a(usbdcdesc.c.obj)
 .text.ConfigAlternateInterfaceGet
                0x00000000000057f8       0x6e usblib/libusb-cm4f.a(usbdcdesc.c.obj)
 .text.USBDCDConfigDescGetSize
                0x0000000000005866       0x48 usblib/libusb-cm4f.a(usbdcdesc.c.obj)
                0x0000000000005866                USBDCDConfigDescGetSize
 .text.USBDCDConfigDescGetNum
                0x00000000000058ae       0x5c usblib/libusb-cm4f.a(usbdcdesc.c.obj)
                0x00000000000058ae                USBDCDConfigDescGetNum
 .text.USBDCDConfigDescGet
                0x000000000000590a       0xa2 usblib/libusb-cm4f.a(usbdcdesc.c.obj)
                0x000000000000590a                USBDCDConfigDescGet
 .text.USBDCDConfigGetInterface
                0x00000000000059ac       0x3e usblib/libusb-cm4f.a(usbdcdesc.c.obj)
                0x00000000000059ac                USBDCDConfigGetInterface
 .text.USBDCDConfigGetInterfaceEndpoint
                0x00000000000059ea       0x78 usblib/libusb-cm4f.a(usbdcdesc.c.obj)
                0x00000000000059ea                USBDCDConfigGetInterfaceEndpoint
 .text.GetEndpointFIFOSize
                0x0000000000005a62       0x80 usblib/libusb-cm4f.a(usbdconfig.c.obj)
 *fill*         0x0000000000005ae2        0x2 
 .text.GetEPDescriptorType
                0x0000000000005ae4       0x98 usblib/libusb-cm4f.a(usbdconfig.c.obj)
 .text.USBDeviceConfig
                0x0000000000005b7c      0x35c usblib/libusb-cm4f.a(usbdconfig.c.obj)
                0x0000000000005b7c                USBDeviceConfig
 .text.USBDeviceConfigAlternate
                0x0000000000005ed8      0x110 usblib/libusb-cm4f.a(usbdconfig.c.obj)
                0x0000000000005ed8                USBDeviceConfigAlternate
 .text.USBDescGetNum
                0x0000000000005fe8       0x62 usblib/libusb-cm4f.a(usbdesc.c.obj)
                0x0000000000005fe8                USBDescGetNum
 .text.USBDescGet
                0x000000000000604a       0x70 usblib/libusb-cm4f.a(usbdesc.c.obj)
                0x000000000000604a                USBDescGet
 .text.GPIOPinWrite
                0x00000000000060ba       0x2c driverlib/libdriver-cm4f.a(gpio.c.obj)
                0x00000000000060ba                GPIOPinWrite
 *fill*         0x00000000000060e6        0x2 
 .text.GPIOPinConfigure
                0x00000000000060e8       0x84 driverlib/libdriver-cm4f.a(gpio.c.obj)
                0x00000000000060e8                GPIOPinConfigure
 .text.IntMasterEnable
                0x000000000000616c       0x10 driverlib/libdriver-cm4f.a(interrupt.c.obj)
                0x000000000000616c                IntMasterEnable
 .text.IntMasterDisable
                0x000000000000617c       0x10 driverlib/libdriver-cm4f.a(interrupt.c.obj)
                0x000000000000617c                IntMasterDisable
 .text.USBIndexWrite
                0x000000000000618c       0x58 driverlib/libdriver-cm4f.a(usb.c.obj)
 .text.USBDevEndpointConfigSet
                0x00000000000061e4      0x11a driverlib/libdriver-cm4f.a(usb.c.obj)
                0x00000000000061e4                USBDevEndpointConfigSet
 .text.USBFIFOConfigSet
                0x00000000000062fe       0x72 driverlib/libdriver-cm4f.a(usb.c.obj)
                0x00000000000062fe                USBFIFOConfigSet
 .text.CPUcpsid
                0x0000000000006370        0xe driverlib/libdriver-cm4f.a(cpu.c.obj)
                0x0000000000006370                CPUcpsid
 .text.CPUcpsie
                0x000000000000637e        0xe driverlib/libdriver-cm4f.a(cpu.c.obj)
                0x000000000000637e                CPUcpsie
 .text          0x000000000000638c       0x30 /Volumes/4T/develop/efr32/toolchains/gnu_arm/7.2_2017q4/bin/../lib/gcc/arm-none-eabi/7.2.1/thumb/v7e-m/fpv4-sp/softfp/libgcc.a(_aeabi_uldivmod.o)
                0x000000000000638c                __aeabi_uldivmod
 .text          0x00000000000063bc      0x2cc /Volumes/4T/develop/efr32/toolchains/gnu_arm/7.2_2017q4/bin/../lib/gcc/arm-none-eabi/7.2.1/thumb/v7e-m/fpv4-sp/softfp/libgcc.a(_udivmoddi4.o)
                0x00000000000063bc                __udivmoddi4
 .text          0x0000000000006688        0x4 /Volumes/4T/develop/efr32/toolchains/gnu_arm/7.2_2017q4/bin/../lib/gcc/arm-none-eabi/7.2.1/thumb/v7e-m/fpv4-sp/softfp/libgcc.a(_dvmd_tls.o)
                0x0000000000006688                __aeabi_ldiv0
                0x0000000000006688                __aeabi_idiv0
 .text.__errno  0x000000000000668c        0xc /Volumes/4T/develop/efr32/toolchains/gnu_arm/7.2_2017q4/bin/../lib/gcc/arm-none-eabi/7.2.1/../../../../arm-none-eabi/lib/thumb/v7e-m/fpv4-sp/softfp/libg.a(lib_a-errno.o)
                0x000000000000668c                __errno
 *(.rodata*)
 .rodata        0x0000000000006698       0xc4 CMakeFiles/usb_dev_bulk.dir/usb_dev_bulk.c.obj
 .rodata        0x000000000000675c       0x26 CMakeFiles/usb_dev_bulk.dir/Volumes/4T/develop/ti/EK-LM4F120XL/SW-EK-LM4F120XL-9453.dev/utils/uartstdio.c.obj
 *fill*         0x0000000000006782        0x2 
 .rodata.g_ulUARTBase
                0x0000000000006784        0xc CMakeFiles/usb_dev_bulk.dir/Volumes/4T/develop/ti/EK-LM4F120XL/SW-EK-LM4F120XL-9453.dev/utils/uartstdio.c.obj
 .rodata.g_ulUARTInt
                0x0000000000006790        0xc CMakeFiles/usb_dev_bulk.dir/Volumes/4T/develop/ti/EK-LM4F120XL/SW-EK-LM4F120XL-9453.dev/utils/uartstdio.c.obj
 .rodata.g_ulUARTPeriph
                0x000000000000679c        0xc CMakeFiles/usb_dev_bulk.dir/Volumes/4T/develop/ti/EK-LM4F120XL/SW-EK-LM4F120XL-9453.dev/utils/uartstdio.c.obj
 .rodata.g_pLangDescriptor
                0x00000000000067a8        0x4 CMakeFiles/usb_dev_bulk.dir/usb_bulk_structs.c.obj
                0x00000000000067a8                g_pLangDescriptor
 .rodata.g_pManufacturerString
                0x00000000000067ac       0x24 CMakeFiles/usb_dev_bulk.dir/usb_bulk_structs.c.obj
                0x00000000000067ac                g_pManufacturerString
 .rodata.g_pProductString
                0x00000000000067d0       0x28 CMakeFiles/usb_dev_bulk.dir/usb_bulk_structs.c.obj
                0x00000000000067d0                g_pProductString
 .rodata.g_pSerialNumberString
                0x00000000000067f8       0x12 CMakeFiles/usb_dev_bulk.dir/usb_bulk_structs.c.obj
                0x00000000000067f8                g_pSerialNumberString
 *fill*         0x000000000000680a        0x2 
 .rodata.g_pDataInterfaceString
                0x000000000000680c       0x28 CMakeFiles/usb_dev_bulk.dir/usb_bulk_structs.c.obj
                0x000000000000680c                g_pDataInterfaceString
 .rodata.g_pConfigString
                0x0000000000006834       0x30 CMakeFiles/usb_dev_bulk.dir/usb_bulk_structs.c.obj
                0x0000000000006834                g_pConfigString
 .rodata.g_pStringDescriptors
                0x0000000000006864       0x18 CMakeFiles/usb_dev_bulk.dir/usb_bulk_structs.c.obj
                0x0000000000006864                g_pStringDescriptors
 .rodata.g_sBulkDevice
                0x000000000000687c       0x24 CMakeFiles/usb_dev_bulk.dir/usb_bulk_structs.c.obj
                0x000000000000687c                g_sBulkDevice
 .rodata.g_sRxBuffer
                0x00000000000068a0       0x24 CMakeFiles/usb_dev_bulk.dir/usb_bulk_structs.c.obj
                0x00000000000068a0                g_sRxBuffer
 .rodata.g_sTxBuffer
                0x00000000000068c4       0x24 CMakeFiles/usb_dev_bulk.dir/usb_bulk_structs.c.obj
                0x00000000000068c4                g_sTxBuffer
 .rodata._vfiprintf_r.str1.4
                0x00000000000068e8       0x2f /Volumes/4T/develop/efr32/toolchains/gnu_arm/7.2_2017q4/bin/../lib/gcc/arm-none-eabi/7.2.1/../../../../arm-none-eabi/lib/thumb/v7e-m/fpv4-sp/softfp/libc.a(lib_a-vfiprintf.o)
 *fill*         0x0000000000006917        0x1 
 .rodata.blanks.8545
                0x0000000000006918       0x10 /Volumes/4T/develop/efr32/toolchains/gnu_arm/7.2_2017q4/bin/../lib/gcc/arm-none-eabi/7.2.1/../../../../arm-none-eabi/lib/thumb/v7e-m/fpv4-sp/softfp/libc.a(lib_a-vfiprintf.o)
 .rodata.zeroes.8546
                0x0000000000006928       0x10 /Volumes/4T/develop/efr32/toolchains/gnu_arm/7.2_2017q4/bin/../lib/gcc/arm-none-eabi/7.2.1/../../../../arm-none-eabi/lib/thumb/v7e-m/fpv4-sp/softfp/libc.a(lib_a-vfiprintf.o)
 .rodata._setlocale_r.str1.4
                0x0000000000006938        0xa /Volumes/4T/develop/efr32/toolchains/gnu_arm/7.2_2017q4/bin/../lib/gcc/arm-none-eabi/7.2.1/../../../../arm-none-eabi/lib/thumb/v7e-m/fpv4-sp/softfp/libc.a(lib_a-locale.o)
                                          0xd (size before relaxing)
 *fill*         0x0000000000006942        0x2 
 .rodata.str1.4
                0x0000000000006944        0x4 /Volumes/4T/develop/efr32/toolchains/gnu_arm/7.2_2017q4/bin/../lib/gcc/arm-none-eabi/7.2.1/../../../../arm-none-eabi/lib/thumb/v7e-m/fpv4-sp/softfp/libc.a(lib_a-locale.o)
                                          0x2 (size before relaxing)
 .rodata._ctype_
                0x0000000000006948      0x101 /Volumes/4T/develop/efr32/toolchains/gnu_arm/7.2_2017q4/bin/../lib/gcc/arm-none-eabi/7.2.1/../../../../arm-none-eabi/lib/thumb/v7e-m/fpv4-sp/softfp/libc.a(lib_a-ctype_.o)
                0x0000000000006948                _ctype_
 *fill*         0x0000000000006a49        0x3 
 .rodata.g_pBulkInterface
                0x0000000000006a4c       0x17 usblib/libusb-cm4f.a(usbdbulk.c.obj)
                0x0000000000006a4c                g_pBulkInterface
 *fill*         0x0000000000006a63        0x1 
 .rodata.g_sBulkConfigSection
                0x0000000000006a64        0x8 usblib/libusb-cm4f.a(usbdbulk.c.obj)
                0x0000000000006a64                g_sBulkConfigSection
 .rodata.g_sBulkInterfaceSection
                0x0000000000006a6c        0x8 usblib/libusb-cm4f.a(usbdbulk.c.obj)
                0x0000000000006a6c                g_sBulkInterfaceSection
 .rodata.g_sBulkConfigHeader
                0x0000000000006a74        0x8 usblib/libusb-cm4f.a(usbdbulk.c.obj)
                0x0000000000006a74                g_sBulkConfigHeader
 .rodata.g_pBulkConfigDescriptors
                0x0000000000006a7c        0x4 usblib/libusb-cm4f.a(usbdbulk.c.obj)
                0x0000000000006a7c                g_pBulkConfigDescriptors
 .rodata.g_sUSBDefaultFIFOConfig
                0x0000000000006a80       0x78 usblib/libusb-cm4f.a(usbdenum.c.obj)
                0x0000000000006a80                g_sUSBDefaultFIFOConfig
 .rodata.g_psUSBDStdRequests
                0x0000000000006af8       0x34 usblib/libusb-cm4f.a(usbdenum.c.obj)
 .rodata.g_pulGPIOBaseAddrs
                0x0000000000006b2c       0x78 driverlib/libdriver-cm4f.a(gpio.c.obj)
                0x0000000000006ba4                _etext = .

.glue_7         0x0000000000006ba4        0x0
 .glue_7        0x0000000000006ba4        0x0 linker stubs

.glue_7t        0x0000000000006ba4        0x0
 .glue_7t       0x0000000000006ba4        0x0 linker stubs

.vfp11_veneer   0x0000000000006ba4        0x0
 .vfp11_veneer  0x0000000000006ba4        0x0 linker stubs

.v4_bx          0x0000000000006ba4        0x0
 .v4_bx         0x0000000000006ba4        0x0 linker stubs

.iplt           0x0000000000006ba4        0x0
 .iplt          0x0000000000006ba4        0x0 /Volumes/4T/develop/efr32/toolchains/gnu_arm/7.2_2017q4/bin/../lib/gcc/arm-none-eabi/7.2.1/../../../../arm-none-eabi/lib/thumb/v7e-m/fpv4-sp/softfp/libc.a(lib_a-impure.o)

.data           0x0000000020000000      0xa21 load address 0x0000000000006ba4
                0x0000000020000000                _data = .
 *(vtable)
 *(.data*)
 .data._impure_ptr
                0x0000000020000000        0x4 /Volumes/4T/develop/efr32/toolchains/gnu_arm/7.2_2017q4/bin/../lib/gcc/arm-none-eabi/7.2.1/../../../../arm-none-eabi/lib/thumb/v7e-m/fpv4-sp/softfp/libc.a(lib_a-impure.o)
                0x0000000020000000                _impure_ptr
 *fill*         0x0000000020000004        0x4 
 .data.impure_data
                0x0000000020000008      0x428 /Volumes/4T/develop/efr32/toolchains/gnu_arm/7.2_2017q4/bin/../lib/gcc/arm-none-eabi/7.2.1/../../../../arm-none-eabi/lib/thumb/v7e-m/fpv4-sp/softfp/libc.a(lib_a-impure.o)
 .data.__global_locale
                0x0000000020000430      0x16c /Volumes/4T/develop/efr32/toolchains/gnu_arm/7.2_2017q4/bin/../lib/gcc/arm-none-eabi/7.2.1/../../../../arm-none-eabi/lib/thumb/v7e-m/fpv4-sp/softfp/libc.a(lib_a-locale.o)
                0x0000000020000430                __global_locale
 .data.__malloc_av_
                0x000000002000059c      0x408 /Volumes/4T/develop/efr32/toolchains/gnu_arm/7.2_2017q4/bin/../lib/gcc/arm-none-eabi/7.2.1/../../../../arm-none-eabi/lib/thumb/v7e-m/fpv4-sp/softfp/libc.a(lib_a-mallocr.o)
                0x000000002000059c                __malloc_av_
 .data.__malloc_sbrk_base
                0x00000000200009a4        0x4 /Volumes/4T/develop/efr32/toolchains/gnu_arm/7.2_2017q4/bin/../lib/gcc/arm-none-eabi/7.2.1/../../../../arm-none-eabi/lib/thumb/v7e-m/fpv4-sp/softfp/libc.a(lib_a-mallocr.o)
                0x00000000200009a4                __malloc_sbrk_base
 .data.__malloc_trim_threshold
                0x00000000200009a8        0x4 /Volumes/4T/develop/efr32/toolchains/gnu_arm/7.2_2017q4/bin/../lib/gcc/arm-none-eabi/7.2.1/../../../../arm-none-eabi/lib/thumb/v7e-m/fpv4-sp/softfp/libc.a(lib_a-mallocr.o)
                0x00000000200009a8                __malloc_trim_threshold
 .data.g_pBulkDeviceDescriptor
                0x00000000200009ac       0x12 usblib/libusb-cm4f.a(usbdbulk.c.obj)
                0x00000000200009ac                g_pBulkDeviceDescriptor
 *fill*         0x00000000200009be        0x2 
 .data.g_pBulkDescriptor
                0x00000000200009c0        0x9 usblib/libusb-cm4f.a(usbdbulk.c.obj)
                0x00000000200009c0                g_pBulkDescriptor
 *fill*         0x00000000200009c9        0x3 
 .data.g_psBulkSections
                0x00000000200009cc        0x8 usblib/libusb-cm4f.a(usbdbulk.c.obj)
                0x00000000200009cc                g_psBulkSections
 .data.g_sBulkDeviceInfo
                0x00000000200009d4       0x4c usblib/libusb-cm4f.a(usbdbulk.c.obj)
                0x00000000200009d4                g_sBulkDeviceInfo
 .data.g_eUSBMode
                0x0000000020000a20        0x1 usblib/libusb-cm4f.a(usbmode.c.obj)
                0x0000000020000a20                g_eUSBMode
                0x0000000020000a21                _edata = .

.igot.plt       0x0000000020000a24        0x0 load address 0x00000000000075c8
 .igot.plt      0x0000000020000a24        0x0 /Volumes/4T/develop/efr32/toolchains/gnu_arm/7.2_2017q4/bin/../lib/gcc/arm-none-eabi/7.2.1/../../../../arm-none-eabi/lib/thumb/v7e-m/fpv4-sp/softfp/libc.a(lib_a-impure.o)

.bss            0x0000000020000a24      0xcc8 load address 0x00000000000075c8
                0x0000000020000a24                _bss = .
 *(.bss*)
 .bss.pulStack  0x0000000020000a24      0x400 CMakeFiles/usb_dev_bulk.dir/startup_gcc.c.obj
 .bss.g_ulSysTickCount
                0x0000000020000e24        0x4 CMakeFiles/usb_dev_bulk.dir/usb_dev_bulk.c.obj
                0x0000000020000e24                g_ulSysTickCount
 .bss.g_ulTxCount
                0x0000000020000e28        0x4 CMakeFiles/usb_dev_bulk.dir/usb_dev_bulk.c.obj
                0x0000000020000e28                g_ulTxCount
 .bss.g_ulRxCount
                0x0000000020000e2c        0x4 CMakeFiles/usb_dev_bulk.dir/usb_dev_bulk.c.obj
                0x0000000020000e2c                g_ulRxCount
 .bss.g_bUSBConfigured
                0x0000000020000e30        0x1 CMakeFiles/usb_dev_bulk.dir/usb_dev_bulk.c.obj
 .bss.g_bDisableEcho
                0x0000000020000e31        0x1 CMakeFiles/usb_dev_bulk.dir/Volumes/4T/develop/ti/EK-LM4F120XL/SW-EK-LM4F120XL-9453.dev/utils/uartstdio.c.obj
 *fill*         0x0000000020000e32        0x2 
 .bss.g_pcUARTTxBuffer
                0x0000000020000e34      0x400 CMakeFiles/usb_dev_bulk.dir/Volumes/4T/develop/ti/EK-LM4F120XL/SW-EK-LM4F120XL-9453.dev/utils/uartstdio.c.obj
 .bss.g_ulUARTTxWriteIndex
                0x0000000020001234        0x4 CMakeFiles/usb_dev_bulk.dir/Volumes/4T/develop/ti/EK-LM4F120XL/SW-EK-LM4F120XL-9453.dev/utils/uartstdio.c.obj
 .bss.g_ulUARTTxReadIndex
                0x0000000020001238        0x4 CMakeFiles/usb_dev_bulk.dir/Volumes/4T/develop/ti/EK-LM4F120XL/SW-EK-LM4F120XL-9453.dev/utils/uartstdio.c.obj
 .bss.g_pcUARTRxBuffer
                0x000000002000123c       0x80 CMakeFiles/usb_dev_bulk.dir/Volumes/4T/develop/ti/EK-LM4F120XL/SW-EK-LM4F120XL-9453.dev/utils/uartstdio.c.obj
 .bss.g_ulUARTRxWriteIndex
                0x00000000200012bc        0x4 CMakeFiles/usb_dev_bulk.dir/Volumes/4T/develop/ti/EK-LM4F120XL/SW-EK-LM4F120XL-9453.dev/utils/uartstdio.c.obj
 .bss.g_ulUARTRxReadIndex
                0x00000000200012c0        0x4 CMakeFiles/usb_dev_bulk.dir/Volumes/4T/develop/ti/EK-LM4F120XL/SW-EK-LM4F120XL-9453.dev/utils/uartstdio.c.obj
 .bss.g_ulBase  0x00000000200012c4        0x4 CMakeFiles/usb_dev_bulk.dir/Volumes/4T/develop/ti/EK-LM4F120XL/SW-EK-LM4F120XL-9453.dev/utils/uartstdio.c.obj
 .bss.g_ulPortNum
                0x00000000200012c8        0x4 CMakeFiles/usb_dev_bulk.dir/Volumes/4T/develop/ti/EK-LM4F120XL/SW-EK-LM4F120XL-9453.dev/utils/uartstdio.c.obj
 .bss.bLastWasCR.5861
                0x00000000200012cc        0x1 CMakeFiles/usb_dev_bulk.dir/Volumes/4T/develop/ti/EK-LM4F120XL/SW-EK-LM4F120XL-9453.dev/utils/uartstdio.c.obj
 *fill*         0x00000000200012cd        0x3 
 .bss.__malloc_current_mallinfo
                0x00000000200012d0       0x28 /Volumes/4T/develop/efr32/toolchains/gnu_arm/7.2_2017q4/bin/../lib/gcc/arm-none-eabi/7.2.1/../../../../arm-none-eabi/lib/thumb/v7e-m/fpv4-sp/softfp/libc.a(lib_a-mallocr.o)
                0x00000000200012d0                __malloc_current_mallinfo
 .bss.__malloc_max_sbrked_mem
                0x00000000200012f8        0x4 /Volumes/4T/develop/efr32/toolchains/gnu_arm/7.2_2017q4/bin/../lib/gcc/arm-none-eabi/7.2.1/../../../../arm-none-eabi/lib/thumb/v7e-m/fpv4-sp/softfp/libc.a(lib_a-mallocr.o)
                0x00000000200012f8                __malloc_max_sbrked_mem
 .bss.__malloc_max_total_mem
                0x00000000200012fc        0x4 /Volumes/4T/develop/efr32/toolchains/gnu_arm/7.2_2017q4/bin/../lib/gcc/arm-none-eabi/7.2.1/../../../../arm-none-eabi/lib/thumb/v7e-m/fpv4-sp/softfp/libc.a(lib_a-mallocr.o)
                0x00000000200012fc                __malloc_max_total_mem
 .bss.__malloc_top_pad
                0x0000000020001300        0x4 /Volumes/4T/develop/efr32/toolchains/gnu_arm/7.2_2017q4/bin/../lib/gcc/arm-none-eabi/7.2.1/../../../../arm-none-eabi/lib/thumb/v7e-m/fpv4-sp/softfp/libc.a(lib_a-mallocr.o)
                0x0000000020001300                __malloc_top_pad
 .bss.openfiles
                0x0000000020001304       0xa0 /Volumes/4T/develop/efr32/toolchains/gnu_arm/7.2_2017q4/bin/../lib/gcc/arm-none-eabi/7.2.1/../../../../arm-none-eabi/lib/thumb/v7e-m/fpv4-sp/softfp/librdimon.a(rdimon-syscalls.o)
 .bss.g_pucDataBufferIn
                0x00000000200013a4       0x40 usblib/libusb-cm4f.a(usbdenum.c.obj)
 .bss.ulSOFDivide.6481
                0x00000000200013e4        0x4 usblib/libusb-cm4f.a(usbdenum.c.obj)
 .bss.g_pfnUSBModeCallback
                0x00000000200013e8        0x4 usblib/libusb-cm4f.a(usbmode.c.obj)
 .bss.g_bUSBTimerInitialized
                0x00000000200013ec        0x1 usblib/libusb-cm4f.a(usbtick.c.obj)
                0x00000000200013ec                g_bUSBTimerInitialized
 *fill*         0x00000000200013ed        0x3 
 .bss.g_ulCurrentUSBTick
                0x00000000200013f0        0x4 usblib/libusb-cm4f.a(usbtick.c.obj)
                0x00000000200013f0                g_ulCurrentUSBTick
 .bss.g_ulUSBSOFCount
                0x00000000200013f4        0x4 usblib/libusb-cm4f.a(usbtick.c.obj)
                0x00000000200013f4                g_ulUSBSOFCount
 *(COMMON)
 COMMON         0x00000000200013f8       0x21 /Volumes/4T/develop/efr32/toolchains/gnu_arm/7.2_2017q4/bin/../lib/gcc/arm-none-eabi/7.2.1/../../../../arm-none-eabi/lib/thumb/v7e-m/fpv4-sp/softfp/libc.a(lib_a-lock.o)
                0x00000000200013f8                __lock___atexit_recursive_mutex
                0x00000000200013fc                __lock___arc4random_mutex
                0x0000000020001400                __lock___env_recursive_mutex
                0x0000000020001404                __lock___sinit_recursive_mutex
                0x0000000020001408                __lock___malloc_recursive_mutex
                0x000000002000140c                __lock___at_quick_exit_mutex
                0x0000000020001410                __lock___dd_hash_mutex
                0x0000000020001414                __lock___tz_mutex
                0x0000000020001418                __lock___sfp_recursive_mutex
 *fill*         0x0000000020001419        0x3 
 COMMON         0x000000002000141c      0x248 CMakeFiles/usb_dev_bulk.dir/usb_bulk_structs.c.obj
                0x000000002000141c                g_pucUSBTxBuffer
                0x000000002000151c                g_pucTxBufferWorkspace
                0x0000000020001534                g_sBulkInstance
                0x000000002000154c                g_pucUSBRxBuffer
                0x000000002000164c                g_pucRxBufferWorkspace
 COMMON         0x0000000020001664        0x4 /Volumes/4T/develop/efr32/toolchains/gnu_arm/7.2_2017q4/bin/../lib/gcc/arm-none-eabi/7.2.1/../../../../arm-none-eabi/lib/thumb/v7e-m/fpv4-sp/softfp/libc.a(lib_a-reent.o)
                0x0000000020001664                errno
 COMMON         0x0000000020001668       0x54 usblib/libusb-cm4f.a(usbdenum.c.obj)
                0x0000000020001668                g_psUSBDevice
 COMMON         0x00000000200016bc       0x30 usblib/libusb-cm4f.a(usbtick.c.obj)
                0x00000000200016bc                g_pfTickHandlers
                0x00000000200016d4                g_pvTickInstance
                0x00000000200016ec                _ebss = .
                0x00000000200016ec                __exidx_start = .

.ARM.exidx      0x00000000200016ec        0x8 load address 0x0000000000008290
 *(.ARM.exidx* .gnu.linkonce.armexidx.*)
 .ARM.exidx     0x00000000200016ec        0x8 /Volumes/4T/develop/efr32/toolchains/gnu_arm/7.2_2017q4/bin/../lib/gcc/arm-none-eabi/7.2.1/thumb/v7e-m/fpv4-sp/softfp/libgcc.a(_udivmoddi4.o)
                0x00000000200016f4                __exidx_end = .
LOAD /Volumes/4T/develop/efr32/toolchains/gnu_arm/7.2_2017q4/bin/../lib/gcc/arm-none-eabi/7.2.1/../../../../arm-none-eabi/lib/thumb/v7e-m/fpv4-sp/softfp/libnosys.a
LOAD /Volumes/4T/develop/efr32/toolchains/gnu_arm/7.2_2017q4/bin/../lib/gcc/arm-none-eabi/7.2.1/../../../../arm-none-eabi/lib/thumb/v7e-m/fpv4-sp/softfp/libc.a
LOAD CMakeFiles/usb_dev_bulk.dir/startup_gcc.c.obj
LOAD CMakeFiles/usb_dev_bulk.dir/usb_dev_bulk.c.obj
LOAD CMakeFiles/usb_dev_bulk.dir/Volumes/4T/develop/ti/EK-LM4F120XL/SW-EK-LM4F120XL-9453.dev/boards/ek-lm4f120xl-new/drivers/retargetserial.c.obj
LOAD CMakeFiles/usb_dev_bulk.dir/Volumes/4T/develop/ti/EK-LM4F120XL/SW-EK-LM4F120XL-9453.dev/utils/ustdlib.c.obj
LOAD CMakeFiles/usb_dev_bulk.dir/Volumes/4T/develop/ti/EK-LM4F120XL/SW-EK-LM4F120XL-9453.dev/utils/uartstdio.c.obj
LOAD CMakeFiles/usb_dev_bulk.dir/usb_bulk_structs.c.obj
LOAD /Volumes/4T/develop/efr32/toolchains/gnu_arm/7.2_2017q4/bin/../lib/gcc/arm-none-eabi/7.2.1/../../../../arm-none-eabi/lib/thumb/v7e-m/fpv4-sp/softfp/libc.a
LOAD /Volumes/4T/develop/efr32/toolchains/gnu_arm/7.2_2017q4/bin/../lib/gcc/arm-none-eabi/7.2.1/../../../../arm-none-eabi/lib/thumb/v7e-m/fpv4-sp/softfp/libm.a
LOAD /Volumes/4T/develop/efr32/toolchains/gnu_arm/7.2_2017q4/bin/../lib/gcc/arm-none-eabi/7.2.1/../../../../arm-none-eabi/lib/thumb/v7e-m/fpv4-sp/softfp/librdimon.a
LOAD usblib/libusb-cm4f.a
LOAD driverlib/libdriver-cm4f.a
START GROUP
LOAD /Volumes/4T/develop/efr32/toolchains/gnu_arm/7.2_2017q4/bin/../lib/gcc/arm-none-eabi/7.2.1/thumb/v7e-m/fpv4-sp/softfp/libgcc.a
LOAD /Volumes/4T/develop/efr32/toolchains/gnu_arm/7.2_2017q4/bin/../lib/gcc/arm-none-eabi/7.2.1/../../../../arm-none-eabi/lib/thumb/v7e-m/fpv4-sp/softfp/libg.a
LOAD /Volumes/4T/develop/efr32/toolchains/gnu_arm/7.2_2017q4/bin/../lib/gcc/arm-none-eabi/7.2.1/../../../../arm-none-eabi/lib/thumb/v7e-m/fpv4-sp/softfp/libc.a
END GROUP
LOAD /Volumes/4T/develop/efr32/toolchains/gnu_arm/7.2_2017q4/bin/../lib/gcc/arm-none-eabi/7.2.1/thumb/v7e-m/fpv4-sp/softfp/crtend.o
LOAD /Volumes/4T/develop/efr32/toolchains/gnu_arm/7.2_2017q4/bin/../lib/gcc/arm-none-eabi/7.2.1/thumb/v7e-m/fpv4-sp/softfp/crtn.o
OUTPUT(usb_dev_bulk elf32-littlearm)

.rel.dyn        0x00000000200016f4        0x0 load address 0x0000000000008298
 .rel.iplt      0x00000000200016f4        0x0 /Volumes/4T/develop/efr32/toolchains/gnu_arm/7.2_2017q4/bin/../lib/gcc/arm-none-eabi/7.2.1/../../../../arm-none-eabi/lib/thumb/v7e-m/fpv4-sp/softfp/libc.a(lib_a-impure.o)

.ARM.attributes
                0x0000000000000000       0x2e
 .ARM.attributes
                0x0000000000000000       0x22 /Volumes/4T/develop/efr32/toolchains/gnu_arm/7.2_2017q4/bin/../lib/gcc/arm-none-eabi/7.2.1/thumb/v7e-m/fpv4-sp/softfp/crti.o
 .ARM.attributes
                0x0000000000000022       0x32 /Volumes/4T/develop/efr32/toolchains/gnu_arm/7.2_2017q4/bin/../lib/gcc/arm-none-eabi/7.2.1/../../../../arm-none-eabi/lib/thumb/v7e-m/fpv4-sp/softfp/libc.a(lib_a-impure.o)
 .ARM.attributes
                0x0000000000000054       0x32 /Volumes/4T/develop/efr32/toolchains/gnu_arm/7.2_2017q4/bin/../lib/gcc/arm-none-eabi/7.2.1/../../../../arm-none-eabi/lib/thumb/v7e-m/fpv4-sp/softfp/libc.a(lib_a-memset.o)
 .ARM.attributes
                0x0000000000000086       0x32 /Volumes/4T/develop/efr32/toolchains/gnu_arm/7.2_2017q4/bin/../lib/gcc/arm-none-eabi/7.2.1/../../../../arm-none-eabi/lib/thumb/v7e-m/fpv4-sp/softfp/libc.a(lib_a-lock.o)
 .ARM.attributes
                0x00000000000000b8       0x37 CMakeFiles/usb_dev_bulk.dir/startup_gcc.c.obj
 .ARM.attributes
                0x00000000000000ef       0x37 CMakeFiles/usb_dev_bulk.dir/usb_dev_bulk.c.obj
 .ARM.attributes
                0x0000000000000126       0x37 CMakeFiles/usb_dev_bulk.dir/Volumes/4T/develop/ti/EK-LM4F120XL/SW-EK-LM4F120XL-9453.dev/boards/ek-lm4f120xl-new/drivers/retargetserial.c.obj
 .ARM.attributes
                0x000000000000015d       0x37 CMakeFiles/usb_dev_bulk.dir/Volumes/4T/develop/ti/EK-LM4F120XL/SW-EK-LM4F120XL-9453.dev/utils/uartstdio.c.obj
 .ARM.attributes
                0x0000000000000194       0x37 CMakeFiles/usb_dev_bulk.dir/usb_bulk_structs.c.obj
 .ARM.attributes
                0x00000000000001cb       0x32 /Volumes/4T/develop/efr32/toolchains/gnu_arm/7.2_2017q4/bin/../lib/gcc/arm-none-eabi/7.2.1/../../../../arm-none-eabi/lib/thumb/v7e-m/fpv4-sp/softfp/libc.a(lib_a-iprintf.o)
 .ARM.attributes
                0x00000000000001fd       0x32 /Volumes/4T/develop/efr32/toolchains/gnu_arm/7.2_2017q4/bin/../lib/gcc/arm-none-eabi/7.2.1/../../../../arm-none-eabi/lib/thumb/v7e-m/fpv4-sp/softfp/libc.a(lib_a-vfiprintf.o)
 .ARM.attributes
                0x000000000000022f       0x32 /Volumes/4T/develop/efr32/toolchains/gnu_arm/7.2_2017q4/bin/../lib/gcc/arm-none-eabi/7.2.1/../../../../arm-none-eabi/lib/thumb/v7e-m/fpv4-sp/softfp/libc.a(lib_a-wsetup.o)
 .ARM.attributes
                0x0000000000000261       0x32 /Volumes/4T/develop/efr32/toolchains/gnu_arm/7.2_2017q4/bin/../lib/gcc/arm-none-eabi/7.2.1/../../../../arm-none-eabi/lib/thumb/v7e-m/fpv4-sp/softfp/libc.a(lib_a-fflush.o)
 .ARM.attributes
                0x0000000000000293       0x32 /Volumes/4T/develop/efr32/toolchains/gnu_arm/7.2_2017q4/bin/../lib/gcc/arm-none-eabi/7.2.1/../../../../arm-none-eabi/lib/thumb/v7e-m/fpv4-sp/softfp/libc.a(lib_a-findfp.o)
 .ARM.attributes
                0x00000000000002c5       0x32 /Volumes/4T/develop/efr32/toolchains/gnu_arm/7.2_2017q4/bin/../lib/gcc/arm-none-eabi/7.2.1/../../../../arm-none-eabi/lib/thumb/v7e-m/fpv4-sp/softfp/libc.a(lib_a-fputwc.o)
 .ARM.attributes
                0x00000000000002f7       0x32 /Volumes/4T/develop/efr32/toolchains/gnu_arm/7.2_2017q4/bin/../lib/gcc/arm-none-eabi/7.2.1/../../../../arm-none-eabi/lib/thumb/v7e-m/fpv4-sp/softfp/libc.a(lib_a-freer.o)
 .ARM.attributes
                0x0000000000000329       0x32 /Volumes/4T/develop/efr32/toolchains/gnu_arm/7.2_2017q4/bin/../lib/gcc/arm-none-eabi/7.2.1/../../../../arm-none-eabi/lib/thumb/v7e-m/fpv4-sp/softfp/libc.a(lib_a-fvwrite.o)
 .ARM.attributes
                0x000000000000035b       0x32 /Volumes/4T/develop/efr32/toolchains/gnu_arm/7.2_2017q4/bin/../lib/gcc/arm-none-eabi/7.2.1/../../../../arm-none-eabi/lib/thumb/v7e-m/fpv4-sp/softfp/libc.a(lib_a-fwalk.o)
 .ARM.attributes
                0x000000000000038d       0x32 /Volumes/4T/develop/efr32/toolchains/gnu_arm/7.2_2017q4/bin/../lib/gcc/arm-none-eabi/7.2.1/../../../../arm-none-eabi/lib/thumb/v7e-m/fpv4-sp/softfp/libc.a(lib_a-locale.o)
 .ARM.attributes
                0x00000000000003bf       0x32 /Volumes/4T/develop/efr32/toolchains/gnu_arm/7.2_2017q4/bin/../lib/gcc/arm-none-eabi/7.2.1/../../../../arm-none-eabi/lib/thumb/v7e-m/fpv4-sp/softfp/libc.a(lib_a-makebuf.o)
 .ARM.attributes
                0x00000000000003f1       0x32 /Volumes/4T/develop/efr32/toolchains/gnu_arm/7.2_2017q4/bin/../lib/gcc/arm-none-eabi/7.2.1/../../../../arm-none-eabi/lib/thumb/v7e-m/fpv4-sp/softfp/libc.a(lib_a-mallocr.o)
 .ARM.attributes
                0x0000000000000423       0x32 /Volumes/4T/develop/efr32/toolchains/gnu_arm/7.2_2017q4/bin/../lib/gcc/arm-none-eabi/7.2.1/../../../../arm-none-eabi/lib/thumb/v7e-m/fpv4-sp/softfp/libc.a(lib_a-mbtowc_r.o)
 .ARM.attributes
                0x0000000000000455       0x20 /Volumes/4T/develop/efr32/toolchains/gnu_arm/7.2_2017q4/bin/../lib/gcc/arm-none-eabi/7.2.1/../../../../arm-none-eabi/lib/thumb/v7e-m/fpv4-sp/softfp/libc.a(lib_a-memchr.o)
 .ARM.attributes
                0x0000000000000475       0x20 /Volumes/4T/develop/efr32/toolchains/gnu_arm/7.2_2017q4/bin/../lib/gcc/arm-none-eabi/7.2.1/../../../../arm-none-eabi/lib/thumb/v7e-m/fpv4-sp/softfp/libc.a(lib_a-memcpy.o)
 .ARM.attributes
                0x0000000000000495       0x32 /Volumes/4T/develop/efr32/toolchains/gnu_arm/7.2_2017q4/bin/../lib/gcc/arm-none-eabi/7.2.1/../../../../arm-none-eabi/lib/thumb/v7e-m/fpv4-sp/softfp/libc.a(lib_a-memmove.o)
 .ARM.attributes
                0x00000000000004c7       0x32 /Volumes/4T/develop/efr32/toolchains/gnu_arm/7.2_2017q4/bin/../lib/gcc/arm-none-eabi/7.2.1/../../../../arm-none-eabi/lib/thumb/v7e-m/fpv4-sp/softfp/libc.a(lib_a-mlock.o)
 .ARM.attributes
                0x00000000000004f9       0x32 /Volumes/4T/develop/efr32/toolchains/gnu_arm/7.2_2017q4/bin/../lib/gcc/arm-none-eabi/7.2.1/../../../../arm-none-eabi/lib/thumb/v7e-m/fpv4-sp/softfp/libc.a(lib_a-reallocr.o)
 .ARM.attributes
                0x000000000000052b       0x32 /Volumes/4T/develop/efr32/toolchains/gnu_arm/7.2_2017q4/bin/../lib/gcc/arm-none-eabi/7.2.1/../../../../arm-none-eabi/lib/thumb/v7e-m/fpv4-sp/softfp/libc.a(lib_a-sbrkr.o)
 .ARM.attributes
                0x000000000000055d       0x32 /Volumes/4T/develop/efr32/toolchains/gnu_arm/7.2_2017q4/bin/../lib/gcc/arm-none-eabi/7.2.1/../../../../arm-none-eabi/lib/thumb/v7e-m/fpv4-sp/softfp/libc.a(lib_a-stdio.o)
 .ARM.attributes
                0x000000000000058f       0x20 /Volumes/4T/develop/efr32/toolchains/gnu_arm/7.2_2017q4/bin/../lib/gcc/arm-none-eabi/7.2.1/../../../../arm-none-eabi/lib/thumb/v7e-m/fpv4-sp/softfp/libc.a(lib_a-strlen.o)
 .ARM.attributes
                0x00000000000005af       0x32 /Volumes/4T/develop/efr32/toolchains/gnu_arm/7.2_2017q4/bin/../lib/gcc/arm-none-eabi/7.2.1/../../../../arm-none-eabi/lib/thumb/v7e-m/fpv4-sp/softfp/libc.a(lib_a-wbuf.o)
 .ARM.attributes
                0x00000000000005e1       0x32 /Volumes/4T/develop/efr32/toolchains/gnu_arm/7.2_2017q4/bin/../lib/gcc/arm-none-eabi/7.2.1/../../../../arm-none-eabi/lib/thumb/v7e-m/fpv4-sp/softfp/libc.a(lib_a-wcrtomb.o)
 .ARM.attributes
                0x0000000000000613       0x32 /Volumes/4T/develop/efr32/toolchains/gnu_arm/7.2_2017q4/bin/../lib/gcc/arm-none-eabi/7.2.1/../../../../arm-none-eabi/lib/thumb/v7e-m/fpv4-sp/softfp/libc.a(lib_a-wctomb_r.o)
 .ARM.attributes
                0x0000000000000645       0x32 /Volumes/4T/develop/efr32/toolchains/gnu_arm/7.2_2017q4/bin/../lib/gcc/arm-none-eabi/7.2.1/../../../../arm-none-eabi/lib/thumb/v7e-m/fpv4-sp/softfp/libc.a(lib_a-writer.o)
 .ARM.attributes
                0x0000000000000677       0x32 /Volumes/4T/develop/efr32/toolchains/gnu_arm/7.2_2017q4/bin/../lib/gcc/arm-none-eabi/7.2.1/../../../../arm-none-eabi/lib/thumb/v7e-m/fpv4-sp/softfp/libc.a(lib_a-closer.o)
 .ARM.attributes
                0x00000000000006a9       0x32 /Volumes/4T/develop/efr32/toolchains/gnu_arm/7.2_2017q4/bin/../lib/gcc/arm-none-eabi/7.2.1/../../../../arm-none-eabi/lib/thumb/v7e-m/fpv4-sp/softfp/libc.a(lib_a-ctype_.o)
 .ARM.attributes
                0x00000000000006db       0x32 /Volumes/4T/develop/efr32/toolchains/gnu_arm/7.2_2017q4/bin/../lib/gcc/arm-none-eabi/7.2.1/../../../../arm-none-eabi/lib/thumb/v7e-m/fpv4-sp/softfp/libc.a(lib_a-fclose.o)
 .ARM.attributes
                0x000000000000070d       0x32 /Volumes/4T/develop/efr32/toolchains/gnu_arm/7.2_2017q4/bin/../lib/gcc/arm-none-eabi/7.2.1/../../../../arm-none-eabi/lib/thumb/v7e-m/fpv4-sp/softfp/libc.a(lib_a-fstatr.o)
 .ARM.attributes
                0x000000000000073f       0x32 /Volumes/4T/develop/efr32/toolchains/gnu_arm/7.2_2017q4/bin/../lib/gcc/arm-none-eabi/7.2.1/../../../../arm-none-eabi/lib/thumb/v7e-m/fpv4-sp/softfp/libc.a(lib_a-isattyr.o)
 .ARM.attributes
                0x0000000000000771       0x32 /Volumes/4T/develop/efr32/toolchains/gnu_arm/7.2_2017q4/bin/../lib/gcc/arm-none-eabi/7.2.1/../../../../arm-none-eabi/lib/thumb/v7e-m/fpv4-sp/softfp/libc.a(lib_a-lseekr.o)
 .ARM.attributes
                0x00000000000007a3       0x32 /Volumes/4T/develop/efr32/toolchains/gnu_arm/7.2_2017q4/bin/../lib/gcc/arm-none-eabi/7.2.1/../../../../arm-none-eabi/lib/thumb/v7e-m/fpv4-sp/softfp/libc.a(lib_a-readr.o)
 .ARM.attributes
                0x00000000000007d5       0x32 /Volumes/4T/develop/efr32/toolchains/gnu_arm/7.2_2017q4/bin/../lib/gcc/arm-none-eabi/7.2.1/../../../../arm-none-eabi/lib/thumb/v7e-m/fpv4-sp/softfp/libc.a(lib_a-reent.o)
 .ARM.attributes
                0x0000000000000807       0x32 /Volumes/4T/develop/efr32/toolchains/gnu_arm/7.2_2017q4/bin/../lib/gcc/arm-none-eabi/7.2.1/../../../../arm-none-eabi/lib/thumb/v7e-m/fpv4-sp/softfp/librdimon.a(rdimon-syscalls.o)
 .ARM.attributes
                0x0000000000000839       0x37 usblib/libusb-cm4f.a(usbdhandler.c.obj)
 .ARM.attributes
                0x0000000000000870       0x37 usblib/libusb-cm4f.a(usbdbulk.c.obj)
 .ARM.attributes
                0x00000000000008a7       0x37 usblib/libusb-cm4f.a(usbdenum.c.obj)
 .ARM.attributes
                0x00000000000008de       0x37 usblib/libusb-cm4f.a(usbbuffer.c.obj)
 .ARM.attributes
                0x0000000000000915       0x37 usblib/libusb-cm4f.a(usbmode.c.obj)
 .ARM.attributes
                0x000000000000094c       0x37 usblib/libusb-cm4f.a(usbringbuf.c.obj)
 .ARM.attributes
                0x0000000000000983       0x37 usblib/libusb-cm4f.a(usbtick.c.obj)
 .ARM.attributes
                0x00000000000009ba       0x37 usblib/libusb-cm4f.a(usbdcdesc.c.obj)
 .ARM.attributes
                0x00000000000009f1       0x37 usblib/libusb-cm4f.a(usbdconfig.c.obj)
 .ARM.attributes
                0x0000000000000a28       0x37 usblib/libusb-cm4f.a(usbdesc.c.obj)
 .ARM.attributes
                0x0000000000000a5f       0x37 driverlib/libdriver-cm4f.a(gpio.c.obj)
 .ARM.attributes
                0x0000000000000a96       0x37 driverlib/libdriver-cm4f.a(interrupt.c.obj)
 .ARM.attributes
                0x0000000000000acd       0x37 driverlib/libdriver-cm4f.a(usb.c.obj)
 .ARM.attributes
                0x0000000000000b04       0x37 driverlib/libdriver-cm4f.a(cpu.c.obj)
 .ARM.attributes
                0x0000000000000b3b       0x22 /Volumes/4T/develop/efr32/toolchains/gnu_arm/7.2_2017q4/bin/../lib/gcc/arm-none-eabi/7.2.1/thumb/v7e-m/fpv4-sp/softfp/libgcc.a(_aeabi_uldivmod.o)
 .ARM.attributes
                0x0000000000000b5d       0x32 /Volumes/4T/develop/efr32/toolchains/gnu_arm/7.2_2017q4/bin/../lib/gcc/arm-none-eabi/7.2.1/thumb/v7e-m/fpv4-sp/softfp/libgcc.a(_udivmoddi4.o)
 .ARM.attributes
                0x0000000000000b8f       0x22 /Volumes/4T/develop/efr32/toolchains/gnu_arm/7.2_2017q4/bin/../lib/gcc/arm-none-eabi/7.2.1/thumb/v7e-m/fpv4-sp/softfp/libgcc.a(_dvmd_tls.o)
 .ARM.attributes
                0x0000000000000bb1       0x32 /Volumes/4T/develop/efr32/toolchains/gnu_arm/7.2_2017q4/bin/../lib/gcc/arm-none-eabi/7.2.1/../../../../arm-none-eabi/lib/thumb/v7e-m/fpv4-sp/softfp/libg.a(lib_a-errno.o)
 .ARM.attributes
                0x0000000000000be3       0x22 /Volumes/4T/develop/efr32/toolchains/gnu_arm/7.2_2017q4/bin/../lib/gcc/arm-none-eabi/7.2.1/thumb/v7e-m/fpv4-sp/softfp/crtn.o

.comment        0x0000000000000000       0x7e
 .comment       0x0000000000000000       0x7e CMakeFiles/usb_dev_bulk.dir/startup_gcc.c.obj
                                         0x7f (size before relaxing)
 .comment       0x000000000000007e       0x7f CMakeFiles/usb_dev_bulk.dir/usb_dev_bulk.c.obj
 .comment       0x000000000000007e       0x7f CMakeFiles/usb_dev_bulk.dir/Volumes/4T/develop/ti/EK-LM4F120XL/SW-EK-LM4F120XL-9453.dev/boards/ek-lm4f120xl-new/drivers/retargetserial.c.obj
 .comment       0x000000000000007e       0x7f CMakeFiles/usb_dev_bulk.dir/Volumes/4T/develop/ti/EK-LM4F120XL/SW-EK-LM4F120XL-9453.dev/utils/uartstdio.c.obj
 .comment       0x000000000000007e       0x7f CMakeFiles/usb_dev_bulk.dir/usb_bulk_structs.c.obj
 .comment       0x000000000000007e       0x7f usblib/libusb-cm4f.a(usbdhandler.c.obj)
 .comment       0x000000000000007e       0x7f usblib/libusb-cm4f.a(usbdbulk.c.obj)
 .comment       0x000000000000007e       0x7f usblib/libusb-cm4f.a(usbdenum.c.obj)
 .comment       0x000000000000007e       0x7f usblib/libusb-cm4f.a(usbbuffer.c.obj)
 .comment       0x000000000000007e       0x7f usblib/libusb-cm4f.a(usbmode.c.obj)
 .comment       0x000000000000007e       0x7f usblib/libusb-cm4f.a(usbringbuf.c.obj)
 .comment       0x000000000000007e       0x7f usblib/libusb-cm4f.a(usbtick.c.obj)
 .comment       0x000000000000007e       0x7f usblib/libusb-cm4f.a(usbdcdesc.c.obj)
 .comment       0x000000000000007e       0x7f usblib/libusb-cm4f.a(usbdconfig.c.obj)
 .comment       0x000000000000007e       0x7f usblib/libusb-cm4f.a(usbdesc.c.obj)
 .comment       0x000000000000007e       0x7f driverlib/libdriver-cm4f.a(gpio.c.obj)
 .comment       0x000000000000007e       0x7f driverlib/libdriver-cm4f.a(interrupt.c.obj)
 .comment       0x000000000000007e       0x7f driverlib/libdriver-cm4f.a(usb.c.obj)
 .comment       0x000000000000007e       0x7f driverlib/libdriver-cm4f.a(cpu.c.obj)

.debug_frame    0x0000000000000000     0x39a0
 .debug_frame   0x0000000000000000       0x38 /Volumes/4T/develop/efr32/toolchains/gnu_arm/7.2_2017q4/bin/../lib/gcc/arm-none-eabi/7.2.1/../../../../arm-none-eabi/lib/thumb/v7e-m/fpv4-sp/softfp/libc.a(lib_a-memset.o)
 .debug_frame   0x0000000000000038       0xb0 /Volumes/4T/develop/efr32/toolchains/gnu_arm/7.2_2017q4/bin/../lib/gcc/arm-none-eabi/7.2.1/../../../../arm-none-eabi/lib/thumb/v7e-m/fpv4-sp/softfp/libc.a(lib_a-lock.o)
 .debug_frame   0x00000000000000e8       0x7c CMakeFiles/usb_dev_bulk.dir/startup_gcc.c.obj
 .debug_frame   0x0000000000000164       0xc0 CMakeFiles/usb_dev_bulk.dir/usb_dev_bulk.c.obj
 .debug_frame   0x0000000000000224       0xb0 CMakeFiles/usb_dev_bulk.dir/Volumes/4T/develop/ti/EK-LM4F120XL/SW-EK-LM4F120XL-9453.dev/boards/ek-lm4f120xl-new/drivers/retargetserial.c.obj
 .debug_frame   0x00000000000002d4      0x2b8 CMakeFiles/usb_dev_bulk.dir/Volumes/4T/develop/ti/EK-LM4F120XL/SW-EK-LM4F120XL-9453.dev/utils/uartstdio.c.obj
 .debug_frame   0x000000000000058c       0x74 /Volumes/4T/develop/efr32/toolchains/gnu_arm/7.2_2017q4/bin/../lib/gcc/arm-none-eabi/7.2.1/../../../../arm-none-eabi/lib/thumb/v7e-m/fpv4-sp/softfp/libc.a(lib_a-iprintf.o)
 .debug_frame   0x0000000000000600       0xd8 /Volumes/4T/develop/efr32/toolchains/gnu_arm/7.2_2017q4/bin/../lib/gcc/arm-none-eabi/7.2.1/../../../../arm-none-eabi/lib/thumb/v7e-m/fpv4-sp/softfp/libc.a(lib_a-vfiprintf.o)
 .debug_frame   0x00000000000006d8       0x2c /Volumes/4T/develop/efr32/toolchains/gnu_arm/7.2_2017q4/bin/../lib/gcc/arm-none-eabi/7.2.1/../../../../arm-none-eabi/lib/thumb/v7e-m/fpv4-sp/softfp/libc.a(lib_a-wsetup.o)
 .debug_frame   0x0000000000000704       0x5c /Volumes/4T/develop/efr32/toolchains/gnu_arm/7.2_2017q4/bin/../lib/gcc/arm-none-eabi/7.2.1/../../../../arm-none-eabi/lib/thumb/v7e-m/fpv4-sp/softfp/libc.a(lib_a-fflush.o)
 .debug_frame   0x0000000000000760      0x148 /Volumes/4T/develop/efr32/toolchains/gnu_arm/7.2_2017q4/bin/../lib/gcc/arm-none-eabi/7.2.1/../../../../arm-none-eabi/lib/thumb/v7e-m/fpv4-sp/softfp/libc.a(lib_a-findfp.o)
 .debug_frame   0x00000000000008a8       0x9c /Volumes/4T/develop/efr32/toolchains/gnu_arm/7.2_2017q4/bin/../lib/gcc/arm-none-eabi/7.2.1/../../../../arm-none-eabi/lib/thumb/v7e-m/fpv4-sp/softfp/libc.a(lib_a-fputwc.o)
 .debug_frame   0x0000000000000944       0x80 /Volumes/4T/develop/efr32/toolchains/gnu_arm/7.2_2017q4/bin/../lib/gcc/arm-none-eabi/7.2.1/../../../../arm-none-eabi/lib/thumb/v7e-m/fpv4-sp/softfp/libc.a(lib_a-freer.o)
 .debug_frame   0x00000000000009c4       0x64 /Volumes/4T/develop/efr32/toolchains/gnu_arm/7.2_2017q4/bin/../lib/gcc/arm-none-eabi/7.2.1/../../../../arm-none-eabi/lib/thumb/v7e-m/fpv4-sp/softfp/libc.a(lib_a-fvwrite.o)
 .debug_frame   0x0000000000000a28       0x54 /Volumes/4T/develop/efr32/toolchains/gnu_arm/7.2_2017q4/bin/../lib/gcc/arm-none-eabi/7.2.1/../../../../arm-none-eabi/lib/thumb/v7e-m/fpv4-sp/softfp/libc.a(lib_a-fwalk.o)
 .debug_frame   0x0000000000000a7c       0x6c /Volumes/4T/develop/efr32/toolchains/gnu_arm/7.2_2017q4/bin/../lib/gcc/arm-none-eabi/7.2.1/../../../../arm-none-eabi/lib/thumb/v7e-m/fpv4-sp/softfp/libc.a(lib_a-locale.o)
 .debug_frame   0x0000000000000ae8       0x64 /Volumes/4T/develop/efr32/toolchains/gnu_arm/7.2_2017q4/bin/../lib/gcc/arm-none-eabi/7.2.1/../../../../arm-none-eabi/lib/thumb/v7e-m/fpv4-sp/softfp/libc.a(lib_a-makebuf.o)
 .debug_frame   0x0000000000000b4c       0x54 /Volumes/4T/develop/efr32/toolchains/gnu_arm/7.2_2017q4/bin/../lib/gcc/arm-none-eabi/7.2.1/../../../../arm-none-eabi/lib/thumb/v7e-m/fpv4-sp/softfp/libc.a(lib_a-mallocr.o)
 .debug_frame   0x0000000000000ba0       0x4c /Volumes/4T/develop/efr32/toolchains/gnu_arm/7.2_2017q4/bin/../lib/gcc/arm-none-eabi/7.2.1/../../../../arm-none-eabi/lib/thumb/v7e-m/fpv4-sp/softfp/libc.a(lib_a-mbtowc_r.o)
 .debug_frame   0x0000000000000bec       0x40 /Volumes/4T/develop/efr32/toolchains/gnu_arm/7.2_2017q4/bin/../lib/gcc/arm-none-eabi/7.2.1/../../../../arm-none-eabi/lib/thumb/v7e-m/fpv4-sp/softfp/libc.a(lib_a-memmove.o)
 .debug_frame   0x0000000000000c2c       0x30 /Volumes/4T/develop/efr32/toolchains/gnu_arm/7.2_2017q4/bin/../lib/gcc/arm-none-eabi/7.2.1/../../../../arm-none-eabi/lib/thumb/v7e-m/fpv4-sp/softfp/libc.a(lib_a-mlock.o)
 .debug_frame   0x0000000000000c5c       0x58 /Volumes/4T/develop/efr32/toolchains/gnu_arm/7.2_2017q4/bin/../lib/gcc/arm-none-eabi/7.2.1/../../../../arm-none-eabi/lib/thumb/v7e-m/fpv4-sp/softfp/libc.a(lib_a-reallocr.o)
 .debug_frame   0x0000000000000cb4       0x2c /Volumes/4T/develop/efr32/toolchains/gnu_arm/7.2_2017q4/bin/../lib/gcc/arm-none-eabi/7.2.1/../../../../arm-none-eabi/lib/thumb/v7e-m/fpv4-sp/softfp/libc.a(lib_a-sbrkr.o)
 .debug_frame   0x0000000000000ce0       0x88 /Volumes/4T/develop/efr32/toolchains/gnu_arm/7.2_2017q4/bin/../lib/gcc/arm-none-eabi/7.2.1/../../../../arm-none-eabi/lib/thumb/v7e-m/fpv4-sp/softfp/libc.a(lib_a-stdio.o)
 .debug_frame   0x0000000000000d68       0x40 /Volumes/4T/develop/efr32/toolchains/gnu_arm/7.2_2017q4/bin/../lib/gcc/arm-none-eabi/7.2.1/../../../../arm-none-eabi/lib/thumb/v7e-m/fpv4-sp/softfp/libc.a(lib_a-wbuf.o)
 .debug_frame   0x0000000000000da8       0x64 /Volumes/4T/develop/efr32/toolchains/gnu_arm/7.2_2017q4/bin/../lib/gcc/arm-none-eabi/7.2.1/../../../../arm-none-eabi/lib/thumb/v7e-m/fpv4-sp/softfp/libc.a(lib_a-wcrtomb.o)
 .debug_frame   0x0000000000000e0c       0x3c /Volumes/4T/develop/efr32/toolchains/gnu_arm/7.2_2017q4/bin/../lib/gcc/arm-none-eabi/7.2.1/../../../../arm-none-eabi/lib/thumb/v7e-m/fpv4-sp/softfp/libc.a(lib_a-wctomb_r.o)
 .debug_frame   0x0000000000000e48       0x2c /Volumes/4T/develop/efr32/toolchains/gnu_arm/7.2_2017q4/bin/../lib/gcc/arm-none-eabi/7.2.1/../../../../arm-none-eabi/lib/thumb/v7e-m/fpv4-sp/softfp/libc.a(lib_a-writer.o)
 .debug_frame   0x0000000000000e74       0x2c /Volumes/4T/develop/efr32/toolchains/gnu_arm/7.2_2017q4/bin/../lib/gcc/arm-none-eabi/7.2.1/../../../../arm-none-eabi/lib/thumb/v7e-m/fpv4-sp/softfp/libc.a(lib_a-closer.o)
 .debug_frame   0x0000000000000ea0       0x3c /Volumes/4T/develop/efr32/toolchains/gnu_arm/7.2_2017q4/bin/../lib/gcc/arm-none-eabi/7.2.1/../../../../arm-none-eabi/lib/thumb/v7e-m/fpv4-sp/softfp/libc.a(lib_a-fclose.o)
 .debug_frame   0x0000000000000edc       0x2c /Volumes/4T/develop/efr32/toolchains/gnu_arm/7.2_2017q4/bin/../lib/gcc/arm-none-eabi/7.2.1/../../../../arm-none-eabi/lib/thumb/v7e-m/fpv4-sp/softfp/libc.a(lib_a-fstatr.o)
 .debug_frame   0x0000000000000f08       0x2c /Volumes/4T/develop/efr32/toolchains/gnu_arm/7.2_2017q4/bin/../lib/gcc/arm-none-eabi/7.2.1/../../../../arm-none-eabi/lib/thumb/v7e-m/fpv4-sp/softfp/libc.a(lib_a-isattyr.o)
 .debug_frame   0x0000000000000f34       0x2c /Volumes/4T/develop/efr32/toolchains/gnu_arm/7.2_2017q4/bin/../lib/gcc/arm-none-eabi/7.2.1/../../../../arm-none-eabi/lib/thumb/v7e-m/fpv4-sp/softfp/libc.a(lib_a-lseekr.o)
 .debug_frame   0x0000000000000f60       0x2c /Volumes/4T/develop/efr32/toolchains/gnu_arm/7.2_2017q4/bin/../lib/gcc/arm-none-eabi/7.2.1/../../../../arm-none-eabi/lib/thumb/v7e-m/fpv4-sp/softfp/libc.a(lib_a-readr.o)
 .debug_frame   0x0000000000000f8c       0x68 /Volumes/4T/develop/efr32/toolchains/gnu_arm/7.2_2017q4/bin/../lib/gcc/arm-none-eabi/7.2.1/../../../../arm-none-eabi/lib/thumb/v7e-m/fpv4-sp/softfp/libc.a(lib_a-reent.o)
 .debug_frame   0x0000000000000ff4      0x418 /Volumes/4T/develop/efr32/toolchains/gnu_arm/7.2_2017q4/bin/../lib/gcc/arm-none-eabi/7.2.1/../../../../arm-none-eabi/lib/thumb/v7e-m/fpv4-sp/softfp/librdimon.a(rdimon-syscalls.o)
 .debug_frame   0x000000000000140c       0x34 usblib/libusb-cm4f.a(usbdhandler.c.obj)
 .debug_frame   0x0000000000001440      0x33c usblib/libusb-cm4f.a(usbdbulk.c.obj)
 .debug_frame   0x000000000000177c      0x404 usblib/libusb-cm4f.a(usbdenum.c.obj)
 .debug_frame   0x0000000000001b80      0x290 usblib/libusb-cm4f.a(usbbuffer.c.obj)
 .debug_frame   0x0000000000001e10      0x1c8 usblib/libusb-cm4f.a(usbmode.c.obj)
 .debug_frame   0x0000000000001fd8      0x274 usblib/libusb-cm4f.a(usbringbuf.c.obj)
 .debug_frame   0x000000000000224c       0xa4 usblib/libusb-cm4f.a(usbtick.c.obj)
 .debug_frame   0x00000000000022f0      0x138 usblib/libusb-cm4f.a(usbdcdesc.c.obj)
 .debug_frame   0x0000000000002428       0xac usblib/libusb-cm4f.a(usbdconfig.c.obj)
 .debug_frame   0x00000000000024d4       0xf8 usblib/libusb-cm4f.a(usbdesc.c.obj)
 .debug_frame   0x00000000000025cc      0x664 driverlib/libdriver-cm4f.a(gpio.c.obj)
 .debug_frame   0x0000000000002c30      0x258 driverlib/libdriver-cm4f.a(interrupt.c.obj)
 .debug_frame   0x0000000000002e88      0xa28 driverlib/libdriver-cm4f.a(usb.c.obj)
 .debug_frame   0x00000000000038b0       0x70 driverlib/libdriver-cm4f.a(cpu.c.obj)
 .debug_frame   0x0000000000003920       0x2c /Volumes/4T/develop/efr32/toolchains/gnu_arm/7.2_2017q4/bin/../lib/gcc/arm-none-eabi/7.2.1/thumb/v7e-m/fpv4-sp/softfp/libgcc.a(_aeabi_uldivmod.o)
 .debug_frame   0x000000000000394c       0x34 /Volumes/4T/develop/efr32/toolchains/gnu_arm/7.2_2017q4/bin/../lib/gcc/arm-none-eabi/7.2.1/thumb/v7e-m/fpv4-sp/softfp/libgcc.a(_udivmoddi4.o)
 .debug_frame   0x0000000000003980       0x20 /Volumes/4T/develop/efr32/toolchains/gnu_arm/7.2_2017q4/bin/../lib/gcc/arm-none-eabi/7.2.1/../../../../arm-none-eabi/lib/thumb/v7e-m/fpv4-sp/softfp/libg.a(lib_a-errno.o)

.debug_info     0x0000000000000000     0xa72e
 .debug_info    0x0000000000000000      0x133 CMakeFiles/usb_dev_bulk.dir/startup_gcc.c.obj
 .debug_info    0x0000000000000133     0x1379 CMakeFiles/usb_dev_bulk.dir/usb_dev_bulk.c.obj
 .debug_info    0x00000000000014ac      0xb8e CMakeFiles/usb_dev_bulk.dir/Volumes/4T/develop/ti/EK-LM4F120XL/SW-EK-LM4F120XL-9453.dev/boards/ek-lm4f120xl-new/drivers/retargetserial.c.obj
 .debug_info    0x000000000000203a      0x6a2 CMakeFiles/usb_dev_bulk.dir/Volumes/4T/develop/ti/EK-LM4F120XL/SW-EK-LM4F120XL-9453.dev/utils/uartstdio.c.obj
 .debug_info    0x00000000000026dc      0xa05 CMakeFiles/usb_dev_bulk.dir/usb_bulk_structs.c.obj
 .debug_info    0x00000000000030e1      0x56d usblib/libusb-cm4f.a(usbdhandler.c.obj)
 .debug_info    0x000000000000364e      0xfee usblib/libusb-cm4f.a(usbdbulk.c.obj)
 .debug_info    0x000000000000463c     0x112d usblib/libusb-cm4f.a(usbdenum.c.obj)
 .debug_info    0x0000000000005769      0x79a usblib/libusb-cm4f.a(usbbuffer.c.obj)
 .debug_info    0x0000000000005f03      0xb51 usblib/libusb-cm4f.a(usbmode.c.obj)
 .debug_info    0x0000000000006a54      0x4c7 usblib/libusb-cm4f.a(usbringbuf.c.obj)
 .debug_info    0x0000000000006f1b      0x1a1 usblib/libusb-cm4f.a(usbtick.c.obj)
 .debug_info    0x00000000000070bc      0x999 usblib/libusb-cm4f.a(usbdcdesc.c.obj)
 .debug_info    0x0000000000007a55      0x93a usblib/libusb-cm4f.a(usbdconfig.c.obj)
 .debug_info    0x000000000000838f      0x442 usblib/libusb-cm4f.a(usbdesc.c.obj)
 .debug_info    0x00000000000087d1      0xa4b driverlib/libdriver-cm4f.a(gpio.c.obj)
 .debug_info    0x000000000000921c      0x3af driverlib/libdriver-cm4f.a(interrupt.c.obj)
 .debug_info    0x00000000000095cb     0x1065 driverlib/libdriver-cm4f.a(usb.c.obj)
 .debug_info    0x000000000000a630       0xfe driverlib/libdriver-cm4f.a(cpu.c.obj)

.debug_abbrev   0x0000000000000000     0x1b45
 .debug_abbrev  0x0000000000000000       0xa9 CMakeFiles/usb_dev_bulk.dir/startup_gcc.c.obj
 .debug_abbrev  0x00000000000000a9      0x295 CMakeFiles/usb_dev_bulk.dir/usb_dev_bulk.c.obj
 .debug_abbrev  0x000000000000033e      0x1f2 CMakeFiles/usb_dev_bulk.dir/Volumes/4T/develop/ti/EK-LM4F120XL/SW-EK-LM4F120XL-9453.dev/boards/ek-lm4f120xl-new/drivers/retargetserial.c.obj
 .debug_abbrev  0x0000000000000530      0x18e CMakeFiles/usb_dev_bulk.dir/Volumes/4T/develop/ti/EK-LM4F120XL/SW-EK-LM4F120XL-9453.dev/utils/uartstdio.c.obj
 .debug_abbrev  0x00000000000006be      0x124 CMakeFiles/usb_dev_bulk.dir/usb_bulk_structs.c.obj
 .debug_abbrev  0x00000000000007e2      0x126 usblib/libusb-cm4f.a(usbdhandler.c.obj)
 .debug_abbrev  0x0000000000000908      0x1e2 usblib/libusb-cm4f.a(usbdbulk.c.obj)
 .debug_abbrev  0x0000000000000aea      0x1f8 usblib/libusb-cm4f.a(usbdenum.c.obj)
 .debug_abbrev  0x0000000000000ce2      0x1a4 usblib/libusb-cm4f.a(usbbuffer.c.obj)
 .debug_abbrev  0x0000000000000e86      0x1e4 usblib/libusb-cm4f.a(usbmode.c.obj)
 .debug_abbrev  0x000000000000106a      0x17e usblib/libusb-cm4f.a(usbringbuf.c.obj)
 .debug_abbrev  0x00000000000011e8      0x111 usblib/libusb-cm4f.a(usbtick.c.obj)
 .debug_abbrev  0x00000000000012f9      0x1a5 usblib/libusb-cm4f.a(usbdcdesc.c.obj)
 .debug_abbrev  0x000000000000149e      0x1a5 usblib/libusb-cm4f.a(usbdconfig.c.obj)
 .debug_abbrev  0x0000000000001643       0xf9 usblib/libusb-cm4f.a(usbdesc.c.obj)
 .debug_abbrev  0x000000000000173c       0xf9 driverlib/libdriver-cm4f.a(gpio.c.obj)
 .debug_abbrev  0x0000000000001835      0x12e driverlib/libdriver-cm4f.a(interrupt.c.obj)
 .debug_abbrev  0x0000000000001963      0x112 driverlib/libdriver-cm4f.a(usb.c.obj)
 .debug_abbrev  0x0000000000001a75       0xd0 driverlib/libdriver-cm4f.a(cpu.c.obj)

.debug_aranges  0x0000000000000000      0xa70
 .debug_aranges
                0x0000000000000000       0x38 CMakeFiles/usb_dev_bulk.dir/startup_gcc.c.obj
 .debug_aranges
                0x0000000000000038       0x40 CMakeFiles/usb_dev_bulk.dir/usb_dev_bulk.c.obj
 .debug_aranges
                0x0000000000000078       0x38 CMakeFiles/usb_dev_bulk.dir/Volumes/4T/develop/ti/EK-LM4F120XL/SW-EK-LM4F120XL-9453.dev/boards/ek-lm4f120xl-new/drivers/retargetserial.c.obj
 .debug_aranges
                0x00000000000000b0       0xa8 CMakeFiles/usb_dev_bulk.dir/Volumes/4T/develop/ti/EK-LM4F120XL/SW-EK-LM4F120XL-9453.dev/utils/uartstdio.c.obj
 .debug_aranges
                0x0000000000000158       0x18 CMakeFiles/usb_dev_bulk.dir/usb_bulk_structs.c.obj
 .debug_aranges
                0x0000000000000170       0x20 usblib/libusb-cm4f.a(usbdhandler.c.obj)
 .debug_aranges
                0x0000000000000190       0xc0 usblib/libusb-cm4f.a(usbdbulk.c.obj)
 .debug_aranges
                0x0000000000000250       0xf0 usblib/libusb-cm4f.a(usbdenum.c.obj)
 .debug_aranges
                0x0000000000000340       0xa0 usblib/libusb-cm4f.a(usbbuffer.c.obj)
 .debug_aranges
                0x00000000000003e0       0x78 usblib/libusb-cm4f.a(usbmode.c.obj)
 .debug_aranges
                0x0000000000000458       0x98 usblib/libusb-cm4f.a(usbringbuf.c.obj)
 .debug_aranges
                0x00000000000004f0       0x38 usblib/libusb-cm4f.a(usbtick.c.obj)
 .debug_aranges
                0x0000000000000528       0x58 usblib/libusb-cm4f.a(usbdcdesc.c.obj)
 .debug_aranges
                0x0000000000000580       0x38 usblib/libusb-cm4f.a(usbdconfig.c.obj)
 .debug_aranges
                0x00000000000005b8       0x48 usblib/libusb-cm4f.a(usbdesc.c.obj)
 .debug_aranges
                0x0000000000000600      0x170 driverlib/libdriver-cm4f.a(gpio.c.obj)
 .debug_aranges
                0x0000000000000770       0x98 driverlib/libdriver-cm4f.a(interrupt.c.obj)
 .debug_aranges
                0x0000000000000808      0x220 driverlib/libdriver-cm4f.a(usb.c.obj)
 .debug_aranges
                0x0000000000000a28       0x48 driverlib/libdriver-cm4f.a(cpu.c.obj)

.debug_ranges   0x0000000000000000      0x938
 .debug_ranges  0x0000000000000000       0x28 CMakeFiles/usb_dev_bulk.dir/startup_gcc.c.obj
 .debug_ranges  0x0000000000000028       0x30 CMakeFiles/usb_dev_bulk.dir/usb_dev_bulk.c.obj
 .debug_ranges  0x0000000000000058       0x28 CMakeFiles/usb_dev_bulk.dir/Volumes/4T/develop/ti/EK-LM4F120XL/SW-EK-LM4F120XL-9453.dev/boards/ek-lm4f120xl-new/drivers/retargetserial.c.obj
 .debug_ranges  0x0000000000000080       0x98 CMakeFiles/usb_dev_bulk.dir/Volumes/4T/develop/ti/EK-LM4F120XL/SW-EK-LM4F120XL-9453.dev/utils/uartstdio.c.obj
 .debug_ranges  0x0000000000000118       0x10 usblib/libusb-cm4f.a(usbdhandler.c.obj)
 .debug_ranges  0x0000000000000128       0xb0 usblib/libusb-cm4f.a(usbdbulk.c.obj)
 .debug_ranges  0x00000000000001d8       0xe0 usblib/libusb-cm4f.a(usbdenum.c.obj)
 .debug_ranges  0x00000000000002b8       0x90 usblib/libusb-cm4f.a(usbbuffer.c.obj)
 .debug_ranges  0x0000000000000348       0x68 usblib/libusb-cm4f.a(usbmode.c.obj)
 .debug_ranges  0x00000000000003b0       0x88 usblib/libusb-cm4f.a(usbringbuf.c.obj)
 .debug_ranges  0x0000000000000438       0x28 usblib/libusb-cm4f.a(usbtick.c.obj)
 .debug_ranges  0x0000000000000460       0x48 usblib/libusb-cm4f.a(usbdcdesc.c.obj)
 .debug_ranges  0x00000000000004a8       0x28 usblib/libusb-cm4f.a(usbdconfig.c.obj)
 .debug_ranges  0x00000000000004d0       0x38 usblib/libusb-cm4f.a(usbdesc.c.obj)
 .debug_ranges  0x0000000000000508      0x160 driverlib/libdriver-cm4f.a(gpio.c.obj)
 .debug_ranges  0x0000000000000668       0x88 driverlib/libdriver-cm4f.a(interrupt.c.obj)
 .debug_ranges  0x00000000000006f0      0x210 driverlib/libdriver-cm4f.a(usb.c.obj)
 .debug_ranges  0x0000000000000900       0x38 driverlib/libdriver-cm4f.a(cpu.c.obj)

.debug_line     0x0000000000000000     0x42a1
 .debug_line    0x0000000000000000       0xf2 CMakeFiles/usb_dev_bulk.dir/startup_gcc.c.obj
 .debug_line    0x00000000000000f2      0x4d0 CMakeFiles/usb_dev_bulk.dir/usb_dev_bulk.c.obj
 .debug_line    0x00000000000005c2      0x294 CMakeFiles/usb_dev_bulk.dir/Volumes/4T/develop/ti/EK-LM4F120XL/SW-EK-LM4F120XL-9453.dev/boards/ek-lm4f120xl-new/drivers/retargetserial.c.obj
 .debug_line    0x0000000000000856      0x466 CMakeFiles/usb_dev_bulk.dir/Volumes/4T/develop/ti/EK-LM4F120XL/SW-EK-LM4F120XL-9453.dev/utils/uartstdio.c.obj
 .debug_line    0x0000000000000cbc      0x2de CMakeFiles/usb_dev_bulk.dir/usb_bulk_structs.c.obj
 .debug_line    0x0000000000000f9a      0x21c usblib/libusb-cm4f.a(usbdhandler.c.obj)
 .debug_line    0x00000000000011b6      0x449 usblib/libusb-cm4f.a(usbdbulk.c.obj)
 .debug_line    0x00000000000015ff      0x6a0 usblib/libusb-cm4f.a(usbdenum.c.obj)
 .debug_line    0x0000000000001c9f      0x333 usblib/libusb-cm4f.a(usbbuffer.c.obj)
 .debug_line    0x0000000000001fd2      0x417 usblib/libusb-cm4f.a(usbmode.c.obj)
 .debug_line    0x00000000000023e9      0x2e8 usblib/libusb-cm4f.a(usbringbuf.c.obj)
 .debug_line    0x00000000000026d1      0x1aa usblib/libusb-cm4f.a(usbtick.c.obj)
 .debug_line    0x000000000000287b      0x31c usblib/libusb-cm4f.a(usbdcdesc.c.obj)
 .debug_line    0x0000000000002b97      0x37e usblib/libusb-cm4f.a(usbdconfig.c.obj)
 .debug_line    0x0000000000002f15      0x19d usblib/libusb-cm4f.a(usbdesc.c.obj)
 .debug_line    0x00000000000030b2      0x67a driverlib/libdriver-cm4f.a(gpio.c.obj)
 .debug_line    0x000000000000372c      0x2a8 driverlib/libdriver-cm4f.a(interrupt.c.obj)
 .debug_line    0x00000000000039d4      0x7e9 driverlib/libdriver-cm4f.a(usb.c.obj)
 .debug_line    0x00000000000041bd       0xe4 driverlib/libdriver-cm4f.a(cpu.c.obj)

.debug_str      0x0000000000000000     0x36e3
 .debug_str     0x0000000000000000      0x214 CMakeFiles/usb_dev_bulk.dir/startup_gcc.c.obj
                                        0x233 (size before relaxing)
 .debug_str     0x0000000000000214      0xcb6 CMakeFiles/usb_dev_bulk.dir/usb_dev_bulk.c.obj
                                        0xe88 (size before relaxing)
 .debug_str     0x0000000000000eca      0x1ad CMakeFiles/usb_dev_bulk.dir/Volumes/4T/develop/ti/EK-LM4F120XL/SW-EK-LM4F120XL-9453.dev/boards/ek-lm4f120xl-new/drivers/retargetserial.c.obj
                                        0x786 (size before relaxing)
 .debug_str     0x0000000000001077      0x2e8 CMakeFiles/usb_dev_bulk.dir/Volumes/4T/develop/ti/EK-LM4F120XL/SW-EK-LM4F120XL-9453.dev/utils/uartstdio.c.obj
                                        0x499 (size before relaxing)
 .debug_str     0x000000000000135f      0x142 CMakeFiles/usb_dev_bulk.dir/usb_bulk_structs.c.obj
                                        0x9a6 (size before relaxing)
 .debug_str     0x00000000000014a1      0x10d usblib/libusb-cm4f.a(usbdhandler.c.obj)
                                        0x609 (size before relaxing)
 .debug_str     0x00000000000015ae      0x3df usblib/libusb-cm4f.a(usbdbulk.c.obj)
                                        0xbbb (size before relaxing)
 .debug_str     0x000000000000198d      0x46c usblib/libusb-cm4f.a(usbdenum.c.obj)
                                        0xbf8 (size before relaxing)
 .debug_str     0x0000000000001df9      0x23c usblib/libusb-cm4f.a(usbbuffer.c.obj)
                                        0x502 (size before relaxing)
 .debug_str     0x0000000000002035      0x351 usblib/libusb-cm4f.a(usbmode.c.obj)
                                        0xacf (size before relaxing)
 .debug_str     0x0000000000002386      0x19c usblib/libusb-cm4f.a(usbringbuf.c.obj)
                                        0x383 (size before relaxing)
 .debug_str     0x0000000000002522      0x10f usblib/libusb-cm4f.a(usbtick.c.obj)
                                        0x2c6 (size before relaxing)
 .debug_str     0x0000000000002631      0x1f3 usblib/libusb-cm4f.a(usbdcdesc.c.obj)
                                        0x857 (size before relaxing)
 .debug_str     0x0000000000002824      0x160 usblib/libusb-cm4f.a(usbdconfig.c.obj)
                                        0x833 (size before relaxing)
 .debug_str     0x0000000000002984       0xe1 usblib/libusb-cm4f.a(usbdesc.c.obj)
                                        0x401 (size before relaxing)
 .debug_str     0x0000000000002a65      0x44b driverlib/libdriver-cm4f.a(gpio.c.obj)
                                        0x577 (size before relaxing)
 .debug_str     0x0000000000002eb0      0x1a8 driverlib/libdriver-cm4f.a(interrupt.c.obj)
                                        0x372 (size before relaxing)
 .debug_str     0x0000000000003058      0x5f1 driverlib/libdriver-cm4f.a(usb.c.obj)
                                        0x7cf (size before relaxing)
 .debug_str     0x0000000000003649       0x9a driverlib/libdriver-cm4f.a(cpu.c.obj)
                                        0x1e0 (size before relaxing)
