Archive member included to satisfy reference by file (symbol)

../../../driverlib/gcc-cm4f/libdriver-cm4f.a(gpio.o)
                              gcc/src/main.o (symbol from plugin) (GPIOPinWrite)
../../../driverlib/gcc-cm4f/libdriver-cm4f.a(interrupt.o)
                              ../../../driverlib/gcc-cm4f/libdriver-cm4f.a(gpio.o) (IntRegister)
../../../driverlib/gcc-cm4f/libdriver-cm4f.a(sysctl.o)
                              gcc/src/main.o (symbol from plugin) (SysCtlDelay)
../../../driverlib/gcc-cm4f/libdriver-cm4f.a(cpu.o)
                              ../../../driverlib/gcc-cm4f/libdriver-cm4f.a(interrupt.o) (CPUcpsid)
/usr/local/Cellar/arm-none-eabi-gcc/10.3-2021.07/gcc/bin/../lib/gcc/arm-none-eabi/10.3.1/../../../../arm-none-eabi/lib/thumb/v7e-m+fp/hard/libc.a(lib_a-exit.o)
                              /usr/local/Cellar/arm-none-eabi-gcc/10.3-2021.07/gcc/bin/../lib/gcc/arm-none-eabi/10.3.1/../../../../arm-none-eabi/lib/thumb/v7e-m+fp/hard/crt0.o (exit)
/usr/local/Cellar/arm-none-eabi-gcc/10.3-2021.07/gcc/bin/../lib/gcc/arm-none-eabi/10.3.1/../../../../arm-none-eabi/lib/thumb/v7e-m+fp/hard/libc.a(lib_a-impure.o)
                              /usr/local/Cellar/arm-none-eabi-gcc/10.3-2021.07/gcc/bin/../lib/gcc/arm-none-eabi/10.3.1/../../../../arm-none-eabi/lib/thumb/v7e-m+fp/hard/libc.a(lib_a-exit.o) (_global_impure_ptr)
/usr/local/Cellar/arm-none-eabi-gcc/10.3-2021.07/gcc/bin/../lib/gcc/arm-none-eabi/10.3.1/../../../../arm-none-eabi/lib/thumb/v7e-m+fp/hard/libc.a(lib_a-init.o)
                              /usr/local/Cellar/arm-none-eabi-gcc/10.3-2021.07/gcc/bin/../lib/gcc/arm-none-eabi/10.3.1/../../../../arm-none-eabi/lib/thumb/v7e-m+fp/hard/crt0.o (__libc_init_array)
/usr/local/Cellar/arm-none-eabi-gcc/10.3-2021.07/gcc/bin/../lib/gcc/arm-none-eabi/10.3.1/../../../../arm-none-eabi/lib/thumb/v7e-m+fp/hard/libc.a(lib_a-memset.o)
                              /usr/local/Cellar/arm-none-eabi-gcc/10.3-2021.07/gcc/bin/../lib/gcc/arm-none-eabi/10.3.1/../../../../arm-none-eabi/lib/thumb/v7e-m+fp/hard/crt0.o (memset)
/usr/local/Cellar/arm-none-eabi-gcc/10.3-2021.07/gcc/bin/../lib/gcc/arm-none-eabi/10.3.1/../../../../arm-none-eabi/lib/thumb/v7e-m+fp/hard/libc.a(lib_a-__call_atexit.o)
                              /usr/local/Cellar/arm-none-eabi-gcc/10.3-2021.07/gcc/bin/../lib/gcc/arm-none-eabi/10.3.1/../../../../arm-none-eabi/lib/thumb/v7e-m+fp/hard/libc.a(lib_a-exit.o) (__call_exitprocs)
/usr/local/Cellar/arm-none-eabi-gcc/10.3-2021.07/gcc/bin/../lib/gcc/arm-none-eabi/10.3.1/../../../../arm-none-eabi/lib/thumb/v7e-m+fp/hard/libc.a(lib_a-atexit.o)
                              /usr/local/Cellar/arm-none-eabi-gcc/10.3-2021.07/gcc/bin/../lib/gcc/arm-none-eabi/10.3.1/../../../../arm-none-eabi/lib/thumb/v7e-m+fp/hard/libc.a(lib_a-__call_atexit.o) (atexit)
/usr/local/Cellar/arm-none-eabi-gcc/10.3-2021.07/gcc/bin/../lib/gcc/arm-none-eabi/10.3.1/../../../../arm-none-eabi/lib/thumb/v7e-m+fp/hard/libc.a(lib_a-fini.o)
                              /usr/local/Cellar/arm-none-eabi-gcc/10.3-2021.07/gcc/bin/../lib/gcc/arm-none-eabi/10.3.1/../../../../arm-none-eabi/lib/thumb/v7e-m+fp/hard/libc.a(lib_a-__call_atexit.o) (__libc_fini_array)
/usr/local/Cellar/arm-none-eabi-gcc/10.3-2021.07/gcc/bin/../lib/gcc/arm-none-eabi/10.3.1/../../../../arm-none-eabi/lib/thumb/v7e-m+fp/hard/libc.a(lib_a-lock.o)
                              /usr/local/Cellar/arm-none-eabi-gcc/10.3-2021.07/gcc/bin/../lib/gcc/arm-none-eabi/10.3.1/../../../../arm-none-eabi/lib/thumb/v7e-m+fp/hard/libc.a(lib_a-__call_atexit.o) (__retarget_lock_acquire_recursive)
/usr/local/Cellar/arm-none-eabi-gcc/10.3-2021.07/gcc/bin/../lib/gcc/arm-none-eabi/10.3.1/../../../../arm-none-eabi/lib/thumb/v7e-m+fp/hard/libc.a(lib_a-__atexit.o)
                              /usr/local/Cellar/arm-none-eabi-gcc/10.3-2021.07/gcc/bin/../lib/gcc/arm-none-eabi/10.3.1/../../../../arm-none-eabi/lib/thumb/v7e-m+fp/hard/libc.a(lib_a-atexit.o) (__register_exitproc)
/usr/local/Cellar/arm-none-eabi-gcc/10.3-2021.07/gcc/bin/../lib/gcc/arm-none-eabi/10.3.1/../../../../arm-none-eabi/lib/thumb/v7e-m+fp/hard/libnosys.a(_exit.o)
                              /usr/local/Cellar/arm-none-eabi-gcc/10.3-2021.07/gcc/bin/../lib/gcc/arm-none-eabi/10.3.1/../../../../arm-none-eabi/lib/thumb/v7e-m+fp/hard/libc.a(lib_a-exit.o) (_exit)
/usr/local/Cellar/arm-none-eabi-gcc/10.3-2021.07/gcc/bin/../lib/gcc/arm-none-eabi/10.3.1/../../../../arm-none-eabi/lib/thumb/v7e-m+fp/hard/libc_nano.a(lib_a-nano-vfprintf_float.o)
                              (_printf_float)
/usr/local/Cellar/arm-none-eabi-gcc/10.3-2021.07/gcc/bin/../lib/gcc/arm-none-eabi/10.3.1/../../../../arm-none-eabi/lib/thumb/v7e-m+fp/hard/libc_nano.a(lib_a-nano-vfprintf_i.o)
                              /usr/local/Cellar/arm-none-eabi-gcc/10.3-2021.07/gcc/bin/../lib/gcc/arm-none-eabi/10.3.1/../../../../arm-none-eabi/lib/thumb/v7e-m+fp/hard/libc_nano.a(lib_a-nano-vfprintf_float.o) (_printf_common)
[...]
Memory Configuration

Name             Origin             Length             Attributes
FLASH            0x0000000000000000 0x0000000000040000 xr
SRAM             0x0000000020000000 0x0000000000008000 xrw
*default*        0x0000000000000000 0xffffffffffffffff

Linker script and memory map

LOAD /usr/local/Cellar/arm-none-eabi-gcc/10.3-2021.07/gcc/bin/../lib/gcc/arm-none-eabi/10.3.1/thumb/v7e-m+fp/hard/crti.o
LOAD /usr/local/Cellar/arm-none-eabi-gcc/10.3-2021.07/gcc/bin/../lib/gcc/arm-none-eabi/10.3.1/thumb/v7e-m+fp/hard/crtbegin.o
LOAD /usr/local/Cellar/arm-none-eabi-gcc/10.3-2021.07/gcc/bin/../lib/gcc/arm-none-eabi/10.3.1/../../../../arm-none-eabi/lib/thumb/v7e-m+fp/hard/crt0.o
LOAD gcc/src/main.o
LOAD /var/folders/vb/jgxdfp997zncd3gd8bnywpm00000gn/T//main.axf.i0gIwj.ltrans0.ltrans.o
LOAD gcc/src/startup_gcc.o
LOAD gcc/src/heap_1.o
LOAD gcc/src/freertos_hook.o
LOAD gcc/FreeRTOS-Kernel/portable/GCC/ARM_CM4F/port.o
LOAD gcc/FreeRTOS-Kernel/list.o
LOAD gcc/FreeRTOS-Kernel/queue.o
LOAD gcc/FreeRTOS-Kernel/tasks.o
LOAD gcc/FreeRTOS-Kernel/timers.o
LOAD gcc/FreeRTOS-Kernel/croutine.o
LOAD gcc/FreeRTOS-Kernel/event_groups.o
LOAD ../../../driverlib/gcc-cm4f/libdriver-cm4f.a
LOAD /usr/local/Cellar/arm-none-eabi-gcc/10.3-2021.07/gcc/bin/../lib/gcc/arm-none-eabi/10.3.1/../../../../arm-none-eabi/lib/thumb/v7e-m+fp/hard/libm.a
LOAD /usr/local/Cellar/arm-none-eabi-gcc/10.3-2021.07/gcc/bin/../lib/gcc/arm-none-eabi/10.3.1/../../../../arm-none-eabi/lib/thumb/v7e-m+fp/hard/libc.a
LOAD /usr/local/Cellar/arm-none-eabi-gcc/10.3-2021.07/gcc/bin/../lib/gcc/arm-none-eabi/10.3.1/thumb/v7e-m+fp/hard/libgcc.a
LOAD /usr/local/Cellar/arm-none-eabi-gcc/10.3-2021.07/gcc/bin/../lib/gcc/arm-none-eabi/10.3.1/../../../../arm-none-eabi/lib/thumb/v7e-m+fp/hard/libnosys.a
START GROUP
LOAD /usr/local/Cellar/arm-none-eabi-gcc/10.3-2021.07/gcc/bin/../lib/gcc/arm-none-eabi/10.3.1/thumb/v7e-m+fp/hard/libgcc.a
LOAD /usr/local/Cellar/arm-none-eabi-gcc/10.3-2021.07/gcc/bin/../lib/gcc/arm-none-eabi/10.3.1/../../../../arm-none-eabi/lib/thumb/v7e-m+fp/hard/libc_nano.a
END GROUP
START GROUP
LOAD /usr/local/Cellar/arm-none-eabi-gcc/10.3-2021.07/gcc/bin/../lib/gcc/arm-none-eabi/10.3.1/thumb/v7e-m+fp/hard/libgcc.a
LOAD /usr/local/Cellar/arm-none-eabi-gcc/10.3-2021.07/gcc/bin/../lib/gcc/arm-none-eabi/10.3.1/../../../../arm-none-eabi/lib/thumb/v7e-m+fp/hard/libc_nano.a
LOAD /usr/local/Cellar/arm-none-eabi-gcc/10.3-2021.07/gcc/bin/../lib/gcc/arm-none-eabi/10.3.1/../../../../arm-none-eabi/lib/thumb/v7e-m+fp/hard/libnosys.a
END GROUP
START GROUP
LOAD /usr/local/Cellar/arm-none-eabi-gcc/10.3-2021.07/gcc/bin/../lib/gcc/arm-none-eabi/10.3.1/thumb/v7e-m+fp/hard/libgcc.a
LOAD /usr/local/Cellar/arm-none-eabi-gcc/10.3-2021.07/gcc/bin/../lib/gcc/arm-none-eabi/10.3.1/../../../../arm-none-eabi/lib/thumb/v7e-m+fp/hard/libc_nano.a
LOAD /usr/local/Cellar/arm-none-eabi-gcc/10.3-2021.07/gcc/bin/../lib/gcc/arm-none-eabi/10.3.1/../../../../arm-none-eabi/lib/thumb/v7e-m+fp/hard/libnosys.a
END GROUP
LOAD /usr/local/Cellar/arm-none-eabi-gcc/10.3-2021.07/gcc/bin/../lib/gcc/arm-none-eabi/10.3.1/thumb/v7e-m+fp/hard/crtend.o
LOAD /usr/local/Cellar/arm-none-eabi-gcc/10.3-2021.07/gcc/bin/../lib/gcc/arm-none-eabi/10.3.1/thumb/v7e-m+fp/hard/crtn.o

.text           0x0000000000000000     0x55b4
                0x0000000000000000                _text = .
 *(.isr_vector)
 .isr_vector    0x0000000000000000      0x26c /var/folders/vb/jgxdfp997zncd3gd8bnywpm00000gn/T//main.axf.i0gIwj.ltrans0.ltrans.o
                0x0000000000000000                g_pfnVectors
 *(.init)
 .init          0x000000000000026c        0x4 /usr/local/Cellar/arm-none-eabi-gcc/10.3-2021.07/gcc/bin/../lib/gcc/arm-none-eabi/10.3.1/thumb/v7e-m+fp/hard/crti.o
                0x000000000000026c                _init
 .init          0x0000000000000270        0x8 /usr/local/Cellar/arm-none-eabi-gcc/10.3-2021.07/gcc/bin/../lib/gcc/arm-none-eabi/10.3.1/thumb/v7e-m+fp/hard/crtn.o
 *(.fini)
 .fini          0x0000000000000278        0x4 /usr/local/Cellar/arm-none-eabi-gcc/10.3-2021.07/gcc/bin/../lib/gcc/arm-none-eabi/10.3.1/thumb/v7e-m+fp/hard/crti.o
                0x0000000000000278                _fini
 .fini          0x000000000000027c        0x8 /usr/local/Cellar/arm-none-eabi-gcc/10.3-2021.07/gcc/bin/../lib/gcc/arm-none-eabi/10.3.1/thumb/v7e-m+fp/hard/crtn.o
 *(.text*)
 .text.UARTSend
                0x0000000000000284       0x24 /var/folders/vb/jgxdfp997zncd3gd8bnywpm00000gn/T//main.axf.i0gIwj.ltrans0.ltrans.o
 .text.led_blinky_cb
                0x00000000000002a8       0x2c /var/folders/vb/jgxdfp997zncd3gd8bnywpm00000gn/T//main.axf.i0gIwj.ltrans0.ltrans.o
 .text.prvIdleTask
                0x00000000000002d4       0x24 /var/folders/vb/jgxdfp997zncd3gd8bnywpm00000gn/T//main.axf.i0gIwj.ltrans0.ltrans.o
 .text.IntDefaultHandler
                0x00000000000002f8        0x2 /var/folders/vb/jgxdfp997zncd3gd8bnywpm00000gn/T//main.axf.i0gIwj.ltrans0.ltrans.o
 .text.NmiSR    0x00000000000002fa        0x2 /var/folders/vb/jgxdfp997zncd3gd8bnywpm00000gn/T//main.axf.i0gIwj.ltrans0.ltrans.o
 .text.FaultISR
                0x00000000000002fc        0x2 /var/folders/vb/jgxdfp997zncd3gd8bnywpm00000gn/T//main.axf.i0gIwj.ltrans0.ltrans.o
 .text.vPortFree
                0x00000000000002fe       0x22 /var/folders/vb/jgxdfp997zncd3gd8bnywpm00000gn/T//main.axf.i0gIwj.ltrans0.ltrans.o
 .text.prvTaskExitError
                0x0000000000000320       0x4c /var/folders/vb/jgxdfp997zncd3gd8bnywpm00000gn/T//main.axf.i0gIwj.ltrans0.ltrans.o
 *fill*         0x000000000000036c        0x4 
 .text.SVC_Handler
                0x0000000000000370       0x24 /var/folders/vb/jgxdfp997zncd3gd8bnywpm00000gn/T//main.axf.i0gIwj.ltrans0.ltrans.o
 .text.prvPortStartFirstTask
                0x0000000000000394       0x28 /var/folders/vb/jgxdfp997zncd3gd8bnywpm00000gn/T//main.axf.i0gIwj.ltrans0.ltrans.o
 .text.vPortEnterCritical
                0x00000000000003bc       0x48 /var/folders/vb/jgxdfp997zncd3gd8bnywpm00000gn/T//main.axf.i0gIwj.ltrans0.ltrans.o
 .text.vPortExitCritical
                0x0000000000000404       0x38 /var/folders/vb/jgxdfp997zncd3gd8bnywpm00000gn/T//main.axf.i0gIwj.ltrans0.ltrans.o
 *fill*         0x000000000000043c        0x4 
 .text.PendSV_Handler
                0x0000000000000440       0x64 /var/folders/vb/jgxdfp997zncd3gd8bnywpm00000gn/T//main.axf.i0gIwj.ltrans0.ltrans.o
 .text.vPortEnableVFP
                0x00000000000004a4       0x14 /var/folders/vb/jgxdfp997zncd3gd8bnywpm00000gn/T//main.axf.i0gIwj.ltrans0.ltrans.o
 .text.vListInitialise
                0x00000000000004b8       0x16 /var/folders/vb/jgxdfp997zncd3gd8bnywpm00000gn/T//main.axf.i0gIwj.ltrans0.ltrans.o
 .text.vListInsert
                0x00000000000004ce       0x2e /var/folders/vb/jgxdfp997zncd3gd8bnywpm00000gn/T//main.axf.i0gIwj.ltrans0.ltrans.o
 .text.vTaskSuspendAll
                0x00000000000004fc       0x10 /var/folders/vb/jgxdfp997zncd3gd8bnywpm00000gn/T//main.axf.i0gIwj.ltrans0.ltrans.o
 .text.xTaskRemoveFromEventList
                0x000000000000050c       0xe8 /var/folders/vb/jgxdfp997zncd3gd8bnywpm00000gn/T//main.axf.i0gIwj.ltrans0.ltrans.o
 .text.prvUnlockQueue
                0x00000000000005f4       0x84 /var/folders/vb/jgxdfp997zncd3gd8bnywpm00000gn/T//main.axf.i0gIwj.ltrans0.ltrans.o
 .text.xTaskCheckForTimeOut
                0x0000000000000678       0x54 /var/folders/vb/jgxdfp997zncd3gd8bnywpm00000gn/T//main.axf.i0gIwj.ltrans0.ltrans.o
 .text.prvResetNextTaskUnblockTime
                0x00000000000006cc       0x24 /var/folders/vb/jgxdfp997zncd3gd8bnywpm00000gn/T//main.axf.i0gIwj.ltrans0.ltrans.o
 .text.xTaskIncrementTick
                0x00000000000006f0      0x188 /var/folders/vb/jgxdfp997zncd3gd8bnywpm00000gn/T//main.axf.i0gIwj.ltrans0.ltrans.o
 .text.SysTick_Handler
                0x0000000000000878       0x2c /var/folders/vb/jgxdfp997zncd3gd8bnywpm00000gn/T//main.axf.i0gIwj.ltrans0.ltrans.o
 .text.xTaskResumeAll
                0x00000000000008a4      0x174 /var/folders/vb/jgxdfp997zncd3gd8bnywpm00000gn/T//main.axf.i0gIwj.ltrans0.ltrans.o
 .text.pvPortMalloc
                0x0000000000000a18       0x58 /var/folders/vb/jgxdfp997zncd3gd8bnywpm00000gn/T//main.axf.i0gIwj.ltrans0.ltrans.o
 .text.xTaskGetSchedulerState
                0x0000000000000a70       0x20 /var/folders/vb/jgxdfp997zncd3gd8bnywpm00000gn/T//main.axf.i0gIwj.ltrans0.ltrans.o
 .text.prvInsertTimerInActiveList
                0x0000000000000a90       0x3c /var/folders/vb/jgxdfp997zncd3gd8bnywpm00000gn/T//main.axf.i0gIwj.ltrans0.ltrans.o
 .text.prvReloadTimer
                0x0000000000000acc       0x26 /var/folders/vb/jgxdfp997zncd3gd8bnywpm00000gn/T//main.axf.i0gIwj.ltrans0.ltrans.o
 .text.uxListRemove.isra.0
                0x0000000000000af2       0x24 /var/folders/vb/jgxdfp997zncd3gd8bnywpm00000gn/T//main.axf.i0gIwj.ltrans0.ltrans.o
 *fill*         0x0000000000000b16        0x2 
 .text.prvAddCurrentTaskToDelayedList
                0x0000000000000b18       0x88 /var/folders/vb/jgxdfp997zncd3gd8bnywpm00000gn/T//main.axf.i0gIwj.ltrans0.ltrans.o
 .text.vTask    0x0000000000000ba0       0x60 /var/folders/vb/jgxdfp997zncd3gd8bnywpm00000gn/T//main.axf.i0gIwj.ltrans0.ltrans.o
 .text.vTaskPlaceOnEventList
                0x0000000000000c00       0x20 /var/folders/vb/jgxdfp997zncd3gd8bnywpm00000gn/T//main.axf.i0gIwj.ltrans0.ltrans.o
 .text.prvProcessExpiredTimer
                0x0000000000000c20       0x44 /var/folders/vb/jgxdfp997zncd3gd8bnywpm00000gn/T//main.axf.i0gIwj.ltrans0.ltrans.o
 .text.prvSwitchTimerLists
                0x0000000000000c64       0x2c /var/folders/vb/jgxdfp997zncd3gd8bnywpm00000gn/T//main.axf.i0gIwj.ltrans0.ltrans.o
 .text.UARTIntHandler
                0x0000000000000c90       0x68 /var/folders/vb/jgxdfp997zncd3gd8bnywpm00000gn/T//main.axf.i0gIwj.ltrans0.ltrans.o
 .text.prvCheckForValidListAndQueue
                0x0000000000000cf8       0xd4 /var/folders/vb/jgxdfp997zncd3gd8bnywpm00000gn/T//main.axf.i0gIwj.ltrans0.ltrans.o
 .text.prvTimerTask
                0x0000000000000dcc      0x370 /var/folders/vb/jgxdfp997zncd3gd8bnywpm00000gn/T//main.axf.i0gIwj.ltrans0.ltrans.o
 .text.xQueueGenericSend.constprop.0.isra.0
                0x000000000000113c      0x22c /var/folders/vb/jgxdfp997zncd3gd8bnywpm00000gn/T//main.axf.i0gIwj.ltrans0.ltrans.o
 .text.xTaskCreate.constprop.0
                0x0000000000001368      0x1b8 /var/folders/vb/jgxdfp997zncd3gd8bnywpm00000gn/T//main.axf.i0gIwj.ltrans0.ltrans.o
 .text._write   0x0000000000001520       0x10 /var/folders/vb/jgxdfp997zncd3gd8bnywpm00000gn/T//main.axf.i0gIwj.ltrans0.ltrans.o
                0x0000000000001520                _write
 .text._sbrk    0x0000000000001530        0x4 /var/folders/vb/jgxdfp997zncd3gd8bnywpm00000gn/T//main.axf.i0gIwj.ltrans0.ltrans.o
                0x0000000000001530                _sbrk
 .text._close   0x0000000000001534        0x6 /var/folders/vb/jgxdfp997zncd3gd8bnywpm00000gn/T//main.axf.i0gIwj.ltrans0.ltrans.o
                0x0000000000001534                _close
 .text._fstat   0x000000000000153a        0x4 /var/folders/vb/jgxdfp997zncd3gd8bnywpm00000gn/T//main.axf.i0gIwj.ltrans0.ltrans.o
                0x000000000000153a                _fstat
 .text._isatty  0x000000000000153e        0x4 /var/folders/vb/jgxdfp997zncd3gd8bnywpm00000gn/T//main.axf.i0gIwj.ltrans0.ltrans.o
                0x000000000000153e                _isatty
 .text._lseek   0x0000000000001542        0x4 /var/folders/vb/jgxdfp997zncd3gd8bnywpm00000gn/T//main.axf.i0gIwj.ltrans0.ltrans.o
                0x0000000000001542                _lseek
 .text._read    0x0000000000001546        0x4 /var/folders/vb/jgxdfp997zncd3gd8bnywpm00000gn/T//main.axf.i0gIwj.ltrans0.ltrans.o
                0x0000000000001546                _read
 *fill*         0x000000000000154a        0x2 
 .text.vTaskSwitchContext
                0x000000000000154c       0xb8 /var/folders/vb/jgxdfp997zncd3gd8bnywpm00000gn/T//main.axf.i0gIwj.ltrans0.ltrans.o
                0x000000000000154c                vTaskSwitchContext
 .text.startup.main
                0x0000000000001604      0x34c /var/folders/vb/jgxdfp997zncd3gd8bnywpm00000gn/T//main.axf.i0gIwj.ltrans0.ltrans.o
                0x0000000000001604                main
 .text.ResetISR
                0x0000000000001950       0x5c /var/folders/vb/jgxdfp997zncd3gd8bnywpm00000gn/T//main.axf.i0gIwj.ltrans0.ltrans.o
                0x0000000000001950                ResetISR
 .text.GPIOPinWrite
                0x00000000000019ac        0x6 ../../../driverlib/gcc-cm4f/libdriver-cm4f.a(gpio.o)
                0x00000000000019ac                GPIOPinWrite
 *fill*         0x00000000000019b2        0x2 
 .text.GPIOPinConfigure
                0x00000000000019b4       0x44 ../../../driverlib/gcc-cm4f/libdriver-cm4f.a(gpio.o)
                0x00000000000019b4                GPIOPinConfigure
 .text.SysCtlDelay
                0x00000000000019f8        0x8 ../../../driverlib/gcc-cm4f/libdriver-cm4f.a(sysctl.o)
                0x00000000000019f8                SysCtlDelay
 .text.SysCtlClockGet
                0x0000000000001a00      0x1e4 ../../../driverlib/gcc-cm4f/libdriver-cm4f.a(sysctl.o)
                0x0000000000001a00                SysCtlClockGet
 .text.memset   0x0000000000001be4       0xa4 /usr/local/Cellar/arm-none-eabi-gcc/10.3-2021.07/gcc/bin/../lib/gcc/arm-none-eabi/10.3.1/../../../../arm-none-eabi/lib/thumb/v7e-m+fp/hard/libc.a(lib_a-memset.o)
                0x0000000000001be4                memset
 .text.__retarget_lock_init_recursive
                0x0000000000001c88        0x4 /usr/local/Cellar/arm-none-eabi-gcc/10.3-2021.07/gcc/bin/../lib/gcc/arm-none-eabi/10.3.1/../../../../arm-none-eabi/lib/thumb/v7e-m+fp/hard/libc.a(lib_a-lock.o)
                0x0000000000001c88                __retarget_lock_init_recursive
 .text.__retarget_lock_acquire_recursive
                0x0000000000001c8c        0x4 /usr/local/Cellar/arm-none-eabi-gcc/10.3-2021.07/gcc/bin/../lib/gcc/arm-none-eabi/10.3.1/../../../../arm-none-eabi/lib/thumb/v7e-m+fp/hard/libc.a(lib_a-lock.o)
                0x0000000000001c8c                __retarget_lock_acquire_recursive
 .text.__retarget_lock_release_recursive
                0x0000000000001c90        0x4 /usr/local/Cellar/arm-none-eabi-gcc/10.3-2021.07/gcc/bin/../lib/gcc/arm-none-eabi/10.3.1/../../../../arm-none-eabi/lib/thumb/v7e-m+fp/hard/libc.a(lib_a-lock.o)
                0x0000000000001c90                __retarget_lock_release_recursive
 .text._exit    0x0000000000001c94        0x4 /usr/local/Cellar/arm-none-eabi-gcc/10.3-2021.07/gcc/bin/../lib/gcc/arm-none-eabi/10.3.1/../../../../arm-none-eabi/lib/thumb/v7e-m+fp/hard/libnosys.a(_exit.o)
                0x0000000000001c94                _exit
 .text.__cvt    0x0000000000001c98       0xc4 /usr/local/Cellar/arm-none-eabi-gcc/10.3-2021.07/gcc/bin/../lib/gcc/arm-none-eabi/10.3.1/../../../../arm-none-eabi/lib/thumb/v7e-m+fp/hard/libc_nano.a(lib_a-nano-vfprintf_float.o)
                0x0000000000001c98                __cvt
 .text.__exponent
                0x0000000000001d5c       0x7c /usr/local/Cellar/arm-none-eabi-gcc/10.3-2021.07/gcc/bin/../lib/gcc/arm-none-eabi/10.3.1/../../../../arm-none-eabi/lib/thumb/v7e-m+fp/hard/libc_nano.a(lib_a-nano-vfprintf_float.o)
                0x0000000000001d5c                __exponent
 .text._printf_float
                0x0000000000001dd8      0x46c /usr/local/Cellar/arm-none-eabi-gcc/10.3-2021.07/gcc/bin/../lib/gcc/arm-none-eabi/10.3.1/../../../../arm-none-eabi/lib/thumb/v7e-m+fp/hard/libc_nano.a(lib_a-nano-vfprintf_float.o)
                0x0000000000001dd8                _printf_float
 .text._printf_common
                0x0000000000002244       0xda /usr/local/Cellar/arm-none-eabi-gcc/10.3-2021.07/gcc/bin/../lib/gcc/arm-none-eabi/10.3.1/../../../../arm-none-eabi/lib/thumb/v7e-m+fp/hard/libc_nano.a(lib_a-nano-vfprintf_i.o)
                0x0000000000002244                _printf_common
 *fill*         0x000000000000231e        0x2 
 .text._printf_i
                0x0000000000002320      0x24c /usr/local/Cellar/arm-none-eabi-gcc/10.3-2021.07/gcc/bin/../lib/gcc/arm-none-eabi/10.3.1/../../../../arm-none-eabi/lib/thumb/v7e-m+fp/hard/libc_nano.a(lib_a-nano-vfprintf_i.o)
                0x0000000000002320                _printf_i
 .text          0x000000000000256c       0x10 /usr/local/Cellar/arm-none-eabi-gcc/10.3-2021.07/gcc/bin/../lib/gcc/arm-none-eabi/10.3.1/../../../../arm-none-eabi/lib/thumb/v7e-m+fp/hard/libc_nano.a(lib_a-strlen.o)
                0x000000000000256c                strlen
 .text.quorem   0x000000000000257c      0x116 /usr/local/Cellar/arm-none-eabi-gcc/10.3-2021.07/gcc/bin/../lib/gcc/arm-none-eabi/10.3.1/../../../../arm-none-eabi/lib/thumb/v7e-m+fp/hard/libc_nano.a(lib_a-dtoa.o)
 *fill*         0x0000000000002692        0x6 
 .text._dtoa_r  0x0000000000002698      0xbdc /usr/local/Cellar/arm-none-eabi-gcc/10.3-2021.07/gcc/bin/../lib/gcc/arm-none-eabi/10.3.1/../../../../arm-none-eabi/lib/thumb/v7e-m+fp/hard/libc_nano.a(lib_a-dtoa.o)
                0x0000000000002698                _dtoa_r
 .text._localeconv_r
                0x0000000000003274        0x8 /usr/local/Cellar/arm-none-eabi-gcc/10.3-2021.07/gcc/bin/../lib/gcc/arm-none-eabi/10.3.1/../../../../arm-none-eabi/lib/thumb/v7e-m+fp/hard/libc_nano.a(lib_a-localeconv.o)
                0x0000000000003274                _localeconv_r
 .text.malloc   0x000000000000327c       0x10 /usr/local/Cellar/arm-none-eabi-gcc/10.3-2021.07/gcc/bin/../lib/gcc/arm-none-eabi/10.3.1/../../../../arm-none-eabi/lib/thumb/v7e-m+fp/hard/libc_nano.a(lib_a-malloc.o)
                0x000000000000327c                malloc
 *fill*         0x000000000000328c        0x4 
 .text          0x0000000000003290       0xa0 /usr/local/Cellar/arm-none-eabi-gcc/10.3-2021.07/gcc/bin/../lib/gcc/arm-none-eabi/10.3.1/../../../../arm-none-eabi/lib/thumb/v7e-m+fp/hard/libc_nano.a(lib_a-memchr.o)
                0x0000000000003290                memchr
 .text.memcpy   0x0000000000003330       0x1c /usr/local/Cellar/arm-none-eabi-gcc/10.3-2021.07/gcc/bin/../lib/gcc/arm-none-eabi/10.3.1/../../../../arm-none-eabi/lib/thumb/v7e-m+fp/hard/libc_nano.a(lib_a-memcpy-stub.o)
                0x0000000000003330                memcpy
 .text._Balloc  0x000000000000334c       0x80 /usr/local/Cellar/arm-none-eabi-gcc/10.3-2021.07/gcc/bin/../lib/gcc/arm-none-eabi/10.3.1/../../../../arm-none-eabi/lib/thumb/v7e-m+fp/hard/libc_nano.a(lib_a-mprec.o)
                0x000000000000334c                _Balloc
 .text._Bfree   0x00000000000033cc       0x44 /usr/local/Cellar/arm-none-eabi-gcc/10.3-2021.07/gcc/bin/../lib/gcc/arm-none-eabi/10.3.1/../../../../arm-none-eabi/lib/thumb/v7e-m+fp/hard/libc_nano.a(lib_a-mprec.o)
                0x00000000000033cc                _Bfree
 .text.__multadd
                0x0000000000003410       0x8c /usr/local/Cellar/arm-none-eabi-gcc/10.3-2021.07/gcc/bin/../lib/gcc/arm-none-eabi/10.3.1/../../../../arm-none-eabi/lib/thumb/v7e-m+fp/hard/libc_nano.a(lib_a-mprec.o)
                0x0000000000003410                __multadd
 .text.__hi0bits
                0x000000000000349c       0x40 /usr/local/Cellar/arm-none-eabi-gcc/10.3-2021.07/gcc/bin/../lib/gcc/arm-none-eabi/10.3.1/../../../../arm-none-eabi/lib/thumb/v7e-m+fp/hard/libc_nano.a(lib_a-mprec.o)
                0x000000000000349c                __hi0bits
 .text.__lo0bits
                0x00000000000034dc       0x5e /usr/local/Cellar/arm-none-eabi-gcc/10.3-2021.07/gcc/bin/../lib/gcc/arm-none-eabi/10.3.1/../../../../arm-none-eabi/lib/thumb/v7e-m+fp/hard/libc_nano.a(lib_a-mprec.o)
                0x00000000000034dc                __lo0bits
 *fill*         0x000000000000353a        0x2 
 .text.__i2b    0x000000000000353c       0x2c /usr/local/Cellar/arm-none-eabi-gcc/10.3-2021.07/gcc/bin/../lib/gcc/arm-none-eabi/10.3.1/../../../../arm-none-eabi/lib/thumb/v7e-m+fp/hard/libc_nano.a(lib_a-mprec.o)
                0x000000000000353c                __i2b
 .text.__multiply
                0x0000000000003568      0x154 /usr/local/Cellar/arm-none-eabi-gcc/10.3-2021.07/gcc/bin/../lib/gcc/arm-none-eabi/10.3.1/../../../../arm-none-eabi/lib/thumb/v7e-m+fp/hard/libc_nano.a(lib_a-mprec.o)
                0x0000000000003568                __multiply
 .text.__pow5mult
                0x00000000000036bc       0xb4 /usr/local/Cellar/arm-none-eabi-gcc/10.3-2021.07/gcc/bin/../lib/gcc/arm-none-eabi/10.3.1/../../../../arm-none-eabi/lib/thumb/v7e-m+fp/hard/libc_nano.a(lib_a-mprec.o)
                0x00000000000036bc                __pow5mult
 .text.__lshift
                0x0000000000003770       0xe0 /usr/local/Cellar/arm-none-eabi-gcc/10.3-2021.07/gcc/bin/../lib/gcc/arm-none-eabi/10.3.1/../../../../arm-none-eabi/lib/thumb/v7e-m+fp/hard/libc_nano.a(lib_a-mprec.o)
                0x0000000000003770                __lshift
 .text.__mcmp   0x0000000000003850       0x38 /usr/local/Cellar/arm-none-eabi-gcc/10.3-2021.07/gcc/bin/../lib/gcc/arm-none-eabi/10.3.1/../../../../arm-none-eabi/lib/thumb/v7e-m+fp/hard/libc_nano.a(lib_a-mprec.o)
                0x0000000000003850                __mcmp
 .text.__mdiff  0x0000000000003888      0x114 /usr/local/Cellar/arm-none-eabi-gcc/10.3-2021.07/gcc/bin/../lib/gcc/arm-none-eabi/10.3.1/../../../../arm-none-eabi/lib/thumb/v7e-m+fp/hard/libc_nano.a(lib_a-mprec.o)
                0x0000000000003888                __mdiff
 .text.__d2b    0x000000000000399c       0xb8 /usr/local/Cellar/arm-none-eabi-gcc/10.3-2021.07/gcc/bin/../lib/gcc/arm-none-eabi/10.3.1/../../../../arm-none-eabi/lib/thumb/v7e-m+fp/hard/libc_nano.a(lib_a-mprec.o)
                0x000000000000399c                __d2b
 .text._calloc_r
                0x0000000000003a54       0x2c /usr/local/Cellar/arm-none-eabi-gcc/10.3-2021.07/gcc/bin/../lib/gcc/arm-none-eabi/10.3.1/../../../../arm-none-eabi/lib/thumb/v7e-m+fp/hard/libc_nano.a(lib_a-nano-callocr.o)
                0x0000000000003a54                _calloc_r
 .text._free_r  0x0000000000003a80       0x98 /usr/local/Cellar/arm-none-eabi-gcc/10.3-2021.07/gcc/bin/../lib/gcc/arm-none-eabi/10.3.1/../../../../arm-none-eabi/lib/thumb/v7e-m+fp/hard/libc_nano.a(lib_a-nano-freer.o)
                0x0000000000003a80                _free_r
 .text.sbrk_aligned
                0x0000000000003b18       0x40 /usr/local/Cellar/arm-none-eabi-gcc/10.3-2021.07/gcc/bin/../lib/gcc/arm-none-eabi/10.3.1/../../../../arm-none-eabi/lib/thumb/v7e-m+fp/hard/libc_nano.a(lib_a-nano-mallocr.o)
 .text._malloc_r
                0x0000000000003b58       0xe8 /usr/local/Cellar/arm-none-eabi-gcc/10.3-2021.07/gcc/bin/../lib/gcc/arm-none-eabi/10.3.1/../../../../arm-none-eabi/lib/thumb/v7e-m+fp/hard/libc_nano.a(lib_a-nano-mallocr.o)
                0x0000000000003b58                _malloc_r
 .text._sbrk_r  0x0000000000003c40       0x20 /usr/local/Cellar/arm-none-eabi-gcc/10.3-2021.07/gcc/bin/../lib/gcc/arm-none-eabi/10.3.1/../../../../arm-none-eabi/lib/thumb/v7e-m+fp/hard/libc_nano.a(lib_a-sbrkr.o)
                0x0000000000003c40                _sbrk_r
 .text.__assert_func
                0x0000000000003c60       0x3c /usr/local/Cellar/arm-none-eabi-gcc/10.3-2021.07/gcc/bin/../lib/gcc/arm-none-eabi/10.3.1/../../../../arm-none-eabi/lib/thumb/v7e-m+fp/hard/libc_nano.a(lib_a-assert.o)
                0x0000000000003c60                __assert_func
 .text.fprintf  0x0000000000003c9c       0x24 /usr/local/Cellar/arm-none-eabi-gcc/10.3-2021.07/gcc/bin/../lib/gcc/arm-none-eabi/10.3.1/../../../../arm-none-eabi/lib/thumb/v7e-m+fp/hard/libc_nano.a(lib_a-fprintf.o)
                0x0000000000003c9c                fprintf
                0x0000000000003c9c                fiprintf
 .text.__ascii_mbtowc
                0x0000000000003cc0       0x24 /usr/local/Cellar/arm-none-eabi-gcc/10.3-2021.07/gcc/bin/../lib/gcc/arm-none-eabi/10.3.1/../../../../arm-none-eabi/lib/thumb/v7e-m+fp/hard/libc_nano.a(lib_a-mbtowc_r.o)
                0x0000000000003cc0                __ascii_mbtowc
 .text.__malloc_lock
                0x0000000000003ce4        0xc /usr/local/Cellar/arm-none-eabi-gcc/10.3-2021.07/gcc/bin/../lib/gcc/arm-none-eabi/10.3.1/../../../../arm-none-eabi/lib/thumb/v7e-m+fp/hard/libc_nano.a(lib_a-mlock.o)
                0x0000000000003ce4                __malloc_lock
 .text.__malloc_unlock
                0x0000000000003cf0        0xc /usr/local/Cellar/arm-none-eabi-gcc/10.3-2021.07/gcc/bin/../lib/gcc/arm-none-eabi/10.3.1/../../../../arm-none-eabi/lib/thumb/v7e-m+fp/hard/libc_nano.a(lib_a-mlock.o)
                0x0000000000003cf0                __malloc_unlock
 .text.__sfputc_r
                0x0000000000003cfc       0x2e /usr/local/Cellar/arm-none-eabi-gcc/10.3-2021.07/gcc/bin/../lib/gcc/arm-none-eabi/10.3.1/../../../../arm-none-eabi/lib/thumb/v7e-m+fp/hard/libc_nano.a(lib_a-nano-vfprintf.o)
 .text.__sfputs_r
                0x0000000000003d2a       0x24 /usr/local/Cellar/arm-none-eabi-gcc/10.3-2021.07/gcc/bin/../lib/gcc/arm-none-eabi/10.3.1/../../../../arm-none-eabi/lib/thumb/v7e-m+fp/hard/libc_nano.a(lib_a-nano-vfprintf.o)
                0x0000000000003d2a                __sfputs_r
 *fill*         0x0000000000003d4e        0x2 
 .text._vfprintf_r
                0x0000000000003d50      0x260 /usr/local/Cellar/arm-none-eabi-gcc/10.3-2021.07/gcc/bin/../lib/gcc/arm-none-eabi/10.3.1/../../../../arm-none-eabi/lib/thumb/v7e-m+fp/hard/libc_nano.a(lib_a-nano-vfprintf.o)
                0x0000000000003d50                _vfiprintf_r
                0x0000000000003d50                _vfprintf_r
 .text.__swbuf_r
                0x0000000000003fb0       0xa4 /usr/local/Cellar/arm-none-eabi-gcc/10.3-2021.07/gcc/bin/../lib/gcc/arm-none-eabi/10.3.1/../../../../arm-none-eabi/lib/thumb/v7e-m+fp/hard/libc_nano.a(lib_a-wbuf.o)
                0x0000000000003fb0                __swbuf_r
 .text.__ascii_wctomb
                0x0000000000004054       0x1a /usr/local/Cellar/arm-none-eabi-gcc/10.3-2021.07/gcc/bin/../lib/gcc/arm-none-eabi/10.3.1/../../../../arm-none-eabi/lib/thumb/v7e-m+fp/hard/libc_nano.a(lib_a-wctomb_r.o)
                0x0000000000004054                __ascii_wctomb
 *fill*         0x000000000000406e        0x2 
 .text.__swsetup_r
                0x0000000000004070       0xdc /usr/local/Cellar/arm-none-eabi-gcc/10.3-2021.07/gcc/bin/../lib/gcc/arm-none-eabi/10.3.1/../../../../arm-none-eabi/lib/thumb/v7e-m+fp/hard/libc_nano.a(lib_a-wsetup.o)
                0x0000000000004070                __swsetup_r
 .text.abort    0x000000000000414c        0xe /usr/local/Cellar/arm-none-eabi-gcc/10.3-2021.07/gcc/bin/../lib/gcc/arm-none-eabi/10.3.1/../../../../arm-none-eabi/lib/thumb/v7e-m+fp/hard/libc_nano.a(lib_a-abort.o)
                0x000000000000414c                abort
 *fill*         0x000000000000415a        0x2 
 .text.__sflush_r
                0x000000000000415c      0x10c /usr/local/Cellar/arm-none-eabi-gcc/10.3-2021.07/gcc/bin/../lib/gcc/arm-none-eabi/10.3.1/../../../../arm-none-eabi/lib/thumb/v7e-m+fp/hard/libc_nano.a(lib_a-fflush.o)
                0x000000000000415c                __sflush_r
 .text._fflush_r
                0x0000000000004268       0x78 /usr/local/Cellar/arm-none-eabi-gcc/10.3-2021.07/gcc/bin/../lib/gcc/arm-none-eabi/10.3.1/../../../../arm-none-eabi/lib/thumb/v7e-m+fp/hard/libc_nano.a(lib_a-fflush.o)
                0x0000000000004268                _fflush_r
 .text.std      0x00000000000042e0       0x48 /usr/local/Cellar/arm-none-eabi-gcc/10.3-2021.07/gcc/bin/../lib/gcc/arm-none-eabi/10.3.1/../../../../arm-none-eabi/lib/thumb/v7e-m+fp/hard/libc_nano.a(lib_a-findfp.o)
 .text._cleanup_r
                0x0000000000004328        0xc /usr/local/Cellar/arm-none-eabi-gcc/10.3-2021.07/gcc/bin/../lib/gcc/arm-none-eabi/10.3.1/../../../../arm-none-eabi/lib/thumb/v7e-m+fp/hard/libc_nano.a(lib_a-findfp.o)
                0x0000000000004328                _cleanup_r
 .text.__sfmoreglue
                0x0000000000004334       0x2c /usr/local/Cellar/arm-none-eabi-gcc/10.3-2021.07/gcc/bin/../lib/gcc/arm-none-eabi/10.3.1/../../../../arm-none-eabi/lib/thumb/v7e-m+fp/hard/libc_nano.a(lib_a-findfp.o)
                0x0000000000004334                __sfmoreglue
 .text.__sfp_lock_acquire
                0x0000000000004360        0xc /usr/local/Cellar/arm-none-eabi-gcc/10.3-2021.07/gcc/bin/../lib/gcc/arm-none-eabi/10.3.1/../../../../arm-none-eabi/lib/thumb/v7e-m+fp/hard/libc_nano.a(lib_a-findfp.o)
                0x0000000000004360                __sfp_lock_acquire
 .text.__sfp_lock_release
                0x000000000000436c        0xc /usr/local/Cellar/arm-none-eabi-gcc/10.3-2021.07/gcc/bin/../lib/gcc/arm-none-eabi/10.3.1/../../../../arm-none-eabi/lib/thumb/v7e-m+fp/hard/libc_nano.a(lib_a-findfp.o)
                0x000000000000436c                __sfp_lock_release
 .text.__sinit_lock_acquire
                0x0000000000004378        0xc /usr/local/Cellar/arm-none-eabi-gcc/10.3-2021.07/gcc/bin/../lib/gcc/arm-none-eabi/10.3.1/../../../../arm-none-eabi/lib/thumb/v7e-m+fp/hard/libc_nano.a(lib_a-findfp.o)
                0x0000000000004378                __sinit_lock_acquire
 .text.__sinit_lock_release
                0x0000000000004384        0xc /usr/local/Cellar/arm-none-eabi-gcc/10.3-2021.07/gcc/bin/../lib/gcc/arm-none-eabi/10.3.1/../../../../arm-none-eabi/lib/thumb/v7e-m+fp/hard/libc_nano.a(lib_a-findfp.o)
                0x0000000000004384                __sinit_lock_release
 .text.__sinit  0x0000000000004390       0x70 /usr/local/Cellar/arm-none-eabi-gcc/10.3-2021.07/gcc/bin/../lib/gcc/arm-none-eabi/10.3.1/../../../../arm-none-eabi/lib/thumb/v7e-m+fp/hard/libc_nano.a(lib_a-findfp.o)
                0x0000000000004390                __sinit
 .text.__sfp    0x0000000000004400       0x8c /usr/local/Cellar/arm-none-eabi-gcc/10.3-2021.07/gcc/bin/../lib/gcc/arm-none-eabi/10.3.1/../../../../arm-none-eabi/lib/thumb/v7e-m+fp/hard/libc_nano.a(lib_a-findfp.o)
                0x0000000000004400                __sfp
 .text._fwalk_reent
                0x000000000000448c       0x3e /usr/local/Cellar/arm-none-eabi-gcc/10.3-2021.07/gcc/bin/../lib/gcc/arm-none-eabi/10.3.1/../../../../arm-none-eabi/lib/thumb/v7e-m+fp/hard/libc_nano.a(lib_a-fwalk.o)
                0x000000000000448c                _fwalk_reent
 .text.__swhatbuf_r
                0x00000000000044ca       0x4a /usr/local/Cellar/arm-none-eabi-gcc/10.3-2021.07/gcc/bin/../lib/gcc/arm-none-eabi/10.3.1/../../../../arm-none-eabi/lib/thumb/v7e-m+fp/hard/libc_nano.a(lib_a-makebuf.o)
                0x00000000000044ca                __swhatbuf_r
 .text.__smakebuf_r
                0x0000000000004514       0x80 /usr/local/Cellar/arm-none-eabi-gcc/10.3-2021.07/gcc/bin/../lib/gcc/arm-none-eabi/10.3.1/../../../../arm-none-eabi/lib/thumb/v7e-m+fp/hard/libc_nano.a(lib_a-makebuf.o)
                0x0000000000004514                __smakebuf_r
 .text._raise_r
                0x0000000000004594       0x50 /usr/local/Cellar/arm-none-eabi-gcc/10.3-2021.07/gcc/bin/../lib/gcc/arm-none-eabi/10.3.1/../../../../arm-none-eabi/lib/thumb/v7e-m+fp/hard/libc_nano.a(lib_a-signal.o)
                0x0000000000004594                _raise_r
 .text.raise    0x00000000000045e4       0x10 /usr/local/Cellar/arm-none-eabi-gcc/10.3-2021.07/gcc/bin/../lib/gcc/arm-none-eabi/10.3.1/../../../../arm-none-eabi/lib/thumb/v7e-m+fp/hard/libc_nano.a(lib_a-signal.o)
                0x00000000000045e4                raise
 .text._kill_r  0x00000000000045f4       0x24 /usr/local/Cellar/arm-none-eabi-gcc/10.3-2021.07/gcc/bin/../lib/gcc/arm-none-eabi/10.3.1/../../../../arm-none-eabi/lib/thumb/v7e-m+fp/hard/libc_nano.a(lib_a-signalr.o)
                0x00000000000045f4                _kill_r
 .text._getpid_r
                0x0000000000004618        0x4 /usr/local/Cellar/arm-none-eabi-gcc/10.3-2021.07/gcc/bin/../lib/gcc/arm-none-eabi/10.3.1/../../../../arm-none-eabi/lib/thumb/v7e-m+fp/hard/libc_nano.a(lib_a-signalr.o)
                0x0000000000004618                _getpid_r
 .text.__sread  0x000000000000461c       0x22 /usr/local/Cellar/arm-none-eabi-gcc/10.3-2021.07/gcc/bin/../lib/gcc/arm-none-eabi/10.3.1/../../../../arm-none-eabi/lib/thumb/v7e-m+fp/hard/libc_nano.a(lib_a-stdio.o)
                0x000000000000461c                __sread
 .text.__swrite
                0x000000000000463e       0x38 /usr/local/Cellar/arm-none-eabi-gcc/10.3-2021.07/gcc/bin/../lib/gcc/arm-none-eabi/10.3.1/../../../../arm-none-eabi/lib/thumb/v7e-m+fp/hard/libc_nano.a(lib_a-stdio.o)
                0x000000000000463e                __swrite
 .text.__sseek  0x0000000000004676       0x24 /usr/local/Cellar/arm-none-eabi-gcc/10.3-2021.07/gcc/bin/../lib/gcc/arm-none-eabi/10.3.1/../../../../arm-none-eabi/lib/thumb/v7e-m+fp/hard/libc_nano.a(lib_a-stdio.o)
                0x0000000000004676                __sseek
 .text.__sclose
                0x000000000000469a        0x8 /usr/local/Cellar/arm-none-eabi-gcc/10.3-2021.07/gcc/bin/../lib/gcc/arm-none-eabi/10.3.1/../../../../arm-none-eabi/lib/thumb/v7e-m+fp/hard/libc_nano.a(lib_a-stdio.o)
                0x000000000000469a                __sclose
 *fill*         0x00000000000046a2        0x2 
 .text._write_r
                0x00000000000046a4       0x24 /usr/local/Cellar/arm-none-eabi-gcc/10.3-2021.07/gcc/bin/../lib/gcc/arm-none-eabi/10.3.1/../../../../arm-none-eabi/lib/thumb/v7e-m+fp/hard/libc_nano.a(lib_a-writer.o)
                0x00000000000046a4                _write_r
 .text._close_r
                0x00000000000046c8       0x20 /usr/local/Cellar/arm-none-eabi-gcc/10.3-2021.07/gcc/bin/../lib/gcc/arm-none-eabi/10.3.1/../../../../arm-none-eabi/lib/thumb/v7e-m+fp/hard/libc_nano.a(lib_a-closer.o)
                0x00000000000046c8                _close_r
 .text._fstat_r
                0x00000000000046e8       0x24 /usr/local/Cellar/arm-none-eabi-gcc/10.3-2021.07/gcc/bin/../lib/gcc/arm-none-eabi/10.3.1/../../../../arm-none-eabi/lib/thumb/v7e-m+fp/hard/libc_nano.a(lib_a-fstatr.o)
                0x00000000000046e8                _fstat_r
 .text._isatty_r
                0x000000000000470c       0x20 /usr/local/Cellar/arm-none-eabi-gcc/10.3-2021.07/gcc/bin/../lib/gcc/arm-none-eabi/10.3.1/../../../../arm-none-eabi/lib/thumb/v7e-m+fp/hard/libc_nano.a(lib_a-isattyr.o)
                0x000000000000470c                _isatty_r
 .text._lseek_r
                0x000000000000472c       0x24 /usr/local/Cellar/arm-none-eabi-gcc/10.3-2021.07/gcc/bin/../lib/gcc/arm-none-eabi/10.3.1/../../../../arm-none-eabi/lib/thumb/v7e-m+fp/hard/libc_nano.a(lib_a-lseekr.o)
                0x000000000000472c                _lseek_r
 .text._read_r  0x0000000000004750       0x24 /usr/local/Cellar/arm-none-eabi-gcc/10.3-2021.07/gcc/bin/../lib/gcc/arm-none-eabi/10.3.1/../../../../arm-none-eabi/lib/thumb/v7e-m+fp/hard/libc_nano.a(lib_a-readr.o)
                0x0000000000004750                _read_r
 .text          0x0000000000004774      0x378 /usr/local/Cellar/arm-none-eabi-gcc/10.3-2021.07/gcc/bin/../lib/gcc/arm-none-eabi/10.3.1/thumb/v7e-m+fp/hard/libgcc.a(_arm_addsubdf3.o)
                0x0000000000004774                __aeabi_drsub
                0x000000000000477c                __subdf3
                0x000000000000477c                __aeabi_dsub
                0x0000000000004780                __aeabi_dadd
                0x0000000000004780                __adddf3
                0x00000000000049f8                __aeabi_ui2d
                0x00000000000049f8                __floatunsidf
                0x0000000000004a18                __floatsidf
                0x0000000000004a18                __aeabi_i2d
                0x0000000000004a3c                __extendsfdf2
                0x0000000000004a3c                __aeabi_f2d
                0x0000000000004a80                __aeabi_ul2d
                0x0000000000004a80                __floatundidf
                0x0000000000004a90                __aeabi_l2d
                0x0000000000004a90                __floatdidf
 .text          0x0000000000004aec      0x424 /usr/local/Cellar/arm-none-eabi-gcc/10.3-2021.07/gcc/bin/../lib/gcc/arm-none-eabi/10.3.1/thumb/v7e-m+fp/hard/libgcc.a(_arm_muldivdf3.o)
                0x0000000000004aec                __aeabi_dmul
                0x0000000000004aec                __muldf3
                0x0000000000004d40                __aeabi_ddiv
                0x0000000000004d40                __divdf3
 .text          0x0000000000004f10      0x110 /usr/local/Cellar/arm-none-eabi-gcc/10.3-2021.07/gcc/bin/../lib/gcc/arm-none-eabi/10.3.1/thumb/v7e-m+fp/hard/libgcc.a(_arm_cmpdf2.o)
                0x0000000000004f10                __gedf2
                0x0000000000004f10                __gtdf2
                0x0000000000004f18                __ledf2
                0x0000000000004f18                __ltdf2
                0x0000000000004f20                __cmpdf2
                0x0000000000004f20                __eqdf2
                0x0000000000004f20                __nedf2
                0x0000000000004f9c                __aeabi_cdrcmple
                0x0000000000004fac                __aeabi_cdcmple
                0x0000000000004fac                __aeabi_cdcmpeq
                0x0000000000004fbc                __aeabi_dcmpeq
                0x0000000000004fd0                __aeabi_dcmplt
                0x0000000000004fe4                __aeabi_dcmple
                0x0000000000004ff8                __aeabi_dcmpge
                0x000000000000500c                __aeabi_dcmpgt
 .text          0x0000000000005020       0x2c /usr/local/Cellar/arm-none-eabi-gcc/10.3-2021.07/gcc/bin/../lib/gcc/arm-none-eabi/10.3.1/thumb/v7e-m+fp/hard/libgcc.a(_arm_unorddf2.o)
                0x0000000000005020                __aeabi_dcmpun
                0x0000000000005020                __unorddf2
 .text          0x000000000000504c       0x50 /usr/local/Cellar/arm-none-eabi-gcc/10.3-2021.07/gcc/bin/../lib/gcc/arm-none-eabi/10.3.1/thumb/v7e-m+fp/hard/libgcc.a(_arm_fixdfsi.o)
                0x000000000000504c                __fixdfsi
                0x000000000000504c                __aeabi_d2iz
 .text._getpid  0x000000000000509c       0x10 /usr/local/Cellar/arm-none-eabi-gcc/10.3-2021.07/gcc/bin/../lib/gcc/arm-none-eabi/10.3.1/../../../../arm-none-eabi/lib/thumb/v7e-m+fp/hard/libnosys.a(getpid.o)
                0x000000000000509c                _getpid
 .text._kill    0x00000000000050ac       0x10 /usr/local/Cellar/arm-none-eabi-gcc/10.3-2021.07/gcc/bin/../lib/gcc/arm-none-eabi/10.3.1/../../../../arm-none-eabi/lib/thumb/v7e-m+fp/hard/libnosys.a(kill.o)
                0x00000000000050ac                _kill
 *(.rodata*)
 .rodata.vTask.str1.1
                0x00000000000050bc        0xe /var/folders/vb/jgxdfp997zncd3gd8bnywpm00000gn/T//main.axf.i0gIwj.ltrans0.ltrans.o
 .rodata.prvCheckForValidListAndQueue.str1.1
                0x00000000000050ca        0x5 /var/folders/vb/jgxdfp997zncd3gd8bnywpm00000gn/T//main.axf.i0gIwj.ltrans0.ltrans.o
 .rodata.main.str1.1
                0x00000000000050cf       0x26 /var/folders/vb/jgxdfp997zncd3gd8bnywpm00000gn/T//main.axf.i0gIwj.ltrans0.ltrans.o
 *fill*         0x00000000000050f5        0x3 
 .rodata.g_pulGPIOBaseAddrs
                0x00000000000050f8       0x78 ../../../driverlib/gcc-cm4f/libdriver-cm4f.a(gpio.o)
 .rodata.g_pulXtals
                0x0000000000005170       0x6c ../../../driverlib/gcc-cm4f/libdriver-cm4f.a(sysctl.o)
 .rodata._global_impure_ptr
                0x00000000000051dc        0x4 /usr/local/Cellar/arm-none-eabi-gcc/10.3-2021.07/gcc/bin/../lib/gcc/arm-none-eabi/10.3.1/../../../../arm-none-eabi/lib/thumb/v7e-m+fp/hard/libc.a(lib_a-impure.o)
                0x00000000000051dc                _global_impure_ptr
 .rodata._printf_float.str1.1
                0x00000000000051e0       0x12 /usr/local/Cellar/arm-none-eabi-gcc/10.3-2021.07/gcc/bin/../lib/gcc/arm-none-eabi/10.3.1/../../../../arm-none-eabi/lib/thumb/v7e-m+fp/hard/libc_nano.a(lib_a-nano-vfprintf_float.o)
 .rodata._printf_i.str1.1
                0x00000000000051f2       0x22 /usr/local/Cellar/arm-none-eabi-gcc/10.3-2021.07/gcc/bin/../lib/gcc/arm-none-eabi/10.3.1/../../../../arm-none-eabi/lib/thumb/v7e-m+fp/hard/libc_nano.a(lib_a-nano-vfprintf_i.o)
 .rodata._dtoa_r.str1.1
                0x0000000000005214       0x8f /usr/local/Cellar/arm-none-eabi-gcc/10.3-2021.07/gcc/bin/../lib/gcc/arm-none-eabi/10.3.1/../../../../arm-none-eabi/lib/thumb/v7e-m+fp/hard/libc_nano.a(lib_a-dtoa.o)
                                         0x91 (size before relaxing)
 .rodata._Balloc.str1.1
                0x00000000000052a3       0x5b /usr/local/Cellar/arm-none-eabi-gcc/10.3-2021.07/gcc/bin/../lib/gcc/arm-none-eabi/10.3.1/../../../../arm-none-eabi/lib/thumb/v7e-m+fp/hard/libc_nano.a(lib_a-mprec.o)
                                         0x72 (size before relaxing)
 .rodata.__multadd.str1.1
                0x00000000000052fe       0x11 /usr/local/Cellar/arm-none-eabi-gcc/10.3-2021.07/gcc/bin/../lib/gcc/arm-none-eabi/10.3.1/../../../../arm-none-eabi/lib/thumb/v7e-m+fp/hard/libc_nano.a(lib_a-mprec.o)
 *fill*         0x00000000000052fe        0x2 
 .rodata.__mprec_bigtens
                0x0000000000005300       0x28 /usr/local/Cellar/arm-none-eabi-gcc/10.3-2021.07/gcc/bin/../lib/gcc/arm-none-eabi/10.3.1/../../../../arm-none-eabi/lib/thumb/v7e-m+fp/hard/libc_nano.a(lib_a-mprec.o)
                0x0000000000005300                __mprec_bigtens
 .rodata.__mprec_tens
                0x0000000000005328       0xc8 /usr/local/Cellar/arm-none-eabi-gcc/10.3-2021.07/gcc/bin/../lib/gcc/arm-none-eabi/10.3.1/../../../../arm-none-eabi/lib/thumb/v7e-m+fp/hard/libc_nano.a(lib_a-mprec.o)
                0x0000000000005328                __mprec_tens
 .rodata.p05.0  0x00000000000053f0        0xc /usr/local/Cellar/arm-none-eabi-gcc/10.3-2021.07/gcc/bin/../lib/gcc/arm-none-eabi/10.3.1/../../../../arm-none-eabi/lib/thumb/v7e-m+fp/hard/libc_nano.a(lib_a-mprec.o)
 .rodata.__assert_func.str1.1
                0x00000000000053fc       0x3c /usr/local/Cellar/arm-none-eabi-gcc/10.3-2021.07/gcc/bin/../lib/gcc/arm-none-eabi/10.3.1/../../../../arm-none-eabi/lib/thumb/v7e-m+fp/hard/libc_nano.a(lib_a-assert.o)
                                         0x3d (size before relaxing)
 .rodata._setlocale_r.str1.1
                0x0000000000005438        0x8 /usr/local/Cellar/arm-none-eabi-gcc/10.3-2021.07/gcc/bin/../lib/gcc/arm-none-eabi/10.3.1/../../../../arm-none-eabi/lib/thumb/v7e-m+fp/hard/libc_nano.a(lib_a-locale.o)
                                          0x9 (size before relaxing)
 .rodata.str1.1
                0x0000000000005440        0x2 /usr/local/Cellar/arm-none-eabi-gcc/10.3-2021.07/gcc/bin/../lib/gcc/arm-none-eabi/10.3.1/../../../../arm-none-eabi/lib/thumb/v7e-m+fp/hard/libc_nano.a(lib_a-locale.o)
 .rodata._vfprintf_r.str1.1
                0x0000000000005442       0x11 /usr/local/Cellar/arm-none-eabi-gcc/10.3-2021.07/gcc/bin/../lib/gcc/arm-none-eabi/10.3.1/../../../../arm-none-eabi/lib/thumb/v7e-m+fp/hard/libc_nano.a(lib_a-nano-vfprintf.o)
 .rodata._ctype_
                0x0000000000005453      0x101 /usr/local/Cellar/arm-none-eabi-gcc/10.3-2021.07/gcc/bin/../lib/gcc/arm-none-eabi/10.3.1/../../../../arm-none-eabi/lib/thumb/v7e-m+fp/hard/libc_nano.a(lib_a-ctype_.o)
                0x0000000000005453                _ctype_
 .rodata.__sf_fake_stderr
                0x0000000000005554       0x20 /usr/local/Cellar/arm-none-eabi-gcc/10.3-2021.07/gcc/bin/../lib/gcc/arm-none-eabi/10.3.1/../../../../arm-none-eabi/lib/thumb/v7e-m+fp/hard/libc_nano.a(lib_a-findfp.o)
                0x0000000000005554                __sf_fake_stderr
 .rodata.__sf_fake_stdin
                0x0000000000005574       0x20 /usr/local/Cellar/arm-none-eabi-gcc/10.3-2021.07/gcc/bin/../lib/gcc/arm-none-eabi/10.3.1/../../../../arm-none-eabi/lib/thumb/v7e-m+fp/hard/libc_nano.a(lib_a-findfp.o)
                0x0000000000005574                __sf_fake_stdin
 .rodata.__sf_fake_stdout
                0x0000000000005594       0x20 /usr/local/Cellar/arm-none-eabi-gcc/10.3-2021.07/gcc/bin/../lib/gcc/arm-none-eabi/10.3.1/../../../../arm-none-eabi/lib/thumb/v7e-m+fp/hard/libc_nano.a(lib_a-findfp.o)
                0x0000000000005594                __sf_fake_stdout
                0x00000000000055b4                _etext = .

.glue_7         0x00000000000055b4        0x0
 .glue_7        0x00000000000055b4        0x0 linker stubs

.glue_7t        0x00000000000055b4        0x0
 .glue_7t       0x00000000000055b4        0x0 linker stubs

.vfp11_veneer   0x00000000000055b4        0x0
 .vfp11_veneer  0x00000000000055b4        0x0 linker stubs

.v4_bx          0x00000000000055b4        0x0
 .v4_bx         0x00000000000055b4        0x0 linker stubs

.iplt           0x00000000000055b4        0x0
 .iplt          0x00000000000055b4        0x0 ../../../driverlib/gcc-cm4f/libdriver-cm4f.a(gpio.o)

.rel.dyn        0x00000000000055b4        0x0
 .rel.iplt      0x00000000000055b4        0x0 ../../../driverlib/gcc-cm4f/libdriver-cm4f.a(gpio.o)

.data           0x0000000020000000      0x5a4 load address 0x00000000000055b4
                0x0000000020000000                _data = .
 *(vtable)
 *(.data*)
 .data.uxCriticalNesting
                0x0000000020000000        0x4 /var/folders/vb/jgxdfp997zncd3gd8bnywpm00000gn/T//main.axf.i0gIwj.ltrans0.ltrans.o
 .data.uxTopUsedPriority
                0x0000000020000004        0x4 /var/folders/vb/jgxdfp997zncd3gd8bnywpm00000gn/T//main.axf.i0gIwj.ltrans0.ltrans.o
 .data._impure_ptr
                0x0000000020000008        0x4 /usr/local/Cellar/arm-none-eabi-gcc/10.3-2021.07/gcc/bin/../lib/gcc/arm-none-eabi/10.3.1/../../../../arm-none-eabi/lib/thumb/v7e-m+fp/hard/libc.a(lib_a-impure.o)
                0x0000000020000008                _impure_ptr
 *fill*         0x000000002000000c        0x4 
 .data.impure_data
                0x0000000020000010      0x428 /usr/local/Cellar/arm-none-eabi-gcc/10.3-2021.07/gcc/bin/../lib/gcc/arm-none-eabi/10.3.1/../../../../arm-none-eabi/lib/thumb/v7e-m+fp/hard/libc.a(lib_a-impure.o)
 .data.__global_locale
                0x0000000020000438      0x16c /usr/local/Cellar/arm-none-eabi-gcc/10.3-2021.07/gcc/bin/../lib/gcc/arm-none-eabi/10.3.1/../../../../arm-none-eabi/lib/thumb/v7e-m+fp/hard/libc_nano.a(lib_a-locale.o)
                0x0000000020000438                __global_locale
                0x00000000200005a4                _edata = .

.igot.plt       0x00000000200005a4        0x0 load address 0x0000000000005b58
 .igot.plt      0x00000000200005a4        0x0 ../../../driverlib/gcc-cm4f/libdriver-cm4f.a(gpio.o)

.bss            0x00000000200005a4     0x1164 load address 0x0000000000005b58
                0x00000000200005a4                _bss = .
 *(.bss*)
 .bss.SystemCoreClock
                0x00000000200005a4        0x4 /var/folders/vb/jgxdfp997zncd3gd8bnywpm00000gn/T//main.axf.i0gIwj.ltrans0.ltrans.o
 .bss.led_state.0
                0x00000000200005a8        0x4 /var/folders/vb/jgxdfp997zncd3gd8bnywpm00000gn/T//main.axf.i0gIwj.ltrans0.ltrans.o
 .bss.pucAlignedHeap.0
                0x00000000200005ac        0x4 /var/folders/vb/jgxdfp997zncd3gd8bnywpm00000gn/T//main.axf.i0gIwj.ltrans0.ltrans.o
 .bss.pxCurrentTCB
                0x00000000200005b0        0x4 /var/folders/vb/jgxdfp997zncd3gd8bnywpm00000gn/T//main.axf.i0gIwj.ltrans0.ltrans.o
                0x00000000200005b0                pxCurrentTCB
 .bss.pxCurrentTimerList
                0x00000000200005b4        0x4 /var/folders/vb/jgxdfp997zncd3gd8bnywpm00000gn/T//main.axf.i0gIwj.ltrans0.ltrans.o
 .bss.pxDelayedTaskList
                0x00000000200005b8        0x4 /var/folders/vb/jgxdfp997zncd3gd8bnywpm00000gn/T//main.axf.i0gIwj.ltrans0.ltrans.o
 .bss.pxOverflowDelayedTaskList
                0x00000000200005bc        0x4 /var/folders/vb/jgxdfp997zncd3gd8bnywpm00000gn/T//main.axf.i0gIwj.ltrans0.ltrans.o
 .bss.pxOverflowTimerList
                0x00000000200005c0        0x4 /var/folders/vb/jgxdfp997zncd3gd8bnywpm00000gn/T//main.axf.i0gIwj.ltrans0.ltrans.o
 .bss.pxReadyTasksLists
                0x00000000200005c4       0x64 /var/folders/vb/jgxdfp997zncd3gd8bnywpm00000gn/T//main.axf.i0gIwj.ltrans0.ltrans.o
 .bss.ucHeap    0x0000000020000628     0x1000 /var/folders/vb/jgxdfp997zncd3gd8bnywpm00000gn/T//main.axf.i0gIwj.ltrans0.ltrans.o
 .bss.ulMaxPRIGROUPValue
                0x0000000020001628        0x4 /var/folders/vb/jgxdfp997zncd3gd8bnywpm00000gn/T//main.axf.i0gIwj.ltrans0.ltrans.o
 .bss.uxCurrentNumberOfTasks
                0x000000002000162c        0x4 /var/folders/vb/jgxdfp997zncd3gd8bnywpm00000gn/T//main.axf.i0gIwj.ltrans0.ltrans.o
 .bss.uxSchedulerSuspended
                0x0000000020001630        0x4 /var/folders/vb/jgxdfp997zncd3gd8bnywpm00000gn/T//main.axf.i0gIwj.ltrans0.ltrans.o
 .bss.uxTaskNumber
                0x0000000020001634        0x4 /var/folders/vb/jgxdfp997zncd3gd8bnywpm00000gn/T//main.axf.i0gIwj.ltrans0.ltrans.o
 .bss.uxTopReadyPriority
                0x0000000020001638        0x4 /var/folders/vb/jgxdfp997zncd3gd8bnywpm00000gn/T//main.axf.i0gIwj.ltrans0.ltrans.o
 .bss.xActiveTimerList1
                0x000000002000163c       0x14 /var/folders/vb/jgxdfp997zncd3gd8bnywpm00000gn/T//main.axf.i0gIwj.ltrans0.ltrans.o
 .bss.xActiveTimerList2
                0x0000000020001650       0x14 /var/folders/vb/jgxdfp997zncd3gd8bnywpm00000gn/T//main.axf.i0gIwj.ltrans0.ltrans.o
 .bss.xDelayedTaskList1
                0x0000000020001664       0x14 /var/folders/vb/jgxdfp997zncd3gd8bnywpm00000gn/T//main.axf.i0gIwj.ltrans0.ltrans.o
 .bss.xDelayedTaskList2
                0x0000000020001678       0x14 /var/folders/vb/jgxdfp997zncd3gd8bnywpm00000gn/T//main.axf.i0gIwj.ltrans0.ltrans.o
 .bss.xIdleTaskHandle
                0x000000002000168c        0x4 /var/folders/vb/jgxdfp997zncd3gd8bnywpm00000gn/T//main.axf.i0gIwj.ltrans0.ltrans.o
 .bss.xLastTime.0
                0x0000000020001690        0x4 /var/folders/vb/jgxdfp997zncd3gd8bnywpm00000gn/T//main.axf.i0gIwj.ltrans0.ltrans.o
 .bss.xNextFreeByte
                0x0000000020001694        0x4 /var/folders/vb/jgxdfp997zncd3gd8bnywpm00000gn/T//main.axf.i0gIwj.ltrans0.ltrans.o
 .bss.xNextTaskUnblockTime
                0x0000000020001698        0x4 /var/folders/vb/jgxdfp997zncd3gd8bnywpm00000gn/T//main.axf.i0gIwj.ltrans0.ltrans.o
 .bss.xNumOfOverflows
                0x000000002000169c        0x4 /var/folders/vb/jgxdfp997zncd3gd8bnywpm00000gn/T//main.axf.i0gIwj.ltrans0.ltrans.o
 .bss.xPendedTicks
                0x00000000200016a0        0x4 /var/folders/vb/jgxdfp997zncd3gd8bnywpm00000gn/T//main.axf.i0gIwj.ltrans0.ltrans.o
 .bss.xPendingReadyList
                0x00000000200016a4       0x14 /var/folders/vb/jgxdfp997zncd3gd8bnywpm00000gn/T//main.axf.i0gIwj.ltrans0.ltrans.o
 .bss.xQueueRegistry
                0x00000000200016b8       0x10 /var/folders/vb/jgxdfp997zncd3gd8bnywpm00000gn/T//main.axf.i0gIwj.ltrans0.ltrans.o
 .bss.xSchedulerRunning
                0x00000000200016c8        0x4 /var/folders/vb/jgxdfp997zncd3gd8bnywpm00000gn/T//main.axf.i0gIwj.ltrans0.ltrans.o
 .bss.xSuspendedTaskList
                0x00000000200016cc       0x14 /var/folders/vb/jgxdfp997zncd3gd8bnywpm00000gn/T//main.axf.i0gIwj.ltrans0.ltrans.o
 .bss.xTickCount
                0x00000000200016e0        0x4 /var/folders/vb/jgxdfp997zncd3gd8bnywpm00000gn/T//main.axf.i0gIwj.ltrans0.ltrans.o
 .bss.xTimerQueue
                0x00000000200016e4        0x4 /var/folders/vb/jgxdfp997zncd3gd8bnywpm00000gn/T//main.axf.i0gIwj.ltrans0.ltrans.o
 .bss.xTimerTaskHandle
                0x00000000200016e8        0x4 /var/folders/vb/jgxdfp997zncd3gd8bnywpm00000gn/T//main.axf.i0gIwj.ltrans0.ltrans.o
 .bss.xYieldPending
                0x00000000200016ec        0x4 /var/folders/vb/jgxdfp997zncd3gd8bnywpm00000gn/T//main.axf.i0gIwj.ltrans0.ltrans.o
 .bss.__lock___malloc_recursive_mutex
                0x00000000200016f0        0x1 /usr/local/Cellar/arm-none-eabi-gcc/10.3-2021.07/gcc/bin/../lib/gcc/arm-none-eabi/10.3.1/../../../../arm-none-eabi/lib/thumb/v7e-m+fp/hard/libc.a(lib_a-lock.o)
                0x00000000200016f0                __lock___malloc_recursive_mutex
 *fill*         0x00000000200016f1        0x3 
 .bss.__lock___sfp_recursive_mutex
                0x00000000200016f4        0x1 /usr/local/Cellar/arm-none-eabi-gcc/10.3-2021.07/gcc/bin/../lib/gcc/arm-none-eabi/10.3.1/../../../../arm-none-eabi/lib/thumb/v7e-m+fp/hard/libc.a(lib_a-lock.o)
                0x00000000200016f4                __lock___sfp_recursive_mutex
 *fill*         0x00000000200016f5        0x3 
 .bss.__lock___sinit_recursive_mutex
                0x00000000200016f8        0x1 /usr/local/Cellar/arm-none-eabi-gcc/10.3-2021.07/gcc/bin/../lib/gcc/arm-none-eabi/10.3.1/../../../../arm-none-eabi/lib/thumb/v7e-m+fp/hard/libc.a(lib_a-lock.o)
                0x00000000200016f8                __lock___sinit_recursive_mutex
 *fill*         0x00000000200016f9        0x3 
 .bss.__malloc_free_list
                0x00000000200016fc        0x4 /usr/local/Cellar/arm-none-eabi-gcc/10.3-2021.07/gcc/bin/../lib/gcc/arm-none-eabi/10.3.1/../../../../arm-none-eabi/lib/thumb/v7e-m+fp/hard/libc_nano.a(lib_a-nano-mallocr.o)
                0x00000000200016fc                __malloc_free_list
 .bss.__malloc_sbrk_start
                0x0000000020001700        0x4 /usr/local/Cellar/arm-none-eabi-gcc/10.3-2021.07/gcc/bin/../lib/gcc/arm-none-eabi/10.3.1/../../../../arm-none-eabi/lib/thumb/v7e-m+fp/hard/libc_nano.a(lib_a-nano-mallocr.o)
                0x0000000020001700                __malloc_sbrk_start
 .bss.errno     0x0000000020001704        0x4 /usr/local/Cellar/arm-none-eabi-gcc/10.3-2021.07/gcc/bin/../lib/gcc/arm-none-eabi/10.3.1/../../../../arm-none-eabi/lib/thumb/v7e-m+fp/hard/libc_nano.a(lib_a-reent.o)
                0x0000000020001704                errno
 *(COMMON)
                0x0000000020001708                _ebss = .
                0x0000000020001708                __exidx_start = .

.ARM.exidx
 *(.ARM.exidx* .gnu.linkonce.armexidx.*)
                0x0000000020001708                __exidx_end = .
OUTPUT(gcc/main.axf elf32-littlearm)
LOAD linker stubs

.ARM.attributes
                0x0000000000000000       0x30
 .ARM.attributes
                0x0000000000000000       0x1e /usr/local/Cellar/arm-none-eabi-gcc/10.3-2021.07/gcc/bin/../lib/gcc/arm-none-eabi/10.3.1/thumb/v7e-m+fp/hard/crti.o
 .ARM.attributes
                0x000000000000001e       0x32 /var/folders/vb/jgxdfp997zncd3gd8bnywpm00000gn/T//main.axf.i0gIwj.ltrans0.ltrans.o
 .ARM.attributes
                0x0000000000000050       0x34 ../../../driverlib/gcc-cm4f/libdriver-cm4f.a(gpio.o)
 .ARM.attributes
                0x0000000000000084       0x34 ../../../driverlib/gcc-cm4f/libdriver-cm4f.a(sysctl.o)
 .ARM.attributes
                0x00000000000000b8       0x32 /usr/local/Cellar/arm-none-eabi-gcc/10.3-2021.07/gcc/bin/../lib/gcc/arm-none-eabi/10.3.1/../../../../arm-none-eabi/lib/thumb/v7e-m+fp/hard/libc.a(lib_a-impure.o)
 .ARM.attributes
                0x00000000000000ea       0x34 /usr/local/Cellar/arm-none-eabi-gcc/10.3-2021.07/gcc/bin/../lib/gcc/arm-none-eabi/10.3.1/../../../../arm-none-eabi/lib/thumb/v7e-m+fp/hard/libc.a(lib_a-memset.o)
 .ARM.attributes
                0x000000000000011e       0x34 /usr/local/Cellar/arm-none-eabi-gcc/10.3-2021.07/gcc/bin/../lib/gcc/arm-none-eabi/10.3.1/../../../../arm-none-eabi/lib/thumb/v7e-m+fp/hard/libc.a(lib_a-lock.o)
 .ARM.attributes
                0x0000000000000152       0x34 /usr/local/Cellar/arm-none-eabi-gcc/10.3-2021.07/gcc/bin/../lib/gcc/arm-none-eabi/10.3.1/../../../../arm-none-eabi/lib/thumb/v7e-m+fp/hard/libnosys.a(_exit.o)
 .ARM.attributes
                0x0000000000000186       0x34 /usr/local/Cellar/arm-none-eabi-gcc/10.3-2021.07/gcc/bin/../lib/gcc/arm-none-eabi/10.3.1/../../../../arm-none-eabi/lib/thumb/v7e-m+fp/hard/libc_nano.a(lib_a-nano-vfprintf_float.o)
 .ARM.attributes
                0x00000000000001ba       0x34 /usr/local/Cellar/arm-none-eabi-gcc/10.3-2021.07/gcc/bin/../lib/gcc/arm-none-eabi/10.3.1/../../../../arm-none-eabi/lib/thumb/v7e-m+fp/hard/libc_nano.a(lib_a-nano-vfprintf_i.o)
 .ARM.attributes
                0x00000000000001ee       0x17 /usr/local/Cellar/arm-none-eabi-gcc/10.3-2021.07/gcc/bin/../lib/gcc/arm-none-eabi/10.3.1/../../../../arm-none-eabi/lib/thumb/v7e-m+fp/hard/libc_nano.a(lib_a-strlen.o)
 .ARM.attributes
                0x0000000000000205       0x34 /usr/local/Cellar/arm-none-eabi-gcc/10.3-2021.07/gcc/bin/../lib/gcc/arm-none-eabi/10.3.1/../../../../arm-none-eabi/lib/thumb/v7e-m+fp/hard/libc_nano.a(lib_a-dtoa.o)
 .ARM.attributes
                0x0000000000000239       0x34 /usr/local/Cellar/arm-none-eabi-gcc/10.3-2021.07/gcc/bin/../lib/gcc/arm-none-eabi/10.3.1/../../../../arm-none-eabi/lib/thumb/v7e-m+fp/hard/libc_nano.a(lib_a-localeconv.o)
 .ARM.attributes
                0x000000000000026d       0x34 /usr/local/Cellar/arm-none-eabi-gcc/10.3-2021.07/gcc/bin/../lib/gcc/arm-none-eabi/10.3.1/../../../../arm-none-eabi/lib/thumb/v7e-m+fp/hard/libc_nano.a(lib_a-malloc.o)
 .ARM.attributes
                0x00000000000002a1       0x1c /usr/local/Cellar/arm-none-eabi-gcc/10.3-2021.07/gcc/bin/../lib/gcc/arm-none-eabi/10.3.1/../../../../arm-none-eabi/lib/thumb/v7e-m+fp/hard/libc_nano.a(lib_a-memchr.o)
 .ARM.attributes
                0x00000000000002bd       0x34 /usr/local/Cellar/arm-none-eabi-gcc/10.3-2021.07/gcc/bin/../lib/gcc/arm-none-eabi/10.3.1/../../../../arm-none-eabi/lib/thumb/v7e-m+fp/hard/libc_nano.a(lib_a-memcpy-stub.o)
 .ARM.attributes
                0x00000000000002f1       0x34 /usr/local/Cellar/arm-none-eabi-gcc/10.3-2021.07/gcc/bin/../lib/gcc/arm-none-eabi/10.3.1/../../../../arm-none-eabi/lib/thumb/v7e-m+fp/hard/libc_nano.a(lib_a-mprec.o)
 .ARM.attributes
                0x0000000000000325       0x34 /usr/local/Cellar/arm-none-eabi-gcc/10.3-2021.07/gcc/bin/../lib/gcc/arm-none-eabi/10.3.1/../../../../arm-none-eabi/lib/thumb/v7e-m+fp/hard/libc_nano.a(lib_a-nano-callocr.o)
 .ARM.attributes
                0x0000000000000359       0x34 /usr/local/Cellar/arm-none-eabi-gcc/10.3-2021.07/gcc/bin/../lib/gcc/arm-none-eabi/10.3.1/../../../../arm-none-eabi/lib/thumb/v7e-m+fp/hard/libc_nano.a(lib_a-nano-freer.o)
 .ARM.attributes
                0x000000000000038d       0x34 /usr/local/Cellar/arm-none-eabi-gcc/10.3-2021.07/gcc/bin/../lib/gcc/arm-none-eabi/10.3.1/../../../../arm-none-eabi/lib/thumb/v7e-m+fp/hard/libc_nano.a(lib_a-nano-mallocr.o)
 .ARM.attributes
                0x00000000000003c1       0x34 /usr/local/Cellar/arm-none-eabi-gcc/10.3-2021.07/gcc/bin/../lib/gcc/arm-none-eabi/10.3.1/../../../../arm-none-eabi/lib/thumb/v7e-m+fp/hard/libc_nano.a(lib_a-sbrkr.o)
 .ARM.attributes
                0x00000000000003f5       0x34 /usr/local/Cellar/arm-none-eabi-gcc/10.3-2021.07/gcc/bin/../lib/gcc/arm-none-eabi/10.3.1/../../../../arm-none-eabi/lib/thumb/v7e-m+fp/hard/libc_nano.a(lib_a-assert.o)
 .ARM.attributes
                0x0000000000000429       0x34 /usr/local/Cellar/arm-none-eabi-gcc/10.3-2021.07/gcc/bin/../lib/gcc/arm-none-eabi/10.3.1/../../../../arm-none-eabi/lib/thumb/v7e-m+fp/hard/libc_nano.a(lib_a-fprintf.o)
 .ARM.attributes
                0x000000000000045d       0x34 /usr/local/Cellar/arm-none-eabi-gcc/10.3-2021.07/gcc/bin/../lib/gcc/arm-none-eabi/10.3.1/../../../../arm-none-eabi/lib/thumb/v7e-m+fp/hard/libc_nano.a(lib_a-locale.o)
 .ARM.attributes
                0x0000000000000491       0x34 /usr/local/Cellar/arm-none-eabi-gcc/10.3-2021.07/gcc/bin/../lib/gcc/arm-none-eabi/10.3.1/../../../../arm-none-eabi/lib/thumb/v7e-m+fp/hard/libc_nano.a(lib_a-mbtowc_r.o)
 .ARM.attributes
                0x00000000000004c5       0x34 /usr/local/Cellar/arm-none-eabi-gcc/10.3-2021.07/gcc/bin/../lib/gcc/arm-none-eabi/10.3.1/../../../../arm-none-eabi/lib/thumb/v7e-m+fp/hard/libc_nano.a(lib_a-mlock.o)
 .ARM.attributes
                0x00000000000004f9       0x34 /usr/local/Cellar/arm-none-eabi-gcc/10.3-2021.07/gcc/bin/../lib/gcc/arm-none-eabi/10.3.1/../../../../arm-none-eabi/lib/thumb/v7e-m+fp/hard/libc_nano.a(lib_a-nano-vfprintf.o)
 .ARM.attributes
                0x000000000000052d       0x34 /usr/local/Cellar/arm-none-eabi-gcc/10.3-2021.07/gcc/bin/../lib/gcc/arm-none-eabi/10.3.1/../../../../arm-none-eabi/lib/thumb/v7e-m+fp/hard/libc_nano.a(lib_a-reent.o)
 .ARM.attributes
                0x0000000000000561       0x34 /usr/local/Cellar/arm-none-eabi-gcc/10.3-2021.07/gcc/bin/../lib/gcc/arm-none-eabi/10.3.1/../../../../arm-none-eabi/lib/thumb/v7e-m+fp/hard/libc_nano.a(lib_a-wbuf.o)
 .ARM.attributes
                0x0000000000000595       0x34 /usr/local/Cellar/arm-none-eabi-gcc/10.3-2021.07/gcc/bin/../lib/gcc/arm-none-eabi/10.3.1/../../../../arm-none-eabi/lib/thumb/v7e-m+fp/hard/libc_nano.a(lib_a-wctomb_r.o)
 .ARM.attributes
                0x00000000000005c9       0x34 /usr/local/Cellar/arm-none-eabi-gcc/10.3-2021.07/gcc/bin/../lib/gcc/arm-none-eabi/10.3.1/../../../../arm-none-eabi/lib/thumb/v7e-m+fp/hard/libc_nano.a(lib_a-wsetup.o)
 .ARM.attributes
                0x00000000000005fd       0x34 /usr/local/Cellar/arm-none-eabi-gcc/10.3-2021.07/gcc/bin/../lib/gcc/arm-none-eabi/10.3.1/../../../../arm-none-eabi/lib/thumb/v7e-m+fp/hard/libc_nano.a(lib_a-abort.o)
 .ARM.attributes
                0x0000000000000631       0x32 /usr/local/Cellar/arm-none-eabi-gcc/10.3-2021.07/gcc/bin/../lib/gcc/arm-none-eabi/10.3.1/../../../../arm-none-eabi/lib/thumb/v7e-m+fp/hard/libc_nano.a(lib_a-ctype_.o)
 .ARM.attributes
                0x0000000000000663       0x34 /usr/local/Cellar/arm-none-eabi-gcc/10.3-2021.07/gcc/bin/../lib/gcc/arm-none-eabi/10.3.1/../../../../arm-none-eabi/lib/thumb/v7e-m+fp/hard/libc_nano.a(lib_a-fflush.o)
 .ARM.attributes
                0x0000000000000697       0x34 /usr/local/Cellar/arm-none-eabi-gcc/10.3-2021.07/gcc/bin/../lib/gcc/arm-none-eabi/10.3.1/../../../../arm-none-eabi/lib/thumb/v7e-m+fp/hard/libc_nano.a(lib_a-findfp.o)
 .ARM.attributes
                0x00000000000006cb       0x34 /usr/local/Cellar/arm-none-eabi-gcc/10.3-2021.07/gcc/bin/../lib/gcc/arm-none-eabi/10.3.1/../../../../arm-none-eabi/lib/thumb/v7e-m+fp/hard/libc_nano.a(lib_a-fwalk.o)
 .ARM.attributes
                0x00000000000006ff       0x34 /usr/local/Cellar/arm-none-eabi-gcc/10.3-2021.07/gcc/bin/../lib/gcc/arm-none-eabi/10.3.1/../../../../arm-none-eabi/lib/thumb/v7e-m+fp/hard/libc_nano.a(lib_a-makebuf.o)
 .ARM.attributes
                0x0000000000000733       0x34 /usr/local/Cellar/arm-none-eabi-gcc/10.3-2021.07/gcc/bin/../lib/gcc/arm-none-eabi/10.3.1/../../../../arm-none-eabi/lib/thumb/v7e-m+fp/hard/libc_nano.a(lib_a-signal.o)
 .ARM.attributes
                0x0000000000000767       0x34 /usr/local/Cellar/arm-none-eabi-gcc/10.3-2021.07/gcc/bin/../lib/gcc/arm-none-eabi/10.3.1/../../../../arm-none-eabi/lib/thumb/v7e-m+fp/hard/libc_nano.a(lib_a-signalr.o)
 .ARM.attributes
                0x000000000000079b       0x34 /usr/local/Cellar/arm-none-eabi-gcc/10.3-2021.07/gcc/bin/../lib/gcc/arm-none-eabi/10.3.1/../../../../arm-none-eabi/lib/thumb/v7e-m+fp/hard/libc_nano.a(lib_a-stdio.o)
 .ARM.attributes
                0x00000000000007cf       0x34 /usr/local/Cellar/arm-none-eabi-gcc/10.3-2021.07/gcc/bin/../lib/gcc/arm-none-eabi/10.3.1/../../../../arm-none-eabi/lib/thumb/v7e-m+fp/hard/libc_nano.a(lib_a-writer.o)
 .ARM.attributes
                0x0000000000000803       0x34 /usr/local/Cellar/arm-none-eabi-gcc/10.3-2021.07/gcc/bin/../lib/gcc/arm-none-eabi/10.3.1/../../../../arm-none-eabi/lib/thumb/v7e-m+fp/hard/libc_nano.a(lib_a-closer.o)
 .ARM.attributes
                0x0000000000000837       0x34 /usr/local/Cellar/arm-none-eabi-gcc/10.3-2021.07/gcc/bin/../lib/gcc/arm-none-eabi/10.3.1/../../../../arm-none-eabi/lib/thumb/v7e-m+fp/hard/libc_nano.a(lib_a-fstatr.o)
 .ARM.attributes
                0x000000000000086b       0x34 /usr/local/Cellar/arm-none-eabi-gcc/10.3-2021.07/gcc/bin/../lib/gcc/arm-none-eabi/10.3.1/../../../../arm-none-eabi/lib/thumb/v7e-m+fp/hard/libc_nano.a(lib_a-isattyr.o)
 .ARM.attributes
                0x000000000000089f       0x34 /usr/local/Cellar/arm-none-eabi-gcc/10.3-2021.07/gcc/bin/../lib/gcc/arm-none-eabi/10.3.1/../../../../arm-none-eabi/lib/thumb/v7e-m+fp/hard/libc_nano.a(lib_a-lseekr.o)
 .ARM.attributes
                0x00000000000008d3       0x34 /usr/local/Cellar/arm-none-eabi-gcc/10.3-2021.07/gcc/bin/../lib/gcc/arm-none-eabi/10.3.1/../../../../arm-none-eabi/lib/thumb/v7e-m+fp/hard/libc_nano.a(lib_a-readr.o)
 .ARM.attributes
                0x0000000000000907       0x1e /usr/local/Cellar/arm-none-eabi-gcc/10.3-2021.07/gcc/bin/../lib/gcc/arm-none-eabi/10.3.1/thumb/v7e-m+fp/hard/libgcc.a(_arm_addsubdf3.o)
 .ARM.attributes
                0x0000000000000925       0x1e /usr/local/Cellar/arm-none-eabi-gcc/10.3-2021.07/gcc/bin/../lib/gcc/arm-none-eabi/10.3.1/thumb/v7e-m+fp/hard/libgcc.a(_arm_muldivdf3.o)
 .ARM.attributes
                0x0000000000000943       0x1e /usr/local/Cellar/arm-none-eabi-gcc/10.3-2021.07/gcc/bin/../lib/gcc/arm-none-eabi/10.3.1/thumb/v7e-m+fp/hard/libgcc.a(_arm_cmpdf2.o)
 .ARM.attributes
                0x0000000000000961       0x1e /usr/local/Cellar/arm-none-eabi-gcc/10.3-2021.07/gcc/bin/../lib/gcc/arm-none-eabi/10.3.1/thumb/v7e-m+fp/hard/libgcc.a(_arm_unorddf2.o)
 .ARM.attributes
                0x000000000000097f       0x1e /usr/local/Cellar/arm-none-eabi-gcc/10.3-2021.07/gcc/bin/../lib/gcc/arm-none-eabi/10.3.1/thumb/v7e-m+fp/hard/libgcc.a(_arm_fixdfsi.o)
 .ARM.attributes
                0x000000000000099d       0x34 /usr/local/Cellar/arm-none-eabi-gcc/10.3-2021.07/gcc/bin/../lib/gcc/arm-none-eabi/10.3.1/../../../../arm-none-eabi/lib/thumb/v7e-m+fp/hard/libnosys.a(getpid.o)
 .ARM.attributes
                0x00000000000009d1       0x34 /usr/local/Cellar/arm-none-eabi-gcc/10.3-2021.07/gcc/bin/../lib/gcc/arm-none-eabi/10.3.1/../../../../arm-none-eabi/lib/thumb/v7e-m+fp/hard/libnosys.a(kill.o)
 .ARM.attributes
                0x0000000000000a05       0x1e /usr/local/Cellar/arm-none-eabi-gcc/10.3-2021.07/gcc/bin/../lib/gcc/arm-none-eabi/10.3.1/thumb/v7e-m+fp/hard/crtn.o

.comment        0x0000000000000000       0x49
 .comment       0x0000000000000000       0x4a /var/folders/vb/jgxdfp997zncd3gd8bnywpm00000gn/T//main.axf.i0gIwj.ltrans0.ltrans.o
 .comment       0x0000000000000000       0x49 ../../../driverlib/gcc-cm4f/libdriver-cm4f.a(gpio.o)
                                         0x4a (size before relaxing)
 .comment       0x0000000000000049       0x4a ../../../driverlib/gcc-cm4f/libdriver-cm4f.a(sysctl.o)

.debug_frame    0x0000000000000000     0x10c4
 .debug_frame   0x0000000000000000       0x2c /usr/local/Cellar/arm-none-eabi-gcc/10.3-2021.07/gcc/bin/../lib/gcc/arm-none-eabi/10.3.1/../../../../arm-none-eabi/lib/thumb/v7e-m+fp/hard/libc.a(lib_a-memset.o)
 .debug_frame   0x000000000000002c       0xb0 /usr/local/Cellar/arm-none-eabi-gcc/10.3-2021.07/gcc/bin/../lib/gcc/arm-none-eabi/10.3.1/../../../../arm-none-eabi/lib/thumb/v7e-m+fp/hard/libc.a(lib_a-lock.o)
 .debug_frame   0x00000000000000dc       0x20 /usr/local/Cellar/arm-none-eabi-gcc/10.3-2021.07/gcc/bin/../lib/gcc/arm-none-eabi/10.3.1/../../../../arm-none-eabi/lib/thumb/v7e-m+fp/hard/libnosys.a(_exit.o)
 .debug_frame   0x00000000000000fc       0xa0 /usr/local/Cellar/arm-none-eabi-gcc/10.3-2021.07/gcc/bin/../lib/gcc/arm-none-eabi/10.3.1/../../../../arm-none-eabi/lib/thumb/v7e-m+fp/hard/libc_nano.a(lib_a-nano-vfprintf_float.o)
 .debug_frame   0x000000000000019c       0x60 /usr/local/Cellar/arm-none-eabi-gcc/10.3-2021.07/gcc/bin/../lib/gcc/arm-none-eabi/10.3.1/../../../../arm-none-eabi/lib/thumb/v7e-m+fp/hard/libc_nano.a(lib_a-nano-vfprintf_i.o)
 .debug_frame   0x00000000000001fc       0x88 /usr/local/Cellar/arm-none-eabi-gcc/10.3-2021.07/gcc/bin/../lib/gcc/arm-none-eabi/10.3.1/../../../../arm-none-eabi/lib/thumb/v7e-m+fp/hard/libc_nano.a(lib_a-dtoa.o)
 .debug_frame   0x0000000000000284       0x40 /usr/local/Cellar/arm-none-eabi-gcc/10.3-2021.07/gcc/bin/../lib/gcc/arm-none-eabi/10.3.1/../../../../arm-none-eabi/lib/thumb/v7e-m+fp/hard/libc_nano.a(lib_a-localeconv.o)
 .debug_frame   0x00000000000002c4       0x30 /usr/local/Cellar/arm-none-eabi-gcc/10.3-2021.07/gcc/bin/../lib/gcc/arm-none-eabi/10.3.1/../../../../arm-none-eabi/lib/thumb/v7e-m+fp/hard/libc_nano.a(lib_a-malloc.o)
 .debug_frame   0x00000000000002f4       0x28 /usr/local/Cellar/arm-none-eabi-gcc/10.3-2021.07/gcc/bin/../lib/gcc/arm-none-eabi/10.3.1/../../../../arm-none-eabi/lib/thumb/v7e-m+fp/hard/libc_nano.a(lib_a-memcpy-stub.o)
 .debug_frame   0x000000000000031c      0x25c /usr/local/Cellar/arm-none-eabi-gcc/10.3-2021.07/gcc/bin/../lib/gcc/arm-none-eabi/10.3.1/../../../../arm-none-eabi/lib/thumb/v7e-m+fp/hard/libc_nano.a(lib_a-mprec.o)
 .debug_frame   0x0000000000000578       0x30 /usr/local/Cellar/arm-none-eabi-gcc/10.3-2021.07/gcc/bin/../lib/gcc/arm-none-eabi/10.3.1/../../../../arm-none-eabi/lib/thumb/v7e-m+fp/hard/libc_nano.a(lib_a-nano-callocr.o)
 .debug_frame   0x00000000000005a8       0x38 /usr/local/Cellar/arm-none-eabi-gcc/10.3-2021.07/gcc/bin/../lib/gcc/arm-none-eabi/10.3.1/../../../../arm-none-eabi/lib/thumb/v7e-m+fp/hard/libc_nano.a(lib_a-nano-freer.o)
 .debug_frame   0x00000000000005e0       0x4c /usr/local/Cellar/arm-none-eabi-gcc/10.3-2021.07/gcc/bin/../lib/gcc/arm-none-eabi/10.3.1/../../../../arm-none-eabi/lib/thumb/v7e-m+fp/hard/libc_nano.a(lib_a-nano-mallocr.o)
 .debug_frame   0x000000000000062c       0x2c /usr/local/Cellar/arm-none-eabi-gcc/10.3-2021.07/gcc/bin/../lib/gcc/arm-none-eabi/10.3.1/../../../../arm-none-eabi/lib/thumb/v7e-m+fp/hard/libc_nano.a(lib_a-sbrkr.o)
 .debug_frame   0x0000000000000658       0x40 /usr/local/Cellar/arm-none-eabi-gcc/10.3-2021.07/gcc/bin/../lib/gcc/arm-none-eabi/10.3.1/../../../../arm-none-eabi/lib/thumb/v7e-m+fp/hard/libc_nano.a(lib_a-assert.o)
 .debug_frame   0x0000000000000698       0x64 /usr/local/Cellar/arm-none-eabi-gcc/10.3-2021.07/gcc/bin/../lib/gcc/arm-none-eabi/10.3.1/../../../../arm-none-eabi/lib/thumb/v7e-m+fp/hard/libc_nano.a(lib_a-fprintf.o)
 .debug_frame   0x00000000000006fc       0x48 /usr/local/Cellar/arm-none-eabi-gcc/10.3-2021.07/gcc/bin/../lib/gcc/arm-none-eabi/10.3.1/../../../../arm-none-eabi/lib/thumb/v7e-m+fp/hard/libc_nano.a(lib_a-locale.o)
 .debug_frame   0x0000000000000744       0x48 /usr/local/Cellar/arm-none-eabi-gcc/10.3-2021.07/gcc/bin/../lib/gcc/arm-none-eabi/10.3.1/../../../../arm-none-eabi/lib/thumb/v7e-m+fp/hard/libc_nano.a(lib_a-mbtowc_r.o)
 .debug_frame   0x000000000000078c       0x30 /usr/local/Cellar/arm-none-eabi-gcc/10.3-2021.07/gcc/bin/../lib/gcc/arm-none-eabi/10.3.1/../../../../arm-none-eabi/lib/thumb/v7e-m+fp/hard/libc_nano.a(lib_a-mlock.o)
 .debug_frame   0x00000000000007bc       0xac /usr/local/Cellar/arm-none-eabi-gcc/10.3-2021.07/gcc/bin/../lib/gcc/arm-none-eabi/10.3.1/../../../../arm-none-eabi/lib/thumb/v7e-m+fp/hard/libc_nano.a(lib_a-nano-vfprintf.o)
 .debug_frame   0x0000000000000868       0x5c /usr/local/Cellar/arm-none-eabi-gcc/10.3-2021.07/gcc/bin/../lib/gcc/arm-none-eabi/10.3.1/../../../../arm-none-eabi/lib/thumb/v7e-m+fp/hard/libc_nano.a(lib_a-reent.o)
 .debug_frame   0x00000000000008c4       0x40 /usr/local/Cellar/arm-none-eabi-gcc/10.3-2021.07/gcc/bin/../lib/gcc/arm-none-eabi/10.3.1/../../../../arm-none-eabi/lib/thumb/v7e-m+fp/hard/libc_nano.a(lib_a-wbuf.o)
 .debug_frame   0x0000000000000904       0x3c /usr/local/Cellar/arm-none-eabi-gcc/10.3-2021.07/gcc/bin/../lib/gcc/arm-none-eabi/10.3.1/../../../../arm-none-eabi/lib/thumb/v7e-m+fp/hard/libc_nano.a(lib_a-wctomb_r.o)
 .debug_frame   0x0000000000000940       0x2c /usr/local/Cellar/arm-none-eabi-gcc/10.3-2021.07/gcc/bin/../lib/gcc/arm-none-eabi/10.3.1/../../../../arm-none-eabi/lib/thumb/v7e-m+fp/hard/libc_nano.a(lib_a-wsetup.o)
 .debug_frame   0x000000000000096c       0x28 /usr/local/Cellar/arm-none-eabi-gcc/10.3-2021.07/gcc/bin/../lib/gcc/arm-none-eabi/10.3.1/../../../../arm-none-eabi/lib/thumb/v7e-m+fp/hard/libc_nano.a(lib_a-abort.o)
 .debug_frame   0x0000000000000994       0x5c /usr/local/Cellar/arm-none-eabi-gcc/10.3-2021.07/gcc/bin/../lib/gcc/arm-none-eabi/10.3.1/../../../../arm-none-eabi/lib/thumb/v7e-m+fp/hard/libc_nano.a(lib_a-fflush.o)
 .debug_frame   0x00000000000009f0      0x14c /usr/local/Cellar/arm-none-eabi-gcc/10.3-2021.07/gcc/bin/../lib/gcc/arm-none-eabi/10.3.1/../../../../arm-none-eabi/lib/thumb/v7e-m+fp/hard/libc_nano.a(lib_a-findfp.o)
 .debug_frame   0x0000000000000b3c       0x54 /usr/local/Cellar/arm-none-eabi-gcc/10.3-2021.07/gcc/bin/../lib/gcc/arm-none-eabi/10.3.1/../../../../arm-none-eabi/lib/thumb/v7e-m+fp/hard/libc_nano.a(lib_a-fwalk.o)
 .debug_frame   0x0000000000000b90       0x58 /usr/local/Cellar/arm-none-eabi-gcc/10.3-2021.07/gcc/bin/../lib/gcc/arm-none-eabi/10.3.1/../../../../arm-none-eabi/lib/thumb/v7e-m+fp/hard/libc_nano.a(lib_a-makebuf.o)
 .debug_frame   0x0000000000000be8       0xcc /usr/local/Cellar/arm-none-eabi-gcc/10.3-2021.07/gcc/bin/../lib/gcc/arm-none-eabi/10.3.1/../../../../arm-none-eabi/lib/thumb/v7e-m+fp/hard/libc_nano.a(lib_a-signal.o)
 .debug_frame   0x0000000000000cb4       0x3c /usr/local/Cellar/arm-none-eabi-gcc/10.3-2021.07/gcc/bin/../lib/gcc/arm-none-eabi/10.3.1/../../../../arm-none-eabi/lib/thumb/v7e-m+fp/hard/libc_nano.a(lib_a-signalr.o)
 .debug_frame   0x0000000000000cf0       0x88 /usr/local/Cellar/arm-none-eabi-gcc/10.3-2021.07/gcc/bin/../lib/gcc/arm-none-eabi/10.3.1/../../../../arm-none-eabi/lib/thumb/v7e-m+fp/hard/libc_nano.a(lib_a-stdio.o)
 .debug_frame   0x0000000000000d78       0x2c /usr/local/Cellar/arm-none-eabi-gcc/10.3-2021.07/gcc/bin/../lib/gcc/arm-none-eabi/10.3.1/../../../../arm-none-eabi/lib/thumb/v7e-m+fp/hard/libc_nano.a(lib_a-writer.o)
 .debug_frame   0x0000000000000da4       0x2c /usr/local/Cellar/arm-none-eabi-gcc/10.3-2021.07/gcc/bin/../lib/gcc/arm-none-eabi/10.3.1/../../../../arm-none-eabi/lib/thumb/v7e-m+fp/hard/libc_nano.a(lib_a-closer.o)
 .debug_frame   0x0000000000000dd0       0x2c /usr/local/Cellar/arm-none-eabi-gcc/10.3-2021.07/gcc/bin/../lib/gcc/arm-none-eabi/10.3.1/../../../../arm-none-eabi/lib/thumb/v7e-m+fp/hard/libc_nano.a(lib_a-fstatr.o)
 .debug_frame   0x0000000000000dfc       0x2c /usr/local/Cellar/arm-none-eabi-gcc/10.3-2021.07/gcc/bin/../lib/gcc/arm-none-eabi/10.3.1/../../../../arm-none-eabi/lib/thumb/v7e-m+fp/hard/libc_nano.a(lib_a-isattyr.o)
 .debug_frame   0x0000000000000e28       0x2c /usr/local/Cellar/arm-none-eabi-gcc/10.3-2021.07/gcc/bin/../lib/gcc/arm-none-eabi/10.3.1/../../../../arm-none-eabi/lib/thumb/v7e-m+fp/hard/libc_nano.a(lib_a-lseekr.o)
 .debug_frame   0x0000000000000e54       0x2c /usr/local/Cellar/arm-none-eabi-gcc/10.3-2021.07/gcc/bin/../lib/gcc/arm-none-eabi/10.3.1/../../../../arm-none-eabi/lib/thumb/v7e-m+fp/hard/libc_nano.a(lib_a-readr.o)
 .debug_frame   0x0000000000000e80       0xac /usr/local/Cellar/arm-none-eabi-gcc/10.3-2021.07/gcc/bin/../lib/gcc/arm-none-eabi/10.3.1/thumb/v7e-m+fp/hard/libgcc.a(_arm_addsubdf3.o)
 .debug_frame   0x0000000000000f2c       0x50 /usr/local/Cellar/arm-none-eabi-gcc/10.3-2021.07/gcc/bin/../lib/gcc/arm-none-eabi/10.3.1/thumb/v7e-m+fp/hard/libgcc.a(_arm_muldivdf3.o)
 .debug_frame   0x0000000000000f7c       0xc4 /usr/local/Cellar/arm-none-eabi-gcc/10.3-2021.07/gcc/bin/../lib/gcc/arm-none-eabi/10.3.1/thumb/v7e-m+fp/hard/libgcc.a(_arm_cmpdf2.o)
 .debug_frame   0x0000000000001040       0x20 /usr/local/Cellar/arm-none-eabi-gcc/10.3-2021.07/gcc/bin/../lib/gcc/arm-none-eabi/10.3.1/thumb/v7e-m+fp/hard/libgcc.a(_arm_unorddf2.o)
 .debug_frame   0x0000000000001060       0x24 /usr/local/Cellar/arm-none-eabi-gcc/10.3-2021.07/gcc/bin/../lib/gcc/arm-none-eabi/10.3.1/thumb/v7e-m+fp/hard/libgcc.a(_arm_fixdfsi.o)
 .debug_frame   0x0000000000001084       0x20 /usr/local/Cellar/arm-none-eabi-gcc/10.3-2021.07/gcc/bin/../lib/gcc/arm-none-eabi/10.3.1/../../../../arm-none-eabi/lib/thumb/v7e-m+fp/hard/libnosys.a(getpid.o)
 .debug_frame   0x00000000000010a4       0x20 /usr/local/Cellar/arm-none-eabi-gcc/10.3-2021.07/gcc/bin/../lib/gcc/arm-none-eabi/10.3.1/../../../../arm-none-eabi/lib/thumb/v7e-m+fp/hard/libnosys.a(kill.o)

.stab           0x0000000000000000       0x3c
 .stab          0x0000000000000000       0x24 /usr/local/Cellar/arm-none-eabi-gcc/10.3-2021.07/gcc/bin/../lib/gcc/arm-none-eabi/10.3.1/../../../../arm-none-eabi/lib/thumb/v7e-m+fp/hard/libnosys.a(getpid.o)
 .stab          0x0000000000000024       0x18 /usr/local/Cellar/arm-none-eabi-gcc/10.3-2021.07/gcc/bin/../lib/gcc/arm-none-eabi/10.3.1/../../../../arm-none-eabi/lib/thumb/v7e-m+fp/hard/libnosys.a(kill.o)
                                         0x24 (size before relaxing)

.stabstr        0x0000000000000000       0x76
 .stabstr       0x0000000000000000       0x76 /usr/local/Cellar/arm-none-eabi-gcc/10.3-2021.07/gcc/bin/../lib/gcc/arm-none-eabi/10.3.1/../../../../arm-none-eabi/lib/thumb/v7e-m+fp/hard/libnosys.a(getpid.o)

Cross Reference Table

Symbol                                            File
CPUbasepriGet                                     ../../../driverlib/gcc-cm4f/libdriver-cm4f.a(cpu.o)
                                                  ../../../driverlib/gcc-cm4f/libdriver-cm4f.a(interrupt.o)
CPUbasepriSet                                     ../../../driverlib/gcc-cm4f/libdriver-cm4f.a(cpu.o)
                                                  ../../../driverlib/gcc-cm4f/libdriver-cm4f.a(interrupt.o)
CPUcpsid                                          ../../../driverlib/gcc-cm4f/libdriver-cm4f.a(cpu.o)
                                                  ../../../driverlib/gcc-cm4f/libdriver-cm4f.a(interrupt.o)
CPUcpsie                                          ../../../driverlib/gcc-cm4f/libdriver-cm4f.a(cpu.o)
                                                  ../../../driverlib/gcc-cm4f/libdriver-cm4f.a(interrupt.o)
CPUprimask                                        ../../../driverlib/gcc-cm4f/libdriver-cm4f.a(cpu.o)
CPUwfi                                            ../../../driverlib/gcc-cm4f/libdriver-cm4f.a(cpu.o)
                                                  ../../../driverlib/gcc-cm4f/libdriver-cm4f.a(sysctl.o)
DebugMon_Handler                                  gcc/src/startup_gcc.o (symbol from plugin)
GPIOADCTriggerDisable                             ../../../driverlib/gcc-cm4f/libdriver-cm4f.a(gpio.o)
GPIOADCTriggerEnable                              ../../../driverlib/gcc-cm4f/libdriver-cm4f.a(gpio.o)
GPIODMATriggerDisable                             ../../../driverlib/gcc-cm4f/libdriver-cm4f.a(gpio.o)
GPIODMATriggerEnable                              ../../../driverlib/gcc-cm4f/libdriver-cm4f.a(gpio.o)
GPIODirModeGet                                    ../../../driverlib/gcc-cm4f/libdriver-cm4f.a(gpio.o)
GPIODirModeSet                                    ../../../driverlib/gcc-cm4f/libdriver-cm4f.a(gpio.o)
GPIOIntTypeGet                                    ../../../driverlib/gcc-cm4f/libdriver-cm4f.a(gpio.o)
GPIOIntTypeSet                                    ../../../driverlib/gcc-cm4f/libdriver-cm4f.a(gpio.o)
GPIOPadConfigGet                                  ../../../driverlib/gcc-cm4f/libdriver-cm4f.a(gpio.o)
GPIOPadConfigSet                                  ../../../driverlib/gcc-cm4f/libdriver-cm4f.a(gpio.o)
GPIOPinConfigure                                  ../../../driverlib/gcc-cm4f/libdriver-cm4f.a(gpio.o)
                                                  /var/folders/vb/jgxdfp997zncd3gd8bnywpm00000gn/T//main.axf.i0gIwj.ltrans0.ltrans.o
                                                  gcc/src/main.o (symbol from plugin)
GPIOPinIntClear                                   ../../../driverlib/gcc-cm4f/libdriver-cm4f.a(gpio.o)
GPIOPinIntDisable                                 ../../../driverlib/gcc-cm4f/libdriver-cm4f.a(gpio.o)
GPIOPinIntEnable                                  ../../../driverlib/gcc-cm4f/libdriver-cm4f.a(gpio.o)
GPIOPinIntStatus                                  ../../../driverlib/gcc-cm4f/libdriver-cm4f.a(gpio.o)
GPIOPinRead                                       ../../../driverlib/gcc-cm4f/libdriver-cm4f.a(gpio.o)
GPIOPinTypeADC                                    ../../../driverlib/gcc-cm4f/libdriver-cm4f.a(gpio.o)
GPIOPinTypeCAN                                    ../../../driverlib/gcc-cm4f/libdriver-cm4f.a(gpio.o)
GPIOPinTypeComparator                             ../../../driverlib/gcc-cm4f/libdriver-cm4f.a(gpio.o)
GPIOPinTypeEPI                                    ../../../driverlib/gcc-cm4f/libdriver-cm4f.a(gpio.o)
GPIOPinTypeEthernetLED                            ../../../driverlib/gcc-cm4f/libdriver-cm4f.a(gpio.o)
GPIOPinTypeEthernetMII                            ../../../driverlib/gcc-cm4f/libdriver-cm4f.a(gpio.o)
GPIOPinTypeFan                                    ../../../driverlib/gcc-cm4f/libdriver-cm4f.a(gpio.o)
GPIOPinTypeGPIOInput                              ../../../driverlib/gcc-cm4f/libdriver-cm4f.a(gpio.o)
GPIOPinTypeGPIOOutput                             ../../../driverlib/gcc-cm4f/libdriver-cm4f.a(gpio.o)
GPIOPinTypeGPIOOutputOD                           ../../../driverlib/gcc-cm4f/libdriver-cm4f.a(gpio.o)
GPIOPinTypeI2C                                    ../../../driverlib/gcc-cm4f/libdriver-cm4f.a(gpio.o)
GPIOPinTypeI2CSCL                                 ../../../driverlib/gcc-cm4f/libdriver-cm4f.a(gpio.o)
GPIOPinTypeI2S                                    ../../../driverlib/gcc-cm4f/libdriver-cm4f.a(gpio.o)
GPIOPinTypeLPC                                    ../../../driverlib/gcc-cm4f/libdriver-cm4f.a(gpio.o)
GPIOPinTypePECIRx                                 ../../../driverlib/gcc-cm4f/libdriver-cm4f.a(gpio.o)
GPIOPinTypePECITx                                 ../../../driverlib/gcc-cm4f/libdriver-cm4f.a(gpio.o)
GPIOPinTypePWM                                    ../../../driverlib/gcc-cm4f/libdriver-cm4f.a(gpio.o)
GPIOPinTypeQEI                                    ../../../driverlib/gcc-cm4f/libdriver-cm4f.a(gpio.o)
GPIOPinTypeSSI                                    ../../../driverlib/gcc-cm4f/libdriver-cm4f.a(gpio.o)
GPIOPinTypeTimer                                  ../../../driverlib/gcc-cm4f/libdriver-cm4f.a(gpio.o)
GPIOPinTypeUART                                   ../../../driverlib/gcc-cm4f/libdriver-cm4f.a(gpio.o)
GPIOPinTypeUSBAnalog                              ../../../driverlib/gcc-cm4f/libdriver-cm4f.a(gpio.o)
GPIOPinTypeUSBDigital                             ../../../driverlib/gcc-cm4f/libdriver-cm4f.a(gpio.o)
GPIOPinWrite                                      ../../../driverlib/gcc-cm4f/libdriver-cm4f.a(gpio.o)
                                                  /var/folders/vb/jgxdfp997zncd3gd8bnywpm00000gn/T//main.axf.i0gIwj.ltrans0.ltrans.o
                                                  gcc/src/main.o (symbol from plugin)
GPIOPortIntRegister                               ../../../driverlib/gcc-cm4f/libdriver-cm4f.a(gpio.o)
GPIOPortIntUnregister                             ../../../driverlib/gcc-cm4f/libdriver-cm4f.a(gpio.o)
IntDisable                                        ../../../driverlib/gcc-cm4f/libdriver-cm4f.a(interrupt.o)
                                                  ../../../driverlib/gcc-cm4f/libdriver-cm4f.a(sysctl.o)
                                                  ../../../driverlib/gcc-cm4f/libdriver-cm4f.a(gpio.o)
IntEnable                                         ../../../driverlib/gcc-cm4f/libdriver-cm4f.a(interrupt.o)
                                                  ../../../driverlib/gcc-cm4f/libdriver-cm4f.a(sysctl.o)
                                                  ../../../driverlib/gcc-cm4f/libdriver-cm4f.a(gpio.o)
IntIsEnabled                                      ../../../driverlib/gcc-cm4f/libdriver-cm4f.a(interrupt.o)
IntMasterDisable                                  ../../../driverlib/gcc-cm4f/libdriver-cm4f.a(interrupt.o)
IntMasterEnable                                   ../../../driverlib/gcc-cm4f/libdriver-cm4f.a(interrupt.o)
IntPendClear                                      ../../../driverlib/gcc-cm4f/libdriver-cm4f.a(interrupt.o)
IntPendSet                                        ../../../driverlib/gcc-cm4f/libdriver-cm4f.a(interrupt.o)
IntPriorityGet                                    ../../../driverlib/gcc-cm4f/libdriver-cm4f.a(interrupt.o)
IntPriorityGroupingGet                            ../../../driverlib/gcc-cm4f/libdriver-cm4f.a(interrupt.o)
IntPriorityGroupingSet                            ../../../driverlib/gcc-cm4f/libdriver-cm4f.a(interrupt.o)
IntPriorityMaskGet                                ../../../driverlib/gcc-cm4f/libdriver-cm4f.a(interrupt.o)
IntPriorityMaskSet                                ../../../driverlib/gcc-cm4f/libdriver-cm4f.a(interrupt.o)
IntPrioritySet                                    ../../../driverlib/gcc-cm4f/libdriver-cm4f.a(interrupt.o)
IntRegister                                       ../../../driverlib/gcc-cm4f/libdriver-cm4f.a(interrupt.o)
                                                  ../../../driverlib/gcc-cm4f/libdriver-cm4f.a(sysctl.o)
                                                  ../../../driverlib/gcc-cm4f/libdriver-cm4f.a(gpio.o)
IntUnregister                                     ../../../driverlib/gcc-cm4f/libdriver-cm4f.a(interrupt.o)
                                                  ../../../driverlib/gcc-cm4f/libdriver-cm4f.a(sysctl.o)
                                                  ../../../driverlib/gcc-cm4f/libdriver-cm4f.a(gpio.o)
PendSV_Handler                                    gcc/FreeRTOS-Kernel/portable/GCC/ARM_CM4F/port.o (symbol from plugin)
                                                  gcc/src/startup_gcc.o (symbol from plugin)
ResetISR                                          /var/folders/vb/jgxdfp997zncd3gd8bnywpm00000gn/T//main.axf.i0gIwj.ltrans0.ltrans.o
                                                  gcc/src/startup_gcc.o (symbol from plugin)
SVC_Handler                                       gcc/FreeRTOS-Kernel/portable/GCC/ARM_CM4F/port.o (symbol from plugin)
                                                  gcc/src/startup_gcc.o (symbol from plugin)
SysCtlADCSpeedGet                                 ../../../driverlib/gcc-cm4f/libdriver-cm4f.a(sysctl.o)
SysCtlADCSpeedSet                                 ../../../driverlib/gcc-cm4f/libdriver-cm4f.a(sysctl.o)
SysCtlBrownOutConfigSet                           ../../../driverlib/gcc-cm4f/libdriver-cm4f.a(sysctl.o)
SysCtlClkVerificationClear                        ../../../driverlib/gcc-cm4f/libdriver-cm4f.a(sysctl.o)
SysCtlClockGet                                    ../../../driverlib/gcc-cm4f/libdriver-cm4f.a(sysctl.o)
                                                  /var/folders/vb/jgxdfp997zncd3gd8bnywpm00000gn/T//main.axf.i0gIwj.ltrans0.ltrans.o
                                                  gcc/src/main.o (symbol from plugin)
SysCtlClockSet                                    ../../../driverlib/gcc-cm4f/libdriver-cm4f.a(sysctl.o)
SysCtlDeepSleep                                   ../../../driverlib/gcc-cm4f/libdriver-cm4f.a(sysctl.o)
SysCtlDeepSleepClockSet                           ../../../driverlib/gcc-cm4f/libdriver-cm4f.a(sysctl.o)
SysCtlDelay                                       ../../../driverlib/gcc-cm4f/libdriver-cm4f.a(sysctl.o)
                                                  /var/folders/vb/jgxdfp997zncd3gd8bnywpm00000gn/T//main.axf.i0gIwj.ltrans0.ltrans.o
                                                  gcc/src/main.o (symbol from plugin)
SysCtlFlashSizeGet                                ../../../driverlib/gcc-cm4f/libdriver-cm4f.a(sysctl.o)
SysCtlGPIOAHBDisable                              ../../../driverlib/gcc-cm4f/libdriver-cm4f.a(sysctl.o)
SysCtlGPIOAHBEnable                               ../../../driverlib/gcc-cm4f/libdriver-cm4f.a(sysctl.o)
SysCtlI2SMClkSet                                  ../../../driverlib/gcc-cm4f/libdriver-cm4f.a(sysctl.o)
SysCtlIOSCVerificationSet                         ../../../driverlib/gcc-cm4f/libdriver-cm4f.a(sysctl.o)
SysCtlIntClear                                    ../../../driverlib/gcc-cm4f/libdriver-cm4f.a(sysctl.o)
SysCtlIntDisable                                  ../../../driverlib/gcc-cm4f/libdriver-cm4f.a(sysctl.o)
SysCtlIntEnable                                   ../../../driverlib/gcc-cm4f/libdriver-cm4f.a(sysctl.o)
SysCtlIntRegister                                 ../../../driverlib/gcc-cm4f/libdriver-cm4f.a(sysctl.o)
SysCtlIntStatus                                   ../../../driverlib/gcc-cm4f/libdriver-cm4f.a(sysctl.o)
SysCtlIntUnregister                               ../../../driverlib/gcc-cm4f/libdriver-cm4f.a(sysctl.o)
SysCtlLDOConfigSet                                ../../../driverlib/gcc-cm4f/libdriver-cm4f.a(sysctl.o)
SysCtlLDOGet                                      ../../../driverlib/gcc-cm4f/libdriver-cm4f.a(sysctl.o)
SysCtlLDOSet                                      ../../../driverlib/gcc-cm4f/libdriver-cm4f.a(sysctl.o)
SysCtlMOSCConfigSet                               ../../../driverlib/gcc-cm4f/libdriver-cm4f.a(sysctl.o)
SysCtlMOSCVerificationSet                         ../../../driverlib/gcc-cm4f/libdriver-cm4f.a(sysctl.o)
SysCtlPIOSCCalibrate                              ../../../driverlib/gcc-cm4f/libdriver-cm4f.a(sysctl.o)
SysCtlPLLVerificationSet                          ../../../driverlib/gcc-cm4f/libdriver-cm4f.a(sysctl.o)
SysCtlPWMClockGet                                 ../../../driverlib/gcc-cm4f/libdriver-cm4f.a(sysctl.o)
SysCtlPWMClockSet                                 ../../../driverlib/gcc-cm4f/libdriver-cm4f.a(sysctl.o)
SysCtlPeripheralClockGating                       ../../../driverlib/gcc-cm4f/libdriver-cm4f.a(sysctl.o)
SysCtlPeripheralDeepSleepDisable                  ../../../driverlib/gcc-cm4f/libdriver-cm4f.a(sysctl.o)
SysCtlPeripheralDeepSleepEnable                   ../../../driverlib/gcc-cm4f/libdriver-cm4f.a(sysctl.o)
SysCtlPeripheralDisable                           ../../../driverlib/gcc-cm4f/libdriver-cm4f.a(sysctl.o)
SysCtlPeripheralEnable                            ../../../driverlib/gcc-cm4f/libdriver-cm4f.a(sysctl.o)
SysCtlPeripheralPowerOff                          ../../../driverlib/gcc-cm4f/libdriver-cm4f.a(sysctl.o)
SysCtlPeripheralPowerOn                           ../../../driverlib/gcc-cm4f/libdriver-cm4f.a(sysctl.o)
SysCtlPeripheralPresent                           ../../../driverlib/gcc-cm4f/libdriver-cm4f.a(sysctl.o)
SysCtlPeripheralReady                             ../../../driverlib/gcc-cm4f/libdriver-cm4f.a(sysctl.o)
SysCtlPeripheralReset                             ../../../driverlib/gcc-cm4f/libdriver-cm4f.a(sysctl.o)
SysCtlPeripheralSleepDisable                      ../../../driverlib/gcc-cm4f/libdriver-cm4f.a(sysctl.o)
SysCtlPeripheralSleepEnable                       ../../../driverlib/gcc-cm4f/libdriver-cm4f.a(sysctl.o)
SysCtlPinPresent                                  ../../../driverlib/gcc-cm4f/libdriver-cm4f.a(sysctl.o)
SysCtlReset                                       ../../../driverlib/gcc-cm4f/libdriver-cm4f.a(sysctl.o)
SysCtlResetCauseClear                             ../../../driverlib/gcc-cm4f/libdriver-cm4f.a(sysctl.o)
SysCtlResetCauseGet                               ../../../driverlib/gcc-cm4f/libdriver-cm4f.a(sysctl.o)
SysCtlSRAMSizeGet                                 ../../../driverlib/gcc-cm4f/libdriver-cm4f.a(sysctl.o)
SysCtlSleep                                       ../../../driverlib/gcc-cm4f/libdriver-cm4f.a(sysctl.o)
SysCtlUSBPLLDisable                               ../../../driverlib/gcc-cm4f/libdriver-cm4f.a(sysctl.o)
SysCtlUSBPLLEnable                                ../../../driverlib/gcc-cm4f/libdriver-cm4f.a(sysctl.o)
SysTick_Handler                                   gcc/FreeRTOS-Kernel/portable/GCC/ARM_CM4F/port.o (symbol from plugin)
                                                  gcc/src/startup_gcc.o (symbol from plugin)
SystemCoreClock                                   gcc/src/main.o (symbol from plugin)
                                                  gcc/FreeRTOS-Kernel/portable/GCC/ARM_CM4F/port.o (symbol from plugin)
UARTIntHandler                                    gcc/src/main.o (symbol from plugin)
UARTSend                                          gcc/src/main.o (symbol from plugin)
_Balloc                                           /usr/local/Cellar/arm-none-eabi-gcc/10.3-2021.07/gcc/bin/../lib/gcc/arm-none-eabi/10.3.1/../../../../arm-none-eabi/lib/thumb/v7e-m+fp/hard/libc_nano.a(lib_a-mprec.o)
                                                  /usr/local/Cellar/arm-none-eabi-gcc/10.3-2021.07/gcc/bin/../lib/gcc/arm-none-eabi/10.3.1/../../../../arm-none-eabi/lib/thumb/v7e-m+fp/hard/libc_nano.a(lib_a-dtoa.o)
_Bfree                                            /usr/local/Cellar/arm-none-eabi-gcc/10.3-2021.07/gcc/bin/../lib/gcc/arm-none-eabi/10.3.1/../../../../arm-none-eabi/lib/thumb/v7e-m+fp/hard/libc_nano.a(lib_a-mprec.o)
                                                  /usr/local/Cellar/arm-none-eabi-gcc/10.3-2021.07/gcc/bin/../lib/gcc/arm-none-eabi/10.3.1/../../../../arm-none-eabi/lib/thumb/v7e-m+fp/hard/libc_nano.a(lib_a-dtoa.o)
_PathLocale                                       /usr/local/Cellar/arm-none-eabi-gcc/10.3-2021.07/gcc/bin/../lib/gcc/arm-none-eabi/10.3.1/../../../../arm-none-eabi/lib/thumb/v7e-m+fp/hard/libc_nano.a(lib_a-locale.o)
__adddf3                                          /usr/local/Cellar/arm-none-eabi-gcc/10.3-2021.07/gcc/bin/../lib/gcc/arm-none-eabi/10.3.1/thumb/v7e-m+fp/hard/libgcc.a(_arm_addsubdf3.o)
__aeabi_cdcmpeq                                   /usr/local/Cellar/arm-none-eabi-gcc/10.3-2021.07/gcc/bin/../lib/gcc/arm-none-eabi/10.3.1/thumb/v7e-m+fp/hard/libgcc.a(_arm_cmpdf2.o)
__aeabi_cdcmple                                   /usr/local/Cellar/arm-none-eabi-gcc/10.3-2021.07/gcc/bin/../lib/gcc/arm-none-eabi/10.3.1/thumb/v7e-m+fp/hard/libgcc.a(_arm_cmpdf2.o)
__aeabi_cdrcmple                                  /usr/local/Cellar/arm-none-eabi-gcc/10.3-2021.07/gcc/bin/../lib/gcc/arm-none-eabi/10.3.1/thumb/v7e-m+fp/hard/libgcc.a(_arm_cmpdf2.o)
__aeabi_d2iz                                      /usr/local/Cellar/arm-none-eabi-gcc/10.3-2021.07/gcc/bin/../lib/gcc/arm-none-eabi/10.3.1/thumb/v7e-m+fp/hard/libgcc.a(_arm_fixdfsi.o)
                                                  /usr/local/Cellar/arm-none-eabi-gcc/10.3-2021.07/gcc/bin/../lib/gcc/arm-none-eabi/10.3.1/../../../../arm-none-eabi/lib/thumb/v7e-m+fp/hard/libc_nano.a(lib_a-dtoa.o)
__aeabi_dadd                                      /usr/local/Cellar/arm-none-eabi-gcc/10.3-2021.07/gcc/bin/../lib/gcc/arm-none-eabi/10.3.1/thumb/v7e-m+fp/hard/libgcc.a(_arm_addsubdf3.o)
                                                  /usr/local/Cellar/arm-none-eabi-gcc/10.3-2021.07/gcc/bin/../lib/gcc/arm-none-eabi/10.3.1/../../../../arm-none-eabi/lib/thumb/v7e-m+fp/hard/libc_nano.a(lib_a-dtoa.o)
__aeabi_dcmpeq                                    /usr/local/Cellar/arm-none-eabi-gcc/10.3-2021.07/gcc/bin/../lib/gcc/arm-none-eabi/10.3.1/thumb/v7e-m+fp/hard/libgcc.a(_arm_cmpdf2.o)